Archive member included to satisfy reference by file (symbol)

/usr/lib/gcc/arm-none-eabi/10.3.1/thumb/v6-m/nofp/libgcc.a(_dvmd_tls.o)
                              CMakeFiles/msa.dir/home/pacmat/pico/pico-sdk/src/rp2_common/pico_divider/divider.S.obj (__aeabi_idiv0)
/usr/lib/gcc/arm-none-eabi/10.3.1/../../../arm-none-eabi/lib/thumb/v6-m/nofp/libg.a(lib_a-atexit.o)
                              /usr/lib/gcc/arm-none-eabi/10.3.1/../../../arm-none-eabi/lib/thumb/v6-m/nofp/crt0.o (atexit)
/usr/lib/gcc/arm-none-eabi/10.3.1/../../../arm-none-eabi/lib/thumb/v6-m/nofp/libg.a(lib_a-calloc.o)
                              CMakeFiles/msa.dir/home/pacmat/pico/pico-sdk/src/rp2_common/pico_malloc/pico_malloc.c.obj (calloc)
/usr/lib/gcc/arm-none-eabi/10.3.1/../../../arm-none-eabi/lib/thumb/v6-m/nofp/libg.a(lib_a-callocr.o)
                              /usr/lib/gcc/arm-none-eabi/10.3.1/../../../arm-none-eabi/lib/thumb/v6-m/nofp/libg.a(lib_a-calloc.o) (_calloc_r)
/usr/lib/gcc/arm-none-eabi/10.3.1/../../../arm-none-eabi/lib/thumb/v6-m/nofp/libg.a(lib_a-ctype_.o)
                              CMakeFiles/msa.dir/msa.c.obj (_ctype_)
/usr/lib/gcc/arm-none-eabi/10.3.1/../../../arm-none-eabi/lib/thumb/v6-m/nofp/libg.a(lib_a-fini.o)
                              /usr/lib/gcc/arm-none-eabi/10.3.1/../../../arm-none-eabi/lib/thumb/v6-m/nofp/crt0.o (__libc_fini_array)
/usr/lib/gcc/arm-none-eabi/10.3.1/../../../arm-none-eabi/lib/thumb/v6-m/nofp/libg.a(lib_a-impure.o)
                              /usr/lib/gcc/arm-none-eabi/10.3.1/../../../arm-none-eabi/lib/thumb/v6-m/nofp/libg.a(lib_a-calloc.o) (_impure_ptr)
/usr/lib/gcc/arm-none-eabi/10.3.1/../../../arm-none-eabi/lib/thumb/v6-m/nofp/libg.a(lib_a-init.o)
                              /usr/lib/gcc/arm-none-eabi/10.3.1/../../../arm-none-eabi/lib/thumb/v6-m/nofp/crt0.o (__libc_init_array)
/usr/lib/gcc/arm-none-eabi/10.3.1/../../../arm-none-eabi/lib/thumb/v6-m/nofp/libg.a(lib_a-malloc.o)
                              CMakeFiles/msa.dir/home/pacmat/pico/pico-sdk/src/rp2_common/pico_malloc/pico_malloc.c.obj (malloc)
/usr/lib/gcc/arm-none-eabi/10.3.1/../../../arm-none-eabi/lib/thumb/v6-m/nofp/libg.a(lib_a-mallocr.o)
                              /usr/lib/gcc/arm-none-eabi/10.3.1/../../../arm-none-eabi/lib/thumb/v6-m/nofp/libg.a(lib_a-callocr.o) (_malloc_r)
/usr/lib/gcc/arm-none-eabi/10.3.1/../../../arm-none-eabi/lib/thumb/v6-m/nofp/libg.a(lib_a-mlock.o)
                              /usr/lib/gcc/arm-none-eabi/10.3.1/../../../arm-none-eabi/lib/thumb/v6-m/nofp/libg.a(lib_a-mallocr.o) (__malloc_lock)
/usr/lib/gcc/arm-none-eabi/10.3.1/../../../arm-none-eabi/lib/thumb/v6-m/nofp/libg.a(lib_a-realloc.o)
                              CMakeFiles/msa.dir/home/pacmat/pico/pico-sdk/src/rp2_common/pico_malloc/pico_malloc.c.obj (realloc)
/usr/lib/gcc/arm-none-eabi/10.3.1/../../../arm-none-eabi/lib/thumb/v6-m/nofp/libg.a(lib_a-reallocr.o)
                              /usr/lib/gcc/arm-none-eabi/10.3.1/../../../arm-none-eabi/lib/thumb/v6-m/nofp/libg.a(lib_a-realloc.o) (_realloc_r)
/usr/lib/gcc/arm-none-eabi/10.3.1/../../../arm-none-eabi/lib/thumb/v6-m/nofp/libg.a(lib_a-sbrkr.o)
                              /usr/lib/gcc/arm-none-eabi/10.3.1/../../../arm-none-eabi/lib/thumb/v6-m/nofp/libg.a(lib_a-mallocr.o) (_sbrk_r)
/usr/lib/gcc/arm-none-eabi/10.3.1/../../../arm-none-eabi/lib/thumb/v6-m/nofp/libg.a(lib_a-strlen-stub.o)
                              CMakeFiles/msa.dir/home/pacmat/pico/pico-sdk/src/rp2_common/pico_stdio/stdio.c.obj (strlen)
/usr/lib/gcc/arm-none-eabi/10.3.1/../../../arm-none-eabi/lib/thumb/v6-m/nofp/libg.a(lib_a-__atexit.o)
                              /usr/lib/gcc/arm-none-eabi/10.3.1/../../../arm-none-eabi/lib/thumb/v6-m/nofp/libg.a(lib_a-atexit.o) (__register_exitproc)
/usr/lib/gcc/arm-none-eabi/10.3.1/../../../arm-none-eabi/lib/thumb/v6-m/nofp/libg.a(lib_a-freer.o)
                              /usr/lib/gcc/arm-none-eabi/10.3.1/../../../arm-none-eabi/lib/thumb/v6-m/nofp/libg.a(lib_a-malloc.o) (_free_r)
/usr/lib/gcc/arm-none-eabi/10.3.1/../../../arm-none-eabi/lib/thumb/v6-m/nofp/libg.a(lib_a-memmove.o)
                              /usr/lib/gcc/arm-none-eabi/10.3.1/../../../arm-none-eabi/lib/thumb/v6-m/nofp/libg.a(lib_a-reallocr.o) (memmove)
/usr/lib/gcc/arm-none-eabi/10.3.1/../../../arm-none-eabi/lib/thumb/v6-m/nofp/libg.a(lib_a-reent.o)
                              /usr/lib/gcc/arm-none-eabi/10.3.1/../../../arm-none-eabi/lib/thumb/v6-m/nofp/libg.a(lib_a-sbrkr.o) (errno)

Discarded input sections

 .text          0x0000000000000000        0x0 /usr/lib/gcc/arm-none-eabi/10.3.1/thumb/v6-m/nofp/crti.o
 .data          0x0000000000000000        0x0 /usr/lib/gcc/arm-none-eabi/10.3.1/thumb/v6-m/nofp/crti.o
 .bss           0x0000000000000000        0x0 /usr/lib/gcc/arm-none-eabi/10.3.1/thumb/v6-m/nofp/crti.o
 .data          0x0000000000000000        0x4 /usr/lib/gcc/arm-none-eabi/10.3.1/thumb/v6-m/nofp/crtbegin.o
[...]
Memory Configuration

Name             Origin             Length             Attributes
FLASH            0x0000000010000000 0x0000000000200000 xr
RAM              0x0000000020000000 0x0000000000040000 xrw
SCRATCH_X        0x0000000020040000 0x0000000000001000 xrw
SCRATCH_Y        0x0000000020041000 0x0000000000001000 xrw
*default*        0x0000000000000000 0xffffffffffffffff

Linker script and memory map

LOAD /usr/lib/gcc/arm-none-eabi/10.3.1/thumb/v6-m/nofp/crti.o
LOAD /usr/lib/gcc/arm-none-eabi/10.3.1/thumb/v6-m/nofp/crtbegin.o
LOAD /usr/lib/gcc/arm-none-eabi/10.3.1/../../../arm-none-eabi/lib/thumb/v6-m/nofp/crt0.o

.flash_begin    0x0000000010000000        0x0
                0x0000000010000000                __flash_binary_start = .

.boot2          0x0000000010000000      0x100
                0x0000000010000000                __boot2_start__ = .
 *(.boot2)
 .boot2         0x0000000010000000      0x100 /tmp/ccYZX5V8.o
                0x0000000010000100                __boot2_end__ = .
                0x0000000000000001                ASSERT (((__boot2_end__ - __boot2_start__) == 0x100), ERROR: Pico second stage bootloader must be 256 bytes in size)

.text           0x0000000010000100     0x7f30
                0x0000000010000100                __logical_binary_start = .
 *(.vectors)
 .vectors       0x0000000010000100       0xd4 CMakeFiles/msa.dir/home/pacmat/pico/pico-sdk/src/rp2_common/pico_standard_link/crt0.S.obj
                0x0000000010000100                __vectors
                0x0000000010000100                __VECTOR_TABLE
                0x00000000100001c0                isr_invalid
                0x00000000100001c0                __default_isrs_start
                0x00000000100001c2                isr_nmi
                0x00000000100001c4                isr_hardfault
                0x00000000100001c6                isr_svcall
                0x00000000100001c8                isr_pendsv
                0x00000000100001ca                isr_systick
                0x00000000100001cc                isr_irq30
                0x00000000100001cc                __unhandled_user_irq
                0x00000000100001cc                isr_irq13
                0x00000000100001cc                isr_irq27
                0x00000000100001cc                isr_irq31
                0x00000000100001cc                isr_irq5
                0x00000000100001cc                isr_irq11
                0x00000000100001cc                isr_irq23
                0x00000000100001cc                isr_irq18
                0x00000000100001cc                isr_irq28
                0x00000000100001cc                isr_irq19
                0x00000000100001cc                isr_irq0
                0x00000000100001cc                isr_irq6
                0x00000000100001cc                isr_irq22
                0x00000000100001cc                isr_irq17
                0x00000000100001cc                isr_irq14
                0x00000000100001cc                isr_irq2
                0x00000000100001cc                isr_irq10
                0x00000000100001cc                isr_irq8
                0x00000000100001cc                isr_irq24
                0x00000000100001cc                isr_irq1
                0x00000000100001cc                isr_irq7
                0x00000000100001cc                isr_irq21
                0x00000000100001cc                isr_irq20
                0x00000000100001cc                isr_irq15
                0x00000000100001cc                isr_irq25
                0x00000000100001cc                isr_irq4
                0x00000000100001cc                isr_irq16
                0x00000000100001cc                isr_irq29
                0x00000000100001cc                isr_irq26
                0x00000000100001cc                __default_isrs_end
                0x00000000100001cc                isr_irq3
                0x00000000100001cc                isr_irq12
                0x00000000100001cc                isr_irq9
                0x00000000100001d2                unhandled_user_irq_num_in_r0
 *(.binary_info_header)
 .binary_info_header
                0x00000000100001d4       0x14 CMakeFiles/msa.dir/home/pacmat/pico/pico-sdk/src/rp2_common/pico_standard_link/crt0.S.obj
                0x00000000100001e8                __binary_info_header_end = .
 *(.reset)
 .reset         0x00000000100001e8       0xa0 CMakeFiles/msa.dir/home/pacmat/pico/pico-sdk/src/rp2_common/pico_standard_link/crt0.S.obj
                0x00000000100001e8                _entry_point
 .reset         0x0000000010000288       0x30 CMakeFiles/msa.dir/home/pacmat/pico/pico-sdk/src/rp2_common/pico_standard_link/binary_info.c.obj
 *(.init)
 .init          0x00000000100002b8        0x4 /usr/lib/gcc/arm-none-eabi/10.3.1/thumb/v6-m/nofp/crti.o
                0x00000000100002b8                _init
 *(EXCLUDE_FILE(*libm.a: *libc.a:*lib_a-mem*.o *libgcc.a:) .text*)
 .text          0x00000000100002bc       0x98 /usr/lib/gcc/arm-none-eabi/10.3.1/thumb/v6-m/nofp/crtbegin.o
 .text.reverse  0x0000000010000354       0x30 CMakeFiles/msa.dir/msa.c.obj
 .text.FillReversedCache
                0x0000000010000384       0x28 CMakeFiles/msa.dir/msa.c.obj
 .text.WriteChar
                0x00000000100003ac       0x88 CMakeFiles/msa.dir/msa.c.obj
 .text.WriteString
                0x0000000010000434       0x2c CMakeFiles/msa.dir/msa.c.obj
 .text.calc_render_area_buflen
                0x0000000010000460       0x16 CMakeFiles/msa.dir/msa.c.obj
                0x0000000010000460                calc_render_area_buflen
 *fill*         0x0000000010000476        0x2 
 .text.SSD1306_send_cmd
                0x0000000010000478       0x24 CMakeFiles/msa.dir/msa.c.obj
                0x0000000010000478                SSD1306_send_cmd
 .text.SSD1306_send_cmd_list
                0x000000001000049c       0x18 CMakeFiles/msa.dir/msa.c.obj
                0x000000001000049c                SSD1306_send_cmd_list
 .text.SSD1306_send_buf
                0x00000000100004b4       0x40 CMakeFiles/msa.dir/msa.c.obj
                0x00000000100004b4                SSD1306_send_buf
 .text.SSD1306_init
                0x00000000100004f4       0x28 CMakeFiles/msa.dir/msa.c.obj
                0x00000000100004f4                SSD1306_init
 .text.render   0x000000001000051c       0x36 CMakeFiles/msa.dir/msa.c.obj
                0x000000001000051c                render
 *fill*         0x0000000010000552        0x2 
 .text.main     0x0000000010000554      0x124 CMakeFiles/msa.dir/msa.c.obj
                0x0000000010000554                main
 .text.gpio_set_function
                0x0000000010000678       0x30 CMakeFiles/msa.dir/home/pacmat/pico/pico-sdk/src/rp2_common/hardware_gpio/gpio.c.obj
                0x0000000010000678                gpio_set_function
 .text.gpio_set_pulls
                0x00000000100006a8       0x34 CMakeFiles/msa.dir/home/pacmat/pico/pico-sdk/src/rp2_common/hardware_gpio/gpio.c.obj
                0x00000000100006a8                gpio_set_pulls
 .text.running_on_fpga
                0x00000000100006dc       0x14 CMakeFiles/msa.dir/home/pacmat/pico/pico-sdk/src/rp2_common/pico_platform/platform.c.obj
                0x00000000100006dc                running_on_fpga
 .text.hw_claim_lock
                0x00000000100006f0       0x18 CMakeFiles/msa.dir/home/pacmat/pico/pico-sdk/src/rp2_common/hardware_claim/claim.c.obj
                0x00000000100006f0                hw_claim_lock
 .text.hw_claim_unlock
                0x0000000010000708       0x14 CMakeFiles/msa.dir/home/pacmat/pico/pico-sdk/src/rp2_common/hardware_claim/claim.c.obj
                0x0000000010000708                hw_claim_unlock
 .text.hw_claim_or_assert
                0x000000001000071c       0x32 CMakeFiles/msa.dir/home/pacmat/pico/pico-sdk/src/rp2_common/hardware_claim/claim.c.obj
                0x000000001000071c                hw_claim_or_assert
 .text.hw_claim_unused_from_range
                0x000000001000074e       0x50 CMakeFiles/msa.dir/home/pacmat/pico/pico-sdk/src/rp2_common/hardware_claim/claim.c.obj
                0x000000001000074e                hw_claim_unused_from_range
 *fill*         0x000000001000079e        0x2 
 .text.spin_locks_reset
                0x00000000100007a0       0x20 CMakeFiles/msa.dir/home/pacmat/pico/pico-sdk/src/rp2_common/hardware_sync/sync.c.obj
                0x00000000100007a0                spin_locks_reset
 .text.next_striped_spin_lock_num
                0x00000000100007c0       0x1c CMakeFiles/msa.dir/home/pacmat/pico/pico-sdk/src/rp2_common/hardware_sync/sync.c.obj
                0x00000000100007c0                next_striped_spin_lock_num
 .text.spin_lock_claim_unused
                0x00000000100007dc       0x20 CMakeFiles/msa.dir/home/pacmat/pico/pico-sdk/src/rp2_common/hardware_sync/sync.c.obj
                0x00000000100007dc                spin_lock_claim_unused
 .text.set_raw_irq_handler_and_unlock
                0x00000000100007fc       0x28 CMakeFiles/msa.dir/home/pacmat/pico/pico-sdk/src/rp2_common/hardware_irq/irq.c.obj
 .text.make_branch
                0x0000000010000824       0x48 CMakeFiles/msa.dir/home/pacmat/pico/pico-sdk/src/rp2_common/hardware_irq/irq.c.obj
 .text.insert_branch_and_link
                0x000000001000086c       0x40 CMakeFiles/msa.dir/home/pacmat/pico/pico-sdk/src/rp2_common/hardware_irq/irq.c.obj
 .text.irq_is_enabled
                0x00000000100008ac       0x18 CMakeFiles/msa.dir/home/pacmat/pico/pico-sdk/src/rp2_common/hardware_irq/irq.c.obj
                0x00000000100008ac                irq_is_enabled
 .text.irq_set_mask_enabled
                0x00000000100008c4       0x20 CMakeFiles/msa.dir/home/pacmat/pico/pico-sdk/src/rp2_common/hardware_irq/irq.c.obj
                0x00000000100008c4                irq_set_mask_enabled
 .text.irq_set_enabled
                0x00000000100008e4        0xe CMakeFiles/msa.dir/home/pacmat/pico/pico-sdk/src/rp2_common/hardware_irq/irq.c.obj
                0x00000000100008e4                irq_set_enabled
 *fill*         0x00000000100008f2        0x2 
 .text.irq_set_pending
                0x00000000100008f4       0x10 CMakeFiles/msa.dir/home/pacmat/pico/pico-sdk/src/rp2_common/hardware_irq/irq.c.obj
                0x00000000100008f4                irq_set_pending
 .text.irq_get_vtable_handler
                0x0000000010000904       0x10 CMakeFiles/msa.dir/home/pacmat/pico/pico-sdk/src/rp2_common/hardware_irq/irq.c.obj
                0x0000000010000904                irq_get_vtable_handler
 .text.irq_has_shared_handler
                0x0000000010000914       0x24 CMakeFiles/msa.dir/home/pacmat/pico/pico-sdk/src/rp2_common/hardware_irq/irq.c.obj
                0x0000000010000914                irq_has_shared_handler
 .text.irq_set_exclusive_handler
                0x0000000010000938       0x54 CMakeFiles/msa.dir/home/pacmat/pico/pico-sdk/src/rp2_common/hardware_irq/irq.c.obj
                0x0000000010000938                irq_set_exclusive_handler
 .text.irq_add_shared_handler
                0x000000001000098c      0x234 CMakeFiles/msa.dir/home/pacmat/pico/pico-sdk/src/rp2_common/hardware_irq/irq.c.obj
                0x000000001000098c                irq_add_shared_handler
 .text.irq_remove_handler
                0x0000000010000bc0      0x1ac CMakeFiles/msa.dir/home/pacmat/pico/pico-sdk/src/rp2_common/hardware_irq/irq.c.obj
                0x0000000010000bc0                irq_remove_handler
 .text.irq_add_tail_to_free_list
                0x0000000010000d6c       0xf0 CMakeFiles/msa.dir/home/pacmat/pico/pico-sdk/src/rp2_common/hardware_irq/irq.c.obj
                0x0000000010000d6c                irq_add_tail_to_free_list
 .text.irq_init_priorities
                0x0000000010000e5c       0x1c CMakeFiles/msa.dir/home/pacmat/pico/pico-sdk/src/rp2_common/hardware_irq/irq.c.obj
                0x0000000010000e5c                irq_init_priorities
 .text.user_irq_claim_unused
                0x0000000010000e78       0x28 CMakeFiles/msa.dir/home/pacmat/pico/pico-sdk/src/rp2_common/hardware_irq/irq.c.obj
                0x0000000010000e78                user_irq_claim_unused
 .text.lock_init
                0x0000000010000ea0       0x10 CMakeFiles/msa.dir/home/pacmat/pico/pico-sdk/src/common/pico_sync/lock_core.c.obj
                0x0000000010000ea0                lock_init
 .text.mutex_init
                0x0000000010000eb0       0x1a CMakeFiles/msa.dir/home/pacmat/pico/pico-sdk/src/common/pico_sync/mutex.c.obj
                0x0000000010000eb0                mutex_init
 .text.recursive_mutex_init
                0x0000000010000eca       0x1e CMakeFiles/msa.dir/home/pacmat/pico/pico-sdk/src/common/pico_sync/mutex.c.obj
                0x0000000010000eca                recursive_mutex_init
 .text.critical_section_init_with_lock_num
                0x0000000010000ee8       0x14 CMakeFiles/msa.dir/home/pacmat/pico/pico-sdk/src/common/pico_sync/critical_section.c.obj
                0x0000000010000ee8                critical_section_init_with_lock_num
 .text.critical_section_init
                0x0000000010000efc       0x14 CMakeFiles/msa.dir/home/pacmat/pico/pico-sdk/src/common/pico_sync/critical_section.c.obj
                0x0000000010000efc                critical_section_init
 .text.alarm_pool_post_alloc_init
                0x0000000010000f10       0x40 CMakeFiles/msa.dir/home/pacmat/pico/pico-sdk/src/common/pico_time/time.c.obj
 .text.sleep_until_callback
                0x0000000010000f50       0x30 CMakeFiles/msa.dir/home/pacmat/pico/pico-sdk/src/common/pico_time/time.c.obj
 .text.timer_pool_entry_comparator
                0x0000000010000f80       0x7c CMakeFiles/msa.dir/home/pacmat/pico/pico-sdk/src/common/pico_time/time.c.obj
                0x0000000010000f80                timer_pool_entry_comparator
 .text.ph_add_child_node
                0x0000000010000ffc       0xa4 CMakeFiles/msa.dir/home/pacmat/pico/pico-sdk/src/common/pico_time/time.c.obj
 .text.ph_merge_nodes
                0x00000000100010a0       0x3e CMakeFiles/msa.dir/home/pacmat/pico/pico-sdk/src/common/pico_time/time.c.obj
 *fill*         0x00000000100010de        0x2 
 .text.add_alarm_under_lock
                0x00000000100010e0      0x174 CMakeFiles/msa.dir/home/pacmat/pico/pico-sdk/src/common/pico_time/time.c.obj
 .text.alarm_pool_alarm_callback
                0x0000000010001254      0x33c CMakeFiles/msa.dir/home/pacmat/pico/pico-sdk/src/common/pico_time/time.c.obj
 .text.alarm_pool_init_default
                0x0000000010001590       0x40 CMakeFiles/msa.dir/home/pacmat/pico/pico-sdk/src/common/pico_time/time.c.obj
                0x0000000010001590                alarm_pool_init_default
 .text.alarm_pool_get_default
                0x00000000100015d0       0x2c CMakeFiles/msa.dir/home/pacmat/pico/pico-sdk/src/common/pico_time/time.c.obj
                0x00000000100015d0                alarm_pool_get_default
 .text.alarm_pool_add_alarm_at
                0x00000000100015fc      0x168 CMakeFiles/msa.dir/home/pacmat/pico/pico-sdk/src/common/pico_time/time.c.obj
                0x00000000100015fc                alarm_pool_add_alarm_at
 .text.alarm_pool_cancel_alarm
                0x0000000010001764       0xf8 CMakeFiles/msa.dir/home/pacmat/pico/pico-sdk/src/common/pico_time/time.c.obj
                0x0000000010001764                alarm_pool_cancel_alarm
 .text.alarm_pool_core_num
                0x000000001000185c        0x4 CMakeFiles/msa.dir/home/pacmat/pico/pico-sdk/src/common/pico_time/time.c.obj
                0x000000001000185c                alarm_pool_core_num
 .text.sleep_until
                0x0000000010001860       0xfc CMakeFiles/msa.dir/home/pacmat/pico/pico-sdk/src/common/pico_time/time.c.obj
                0x0000000010001860                sleep_until
 .text.sleep_us
                0x000000001000195c       0x58 CMakeFiles/msa.dir/home/pacmat/pico/pico-sdk/src/common/pico_time/time.c.obj
                0x000000001000195c                sleep_us
 .text.sleep_ms
                0x00000000100019b4       0x14 CMakeFiles/msa.dir/home/pacmat/pico/pico-sdk/src/common/pico_time/time.c.obj
                0x00000000100019b4                sleep_ms
 .text.best_effort_wfe_or_timeout
                0x00000000100019c8       0xac CMakeFiles/msa.dir/home/pacmat/pico/pico-sdk/src/common/pico_time/time.c.obj
                0x00000000100019c8                best_effort_wfe_or_timeout
 .text.hardware_alarm_irq_handler
                0x0000000010001a74       0x90 CMakeFiles/msa.dir/home/pacmat/pico/pico-sdk/src/rp2_common/hardware_timer/timer.c.obj
 .text.hardware_alarm_claim
                0x0000000010001b04       0x18 CMakeFiles/msa.dir/home/pacmat/pico/pico-sdk/src/rp2_common/hardware_timer/timer.c.obj
                0x0000000010001b04                hardware_alarm_claim
 .text.time_us_64
                0x0000000010001b1c       0x18 CMakeFiles/msa.dir/home/pacmat/pico/pico-sdk/src/rp2_common/hardware_timer/timer.c.obj
                0x0000000010001b1c                time_us_64
 .text.busy_wait_until
                0x0000000010001b34       0x28 CMakeFiles/msa.dir/home/pacmat/pico/pico-sdk/src/rp2_common/hardware_timer/timer.c.obj
                0x0000000010001b34                busy_wait_until
 .text.busy_wait_us
                0x0000000010001b5c       0x48 CMakeFiles/msa.dir/home/pacmat/pico/pico-sdk/src/rp2_common/hardware_timer/timer.c.obj
                0x0000000010001b5c                busy_wait_us
 .text.hardware_alarm_set_callback
                0x0000000010001ba4       0x90 CMakeFiles/msa.dir/home/pacmat/pico/pico-sdk/src/rp2_common/hardware_timer/timer.c.obj
                0x0000000010001ba4                hardware_alarm_set_callback
 .text.hardware_alarm_set_target
                0x0000000010001c34       0xe8 CMakeFiles/msa.dir/home/pacmat/pico/pico-sdk/src/rp2_common/hardware_timer/timer.c.obj
                0x0000000010001c34                hardware_alarm_set_target
 .text.hardware_alarm_cancel
                0x0000000010001d1c       0x40 CMakeFiles/msa.dir/home/pacmat/pico/pico-sdk/src/rp2_common/hardware_timer/timer.c.obj
                0x0000000010001d1c                hardware_alarm_cancel
 .text.ph_add_child_node
                0x0000000010001d5c       0xa4 CMakeFiles/msa.dir/home/pacmat/pico/pico-sdk/src/common/pico_util/pheap.c.obj
 .text.ph_merge_nodes
                0x0000000010001e00       0x3e CMakeFiles/msa.dir/home/pacmat/pico/pico-sdk/src/common/pico_util/pheap.c.obj
 *fill*         0x0000000010001e3e        0x2 
 .text.ph_clear
                0x0000000010001e40       0x70 CMakeFiles/msa.dir/home/pacmat/pico/pico-sdk/src/common/pico_util/pheap.c.obj
                0x0000000010001e40                ph_clear
 .text.ph_post_alloc_init
                0x0000000010001eb0        0xe CMakeFiles/msa.dir/home/pacmat/pico/pico-sdk/src/common/pico_util/pheap.c.obj
                0x0000000010001eb0                ph_post_alloc_init
 *fill*         0x0000000010001ebe        0x2 
 .text.ph_merge_two_pass
                0x0000000010001ec0       0xa8 CMakeFiles/msa.dir/home/pacmat/pico/pico-sdk/src/common/pico_util/pheap.c.obj
                0x0000000010001ec0                ph_merge_two_pass
 .text.ph_remove_any_head
                0x0000000010001f68      0x128 CMakeFiles/msa.dir/home/pacmat/pico/pico-sdk/src/common/pico_util/pheap.c.obj
 .text.ph_remove_head
                0x0000000010002090       0x14 CMakeFiles/msa.dir/home/pacmat/pico/pico-sdk/src/common/pico_util/pheap.c.obj
                0x0000000010002090                ph_remove_head
 .text.ph_remove_and_free_node
                0x00000000100020a4       0xf8 CMakeFiles/msa.dir/home/pacmat/pico/pico-sdk/src/common/pico_util/pheap.c.obj
                0x00000000100020a4                ph_remove_and_free_node
 .text.uart_disable_before_lcr_write
                0x000000001000219c       0x48 CMakeFiles/msa.dir/home/pacmat/pico/pico-sdk/src/rp2_common/hardware_uart/uart.c.obj
 .text.uart_write_lcr_bits_masked
                0x00000000100021e4       0x22 CMakeFiles/msa.dir/home/pacmat/pico/pico-sdk/src/rp2_common/hardware_uart/uart.c.obj
 *fill*         0x0000000010002206        0x2 
 .text.uart_set_baudrate
                0x0000000010002208       0x5c CMakeFiles/msa.dir/home/pacmat/pico/pico-sdk/src/rp2_common/hardware_uart/uart.c.obj
                0x0000000010002208                uart_set_baudrate
 .text.uart_set_format
                0x0000000010002264       0x2c CMakeFiles/msa.dir/home/pacmat/pico/pico-sdk/src/rp2_common/hardware_uart/uart.c.obj
                0x0000000010002264                uart_set_format
 .text.uart_set_translate_crlf
                0x0000000010002290       0x28 CMakeFiles/msa.dir/home/pacmat/pico/pico-sdk/src/rp2_common/hardware_uart/uart.c.obj
                0x0000000010002290                uart_set_translate_crlf
 .text.uart_init
                0x00000000100022b8       0x80 CMakeFiles/msa.dir/home/pacmat/pico/pico-sdk/src/rp2_common/hardware_uart/uart.c.obj
                0x00000000100022b8                uart_init
 .text.clock_configure
                0x0000000010002338      0x108 CMakeFiles/msa.dir/home/pacmat/pico/pico-sdk/src/rp2_common/hardware_clocks/clocks.c.obj
                0x0000000010002338                clock_configure
 .text.clocks_init
                0x0000000010002440      0x100 CMakeFiles/msa.dir/home/pacmat/pico/pico-sdk/src/rp2_common/hardware_clocks/clocks.c.obj
                0x0000000010002440                clocks_init
 .text.clock_get_hz
                0x0000000010002540        0xc CMakeFiles/msa.dir/home/pacmat/pico/pico-sdk/src/rp2_common/hardware_clocks/clocks.c.obj
                0x0000000010002540                clock_get_hz
 .text.pll_init
                0x000000001000254c      0x120 CMakeFiles/msa.dir/home/pacmat/pico/pico-sdk/src/rp2_common/hardware_pll/pll.c.obj
                0x000000001000254c                pll_init
 .text.watchdog_start_tick
                0x000000001000266c       0x10 CMakeFiles/msa.dir/home/pacmat/pico/pico-sdk/src/rp2_common/hardware_watchdog/watchdog.c.obj
                0x000000001000266c                watchdog_start_tick
 .text.watchdog_update
                0x000000001000267c       0x14 CMakeFiles/msa.dir/home/pacmat/pico/pico-sdk/src/rp2_common/hardware_watchdog/watchdog.c.obj
                0x000000001000267c                watchdog_update
 .text._watchdog_enable
                0x0000000010002690       0x78 CMakeFiles/msa.dir/home/pacmat/pico/pico-sdk/src/rp2_common/hardware_watchdog/watchdog.c.obj
                0x0000000010002690                _watchdog_enable
 .text.watchdog_reboot
                0x0000000010002708       0x48 CMakeFiles/msa.dir/home/pacmat/pico/pico-sdk/src/rp2_common/hardware_watchdog/watchdog.c.obj
                0x0000000010002708                watchdog_reboot
 .text.xosc_init
                0x0000000010002750       0x28 CMakeFiles/msa.dir/home/pacmat/pico/pico-sdk/src/rp2_common/hardware_xosc/xosc.c.obj
                0x0000000010002750                xosc_init
 .text._exit    0x0000000010002778        0x4 CMakeFiles/msa.dir/home/pacmat/pico/pico-sdk/src/rp2_common/pico_runtime/runtime.c.obj
                0x0000000010002778                _exit
 .text._sbrk    0x000000001000277c       0x38 CMakeFiles/msa.dir/home/pacmat/pico/pico-sdk/src/rp2_common/pico_runtime/runtime.c.obj
                0x000000001000277c                _sbrk
 .text.exit     0x00000000100027b4        0x6 CMakeFiles/msa.dir/home/pacmat/pico/pico-sdk/src/rp2_common/pico_runtime/runtime.c.obj
                0x00000000100027b4                exit
 *fill*         0x00000000100027ba        0x2 
 .text.__assert_func
                0x00000000100027bc       0x3c CMakeFiles/msa.dir/home/pacmat/pico/pico-sdk/src/rp2_common/pico_runtime/runtime.c.obj
                0x00000000100027bc                __assert_func
 .text.runtime_init
                0x00000000100027f8       0xf8 CMakeFiles/msa.dir/home/pacmat/pico/pico-sdk/src/rp2_common/pico_runtime/runtime.c.obj
                0x00000000100027f8                runtime_init
 .text.panic    0x00000000100028f0       0x30 CMakeFiles/msa.dir/home/pacmat/pico/pico-sdk/src/rp2_common/pico_runtime/runtime.c.obj
                0x00000000100028f0                panic
 .text._out_null
                0x0000000010002920        0x2 CMakeFiles/msa.dir/home/pacmat/pico/pico-sdk/src/rp2_common/pico_printf/printf.c.obj
 .text._out_fct
                0x0000000010002922        0xe CMakeFiles/msa.dir/home/pacmat/pico/pico-sdk/src/rp2_common/pico_printf/printf.c.obj
 .text._atoi    0x0000000010002930       0x24 CMakeFiles/msa.dir/home/pacmat/pico/pico-sdk/src/rp2_common/pico_printf/printf.c.obj
 .text._out_rev
                0x0000000010002954       0xae CMakeFiles/msa.dir/home/pacmat/pico/pico-sdk/src/rp2_common/pico_printf/printf.c.obj
 .text._ntoa_format
                0x0000000010002a02      0x112 CMakeFiles/msa.dir/home/pacmat/pico/pico-sdk/src/rp2_common/pico_printf/printf.c.obj
 .text._ntoa_long
                0x0000000010002b14       0xbc CMakeFiles/msa.dir/home/pacmat/pico/pico-sdk/src/rp2_common/pico_printf/printf.c.obj
 .text._ntoa_long_long
                0x0000000010002bd0       0xe2 CMakeFiles/msa.dir/home/pacmat/pico/pico-sdk/src/rp2_common/pico_printf/printf.c.obj
 *fill*         0x0000000010002cb2        0x2 
 .text._etoa    0x0000000010002cb4      0x414 CMakeFiles/msa.dir/home/pacmat/pico/pico-sdk/src/rp2_common/pico_printf/printf.c.obj
 .text._ftoa    0x00000000100030c8      0x354 CMakeFiles/msa.dir/home/pacmat/pico/pico-sdk/src/rp2_common/pico_printf/printf.c.obj
 .text._vsnprintf
                0x000000001000341c      0x624 CMakeFiles/msa.dir/home/pacmat/pico/pico-sdk/src/rp2_common/pico_printf/printf.c.obj
 .text.vfctprintf
                0x0000000010003a40       0x20 CMakeFiles/msa.dir/home/pacmat/pico/pico-sdk/src/rp2_common/pico_printf/printf.c.obj
                0x0000000010003a40                vfctprintf
 .text          0x0000000010003a60       0x10 CMakeFiles/msa.dir/home/pacmat/pico/pico-sdk/src/rp2_common/pico_bit_ops/bit_ops_aeabi.S.obj
 .text.rom_func_lookup
                0x0000000010003a70       0x10 CMakeFiles/msa.dir/home/pacmat/pico/pico-sdk/src/rp2_common/pico_bootrom/bootrom.c.obj
                0x0000000010003a70                rom_func_lookup
 .text.rom_data_lookup
                0x0000000010003a80       0x10 CMakeFiles/msa.dir/home/pacmat/pico/pico-sdk/src/rp2_common/pico_bootrom/bootrom.c.obj
                0x0000000010003a80                rom_data_lookup
 .text.rom_funcs_lookup
                0x0000000010003a90       0x36 CMakeFiles/msa.dir/home/pacmat/pico/pico-sdk/src/rp2_common/pico_bootrom/bootrom.c.obj
                0x0000000010003a90                rom_funcs_lookup
 *fill*         0x0000000010003ac6        0x2 
 .text.__wrap___aeabi_idiv
                0x0000000010003ac8       0x50 CMakeFiles/msa.dir/home/pacmat/pico/pico-sdk/src/rp2_common/pico_divider/divider.S.obj
                0x0000000010003ac8                __wrap___aeabi_idivmod
                0x0000000010003ac8                divmod_s32s32
                0x0000000010003ac8                div_s32s32
                0x0000000010003ac8                __wrap___aeabi_idiv
                0x0000000010003ad0                divmod_s32s32_unsafe
                0x0000000010003afc                divmod_s32s32_savestate
 .text.__wrap___aeabi_uidiv
                0x0000000010003b18       0x4c CMakeFiles/msa.dir/home/pacmat/pico/pico-sdk/src/rp2_common/pico_divider/divider.S.obj
                0x0000000010003b18                __wrap___aeabi_uidiv
                0x0000000010003b18                __wrap___aeabi_uidivmod
                0x0000000010003b18                div_u32u32
                0x0000000010003b18                divmod_u32u32
                0x0000000010003b20                divmod_u32u32_unsafe
                0x0000000010003b48                divmod_u32u32_savestate
 .text.__wrap___aeabi_ldiv
                0x0000000010003b64      0x424 CMakeFiles/msa.dir/home/pacmat/pico/pico-sdk/src/rp2_common/pico_divider/divider.S.obj
                0x0000000010003b64                div_s64s64
                0x0000000010003b64                divmod_s64s64
                0x0000000010003b64                __wrap___aeabi_ldivmod
                0x0000000010003b94                div_u64u64
                0x0000000010003b94                divmod_u64u64
                0x0000000010003b94                __wrap___aeabi_uldivmod
                0x0000000010003ba4                divmod_u64u64_savestate
                0x0000000010003bc4                divmod_s64s64_unsafe
                0x0000000010003c4c                divmod_u64u64_unsafe
 .text.__wrap___aeabi_darithmetic
                0x0000000010003f88       0x80 CMakeFiles/msa.dir/home/pacmat/pico/pico-sdk/src/rp2_common/pico_double/double_aeabi.S.obj
                0x0000000010003f88                __wrap___aeabi_drsub
                0x0000000010003f8e                __wrap___aeabi_dsub
                0x0000000010003fa0                __wrap___aeabi_dadd
                0x0000000010003fb2                __wrap___aeabi_ddiv
                0x0000000010003fee                __wrap___aeabi_dmul
 .text.__wrap___aeabi_cdcmple
                0x0000000010004008       0x6c CMakeFiles/msa.dir/home/pacmat/pico/pico-sdk/src/rp2_common/pico_double/double_aeabi.S.obj
                0x0000000010004008                __wrap___aeabi_cdrcmple
                0x0000000010004018                __wrap___aeabi_cdcmple
                0x0000000010004018                __wrap___aeabi_cdcmpeq
 .text.__wrap___aeabi_dcmplt
                0x0000000010004074        0xc CMakeFiles/msa.dir/home/pacmat/pico/pico-sdk/src/rp2_common/pico_double/double_aeabi.S.obj
                0x0000000010004074                __wrap___aeabi_dcmplt
 .text.__wrap___aeabi_dcmple
                0x0000000010004080       0x10 CMakeFiles/msa.dir/home/pacmat/pico/pico-sdk/src/rp2_common/pico_double/double_aeabi.S.obj
                0x0000000010004080                __wrap___aeabi_dcmple
 .text.__wrap___aeabi_dcmpge
                0x0000000010004090       0x10 CMakeFiles/msa.dir/home/pacmat/pico/pico-sdk/src/rp2_common/pico_double/double_aeabi.S.obj
                0x0000000010004090                __wrap___aeabi_dcmpge
 .text.__wrap___aeabi_dcmpgt
                0x00000000100040a0        0xa CMakeFiles/msa.dir/home/pacmat/pico/pico-sdk/src/rp2_common/pico_double/double_aeabi.S.obj
                0x00000000100040a0                __wrap___aeabi_dcmpgt
 .text.__wrap___aeabi_dcmpun
                0x00000000100040aa       0x1c CMakeFiles/msa.dir/home/pacmat/pico/pico-sdk/src/rp2_common/pico_double/double_aeabi.S.obj
                0x00000000100040aa                __wrap___aeabi_dcmpun
 *fill*         0x00000000100040c6        0x2 
 .text.__wrap___aeabi_i2d
                0x00000000100040c8       0x38 CMakeFiles/msa.dir/home/pacmat/pico/pico-sdk/src/rp2_common/pico_double/double_aeabi.S.obj
                0x00000000100040c8                __wrap___aeabi_ui2d
                0x00000000100040d0                __wrap___aeabi_i2d
 .text.__wrap___aeabi_d2iz
                0x0000000010004100       0x48 CMakeFiles/msa.dir/home/pacmat/pico/pico-sdk/src/rp2_common/pico_double/double_aeabi.S.obj
                0x0000000010004100                __wrap___aeabi_d2iz
                0x0000000010004100                double2int_z
 .text.__wrap___aeabi_d2uiz
                0x0000000010004148       0x18 CMakeFiles/msa.dir/home/pacmat/pico/pico-sdk/src/rp2_common/pico_double/double_aeabi.S.obj
                0x0000000010004148                double2uint
                0x0000000010004148                __wrap___aeabi_d2uiz
 .text.__aeabi_double_init
                0x0000000010004160       0xc8 CMakeFiles/msa.dir/home/pacmat/pico/pico-sdk/src/rp2_common/pico_double/double_init_rom.c.obj
                0x0000000010004160                __aeabi_double_init
 .text.double_table_shim_on_use_helper
                0x0000000010004228       0x34 CMakeFiles/msa.dir/home/pacmat/pico/pico-sdk/src/rp2_common/pico_double/double_v1_rom_shim.S.obj
                0x0000000010004228                double_table_shim_on_use_helper
 .text.__wrap___aeabi_dsub
                0x000000001000425c       0x10 CMakeFiles/msa.dir/home/pacmat/pico/pico-sdk/src/rp2_common/pico_double/double_v1_rom_shim.S.obj
                0x000000001000425c                drsub_shim
                0x0000000010004262                dsub_shim
 .text.dadd_shim
                0x000000001000426c      0x15c CMakeFiles/msa.dir/home/pacmat/pico/pico-sdk/src/rp2_common/pico_double/double_v1_rom_shim.S.obj
                0x000000001000426c                dadd_shim
 .text.dmul_shim
                0x00000000100043c8      0x15c CMakeFiles/msa.dir/home/pacmat/pico/pico-sdk/src/rp2_common/pico_double/double_v1_rom_shim.S.obj
                0x00000000100043c8                dmul_shim
 .text.ddiv_shim
                0x0000000010004524      0x1b0 CMakeFiles/msa.dir/home/pacmat/pico/pico-sdk/src/rp2_common/pico_double/double_v1_rom_shim.S.obj
                0x0000000010004524                ddiv_shim
 .text.double2uint_shim
                0x00000000100046d4        0xe CMakeFiles/msa.dir/home/pacmat/pico/pico-sdk/src/rp2_common/pico_double/double_v1_rom_shim.S.obj
                0x00000000100046d4                double2uint_shim
                0x00000000100046d6                double2ufix_shim
 *fill*         0x00000000100046e2        0x2 
 .text.double2uint64_shim
                0x00000000100046e4       0x70 CMakeFiles/msa.dir/home/pacmat/pico/pico-sdk/src/rp2_common/pico_double/double_v1_rom_shim.S.obj
                0x00000000100046e4                double2uint64_shim
                0x00000000100046e6                double2ufix64_shim
                0x0000000010004706                d2fix_a
 .text.dunpacks
                0x0000000010004754       0x3c CMakeFiles/msa.dir/home/pacmat/pico/pico-sdk/src/rp2_common/pico_double/double_v1_rom_shim.S.obj
                0x0000000010004754                dunpacks
 .text.__aeabi_lmul
                0x0000000010004790       0x32 CMakeFiles/msa.dir/home/pacmat/pico/pico-sdk/src/rp2_common/pico_int64_ops/pico_int64_ops_aeabi.S.obj
                0x0000000010004790                __wrap___aeabi_lmul
 *fill*         0x00000000100047c2        0x2 
 .text.__aeabi_float_init
                0x00000000100047c4       0xfc CMakeFiles/msa.dir/home/pacmat/pico/pico-sdk/src/rp2_common/pico_float/float_init_rom.c.obj
                0x00000000100047c4                __aeabi_float_init
 .text.float_table_shim_on_use_helper
                0x00000000100048c0       0x34 CMakeFiles/msa.dir/home/pacmat/pico/pico-sdk/src/rp2_common/pico_float/float_v1_rom_shim.S.obj
                0x00000000100048c0                float_table_shim_on_use_helper
 .text.__wrap_malloc
                0x00000000100048f4       0x24 CMakeFiles/msa.dir/home/pacmat/pico/pico-sdk/src/rp2_common/pico_malloc/pico_malloc.c.obj
                0x00000000100048f4                __wrap_malloc
 .text.__wrap_free
                0x0000000010004918        0x8 CMakeFiles/msa.dir/home/pacmat/pico/pico-sdk/src/rp2_common/pico_malloc/pico_malloc.c.obj
                0x0000000010004918                __wrap_free
 .text          0x0000000010004920       0x10 CMakeFiles/msa.dir/home/pacmat/pico/pico-sdk/src/rp2_common/pico_mem_ops/mem_ops_aeabi.S.obj
                0x0000000010004920                __aeabi_mem_init
 .text.memset   0x0000000010004930        0xc CMakeFiles/msa.dir/home/pacmat/pico/pico-sdk/src/rp2_common/pico_mem_ops/mem_ops_aeabi.S.obj
                0x0000000010004930                __wrap_memset
 .text.memcpy   0x000000001000493c        0xc CMakeFiles/msa.dir/home/pacmat/pico/pico-sdk/src/rp2_common/pico_mem_ops/mem_ops_aeabi.S.obj
                0x000000001000493c                __wrap___aeabi_memcpy
                0x000000001000493c                __wrap_memcpy
 .text.stdio_out_chars_no_crlf
                0x0000000010004948        0xe CMakeFiles/msa.dir/home/pacmat/pico/pico-sdk/src/rp2_common/pico_stdio/stdio.c.obj
 *fill*         0x0000000010004956        0x2 
 .text.stdio_out_chars_crlf
                0x0000000010004958       0x80 CMakeFiles/msa.dir/home/pacmat/pico/pico-sdk/src/rp2_common/pico_stdio/stdio.c.obj
 .text.stdio_stack_buffer_flush
                0x00000000100049d8       0x44 CMakeFiles/msa.dir/home/pacmat/pico/pico-sdk/src/rp2_common/pico_stdio/stdio.c.obj
 .text.stdio_buffered_printer
                0x0000000010004a1c       0x20 CMakeFiles/msa.dir/home/pacmat/pico/pico-sdk/src/rp2_common/pico_stdio/stdio.c.obj
 .text.stdout_serialize_begin
                0x0000000010004a3c       0x5c CMakeFiles/msa.dir/home/pacmat/pico/pico-sdk/src/rp2_common/pico_stdio/stdio.c.obj
                0x0000000010004a3c                stdout_serialize_begin
 .text.stdout_serialize_end
                0x0000000010004a98       0x10 CMakeFiles/msa.dir/home/pacmat/pico/pico-sdk/src/rp2_common/pico_stdio/stdio.c.obj
                0x0000000010004a98                stdout_serialize_end
 .text.stdio_put_string
                0x0000000010004aa8       0x98 CMakeFiles/msa.dir/home/pacmat/pico/pico-sdk/src/rp2_common/pico_stdio/stdio.c.obj
 .text.stdio_set_driver_enabled
                0x0000000010004b40       0x2c CMakeFiles/msa.dir/home/pacmat/pico/pico-sdk/src/rp2_common/pico_stdio/stdio.c.obj
                0x0000000010004b40                stdio_set_driver_enabled
 .text.stdio_flush
                0x0000000010004b6c       0x20 CMakeFiles/msa.dir/home/pacmat/pico/pico-sdk/src/rp2_common/pico_stdio/stdio.c.obj
                0x0000000010004b6c                stdio_flush
 .text.__wrap_puts
                0x0000000010004b8c       0x1e CMakeFiles/msa.dir/home/pacmat/pico/pico-sdk/src/rp2_common/pico_stdio/stdio.c.obj
                0x0000000010004b8c                __wrap_puts
 *fill*         0x0000000010004baa        0x2 
 .text.__wrap_vprintf
                0x0000000010004bac       0x40 CMakeFiles/msa.dir/home/pacmat/pico/pico-sdk/src/rp2_common/pico_stdio/stdio.c.obj
                0x0000000010004bac                __wrap_vprintf
 .text.__wrap_printf
                0x0000000010004bec       0x18 CMakeFiles/msa.dir/home/pacmat/pico/pico-sdk/src/rp2_common/pico_stdio/stdio.c.obj
                0x0000000010004bec                __wrap_printf
 .text.stdio_init_all
                0x0000000010004c04        0xe CMakeFiles/msa.dir/home/pacmat/pico/pico-sdk/src/rp2_common/pico_stdio/stdio.c.obj
                0x0000000010004c04                stdio_init_all
 *fill*         0x0000000010004c12        0x2 
 .text.stdio_uart_out_chars
                0x0000000010004c14       0x74 CMakeFiles/msa.dir/home/pacmat/pico/pico-sdk/src/rp2_common/pico_stdio_uart/stdio_uart.c.obj
 .text.stdio_uart_in_chars
                0x0000000010004c88       0x80 CMakeFiles/msa.dir/home/pacmat/pico/pico-sdk/src/rp2_common/pico_stdio_uart/stdio_uart.c.obj
                0x0000000010004c88                stdio_uart_in_chars
 .text.on_uart_rx
                0x0000000010004d08       0x28 CMakeFiles/msa.dir/home/pacmat/pico/pico-sdk/src/rp2_common/pico_stdio_uart/stdio_uart.c.obj
 .text.stdio_uart_set_chars_available_callback
                0x0000000010004d30       0x8c CMakeFiles/msa.dir/home/pacmat/pico/pico-sdk/src/rp2_common/pico_stdio_uart/stdio_uart.c.obj
 .text.stdio_uart_init_full
                0x0000000010004dbc       0x44 CMakeFiles/msa.dir/home/pacmat/pico/pico-sdk/src/rp2_common/pico_stdio_uart/stdio_uart.c.obj
                0x0000000010004dbc                stdio_uart_init_full
 .text.stdio_uart_init
                0x0000000010004e00       0x28 CMakeFiles/msa.dir/home/pacmat/pico/pico-sdk/src/rp2_common/pico_stdio_uart/stdio_uart.c.obj
                0x0000000010004e00                stdio_uart_init
 .text.resetd_init
                0x0000000010004e28        0x2 CMakeFiles/msa.dir/home/pacmat/pico/pico-sdk/src/rp2_common/pico_stdio_usb/reset_interface.c.obj
 *fill*         0x0000000010004e2a        0x2 
 .text.resetd_reset
                0x0000000010004e2c        0xc CMakeFiles/msa.dir/home/pacmat/pico/pico-sdk/src/rp2_common/pico_stdio_usb/reset_interface.c.obj
 .text.resetd_open
                0x0000000010004e38       0x34 CMakeFiles/msa.dir/home/pacmat/pico/pico-sdk/src/rp2_common/pico_stdio_usb/reset_interface.c.obj
 .text.resetd_xfer_cb
                0x0000000010004e6c        0x4 CMakeFiles/msa.dir/home/pacmat/pico/pico-sdk/src/rp2_common/pico_stdio_usb/reset_interface.c.obj
 .text.reset_usb_boot
                0x0000000010004e70       0x18 CMakeFiles/msa.dir/home/pacmat/pico/pico-sdk/src/rp2_common/pico_stdio_usb/reset_interface.c.obj
 .text.resetd_control_xfer_cb
                0x0000000010004e88       0x5c CMakeFiles/msa.dir/home/pacmat/pico/pico-sdk/src/rp2_common/pico_stdio_usb/reset_interface.c.obj
 .text.usbd_app_driver_get_cb
                0x0000000010004ee4        0xc CMakeFiles/msa.dir/home/pacmat/pico/pico-sdk/src/rp2_common/pico_stdio_usb/reset_interface.c.obj
                0x0000000010004ee4                usbd_app_driver_get_cb
 .text.tud_cdc_line_coding_cb
                0x0000000010004ef0       0x28 CMakeFiles/msa.dir/home/pacmat/pico/pico-sdk/src/rp2_common/pico_stdio_usb/reset_interface.c.obj
                0x0000000010004ef0                tud_cdc_line_coding_cb
 .text.stdio_usb_set_chars_available_callback
                0x0000000010004f18       0x14 CMakeFiles/msa.dir/home/pacmat/pico/pico-sdk/src/rp2_common/pico_stdio_usb/stdio_usb.c.obj
                0x0000000010004f18                stdio_usb_set_chars_available_callback
 .text.usb_irq  0x0000000010004f2c       0x10 CMakeFiles/msa.dir/home/pacmat/pico/pico-sdk/src/rp2_common/pico_stdio_usb/stdio_usb.c.obj
 .text.timer_task
                0x0000000010004f3c       0x5c CMakeFiles/msa.dir/home/pacmat/pico/pico-sdk/src/rp2_common/pico_stdio_usb/stdio_usb.c.obj
 .text.low_priority_worker_irq
                0x0000000010004f98       0xdc CMakeFiles/msa.dir/home/pacmat/pico/pico-sdk/src/rp2_common/pico_stdio_usb/stdio_usb.c.obj
 .text.tud_cdc_rx_cb
                0x0000000010005074       0x20 CMakeFiles/msa.dir/home/pacmat/pico/pico-sdk/src/rp2_common/pico_stdio_usb/stdio_usb.c.obj
                0x0000000010005074                tud_cdc_rx_cb
 .text.stdio_usb_init
                0x0000000010005094      0x11c CMakeFiles/msa.dir/home/pacmat/pico/pico-sdk/src/rp2_common/pico_stdio_usb/stdio_usb.c.obj
                0x0000000010005094                stdio_usb_init
 .text.stdio_usb_connected
                0x00000000100051b0        0xa CMakeFiles/msa.dir/home/pacmat/pico/pico-sdk/src/rp2_common/pico_stdio_usb/stdio_usb.c.obj
                0x00000000100051b0                stdio_usb_connected
 *fill*         0x00000000100051ba        0x2 
 .text.stdio_usb_in_chars
                0x00000000100051bc       0xc4 CMakeFiles/msa.dir/home/pacmat/pico/pico-sdk/src/rp2_common/pico_stdio_usb/stdio_usb.c.obj
                0x00000000100051bc                stdio_usb_in_chars
 .text.stdio_usb_out_chars
                0x0000000010005280      0x114 CMakeFiles/msa.dir/home/pacmat/pico/pico-sdk/src/rp2_common/pico_stdio_usb/stdio_usb.c.obj
 .text.tud_descriptor_device_cb
                0x0000000010005394        0x8 CMakeFiles/msa.dir/home/pacmat/pico/pico-sdk/src/rp2_common/pico_stdio_usb/stdio_usb_descriptors.c.obj
                0x0000000010005394                tud_descriptor_device_cb
 .text.tud_descriptor_configuration_cb
                0x000000001000539c        0x8 CMakeFiles/msa.dir/home/pacmat/pico/pico-sdk/src/rp2_common/pico_stdio_usb/stdio_usb_descriptors.c.obj
                0x000000001000539c                tud_descriptor_configuration_cb
 .text.tud_descriptor_string_cb
                0x00000000100053a4       0x6c CMakeFiles/msa.dir/home/pacmat/pico/pico-sdk/src/rp2_common/pico_stdio_usb/stdio_usb_descriptors.c.obj
                0x00000000100053a4                tud_descriptor_string_cb
 .text._retrieve_unique_id_on_boot
                0x0000000010005410       0x10 CMakeFiles/msa.dir/home/pacmat/pico/pico-sdk/src/rp2_common/pico_unique_id/unique_id.c.obj
 .text.pico_get_unique_board_id_string
                0x0000000010005420       0x60 CMakeFiles/msa.dir/home/pacmat/pico/pico-sdk/src/rp2_common/pico_unique_id/unique_id.c.obj
                0x0000000010005420                pico_get_unique_board_id_string
 .text.flash_get_unique_id
                0x0000000010005480       0x46 CMakeFiles/msa.dir/home/pacmat/pico/pico-sdk/src/rp2_common/hardware_flash/flash.c.obj
                0x0000000010005480                flash_get_unique_id
 *fill*         0x00000000100054c6        0x2 
 .text.hw_endpoint_get_by_addr
                0x00000000100054c8       0x18 CMakeFiles/msa.dir/home/pacmat/pico/pico-sdk/lib/tinyusb/src/portable/raspberrypi/rp2040/dcd_rp2040.c.obj
 .text._hw_endpoint_alloc
                0x00000000100054e0       0x70 CMakeFiles/msa.dir/home/pacmat/pico/pico-sdk/lib/tinyusb/src/portable/raspberrypi/rp2040/dcd_rp2040.c.obj
 .text.hw_endpoint_init
                0x0000000010005550       0x88 CMakeFiles/msa.dir/home/pacmat/pico/pico-sdk/lib/tinyusb/src/portable/raspberrypi/rp2040/dcd_rp2040.c.obj
 .text.hw_endpoint_xfer
                0x00000000100055d8       0x14 CMakeFiles/msa.dir/home/pacmat/pico/pico-sdk/lib/tinyusb/src/portable/raspberrypi/rp2040/dcd_rp2040.c.obj
 .text.dcd_int_enable
                0x00000000100055ec       0x2c CMakeFiles/msa.dir/home/pacmat/pico/pico-sdk/lib/tinyusb/src/portable/raspberrypi/rp2040/dcd_rp2040.c.obj
                0x00000000100055ec                dcd_int_enable
 .text.dcd_set_address
                0x0000000010005618       0x2c CMakeFiles/msa.dir/home/pacmat/pico/pico-sdk/lib/tinyusb/src/portable/raspberrypi/rp2040/dcd_rp2040.c.obj
                0x0000000010005618                dcd_set_address
 .text.dcd_connect
                0x0000000010005644       0x10 CMakeFiles/msa.dir/home/pacmat/pico/pico-sdk/lib/tinyusb/src/portable/raspberrypi/rp2040/dcd_rp2040.c.obj
                0x0000000010005644                dcd_connect
 .text.dcd_init
                0x0000000010005654       0x80 CMakeFiles/msa.dir/home/pacmat/pico/pico-sdk/lib/tinyusb/src/portable/raspberrypi/rp2040/dcd_rp2040.c.obj
                0x0000000010005654                dcd_init
 .text.dcd_edpt0_status_complete
                0x00000000100056d4       0x1c CMakeFiles/msa.dir/home/pacmat/pico/pico-sdk/lib/tinyusb/src/portable/raspberrypi/rp2040/dcd_rp2040.c.obj
                0x00000000100056d4                dcd_edpt0_status_complete
 .text.dcd_edpt_open
                0x00000000100056f0       0x40 CMakeFiles/msa.dir/home/pacmat/pico/pico-sdk/lib/tinyusb/src/portable/raspberrypi/rp2040/dcd_rp2040.c.obj
                0x00000000100056f0                dcd_edpt_open
 .text.dcd_edpt_close_all
                0x0000000010005730        0x8 CMakeFiles/msa.dir/home/pacmat/pico/pico-sdk/lib/tinyusb/src/portable/raspberrypi/rp2040/dcd_rp2040.c.obj
                0x0000000010005730                dcd_edpt_close_all
 .text.dcd_edpt_xfer
                0x0000000010005738       0x34 CMakeFiles/msa.dir/home/pacmat/pico/pico-sdk/lib/tinyusb/src/portable/raspberrypi/rp2040/dcd_rp2040.c.obj
                0x0000000010005738                dcd_edpt_xfer
 .text.dcd_edpt_stall
                0x000000001000576c       0x2c CMakeFiles/msa.dir/home/pacmat/pico/pico-sdk/lib/tinyusb/src/portable/raspberrypi/rp2040/dcd_rp2040.c.obj
                0x000000001000576c                dcd_edpt_stall
 .text.dcd_edpt_clear_stall
                0x0000000010005798       0x20 CMakeFiles/msa.dir/home/pacmat/pico/pico-sdk/lib/tinyusb/src/portable/raspberrypi/rp2040/dcd_rp2040.c.obj
                0x0000000010005798                dcd_edpt_clear_stall
 .text.rp2040_usb_init
                0x00000000100057b8       0x4c CMakeFiles/msa.dir/home/pacmat/pico/pico-sdk/lib/tinyusb/src/portable/raspberrypi/rp2040/rp2040_usb.c.obj
                0x00000000100057b8                rp2040_usb_init
 .text.hw_endpoint_xfer_start
                0x0000000010005804       0x50 CMakeFiles/msa.dir/home/pacmat/pico/pico-sdk/lib/tinyusb/src/portable/raspberrypi/rp2040/rp2040_usb.c.obj
                0x0000000010005804                hw_endpoint_xfer_start
 .text.configuration_reset
                0x0000000010005854       0x84 CMakeFiles/msa.dir/home/pacmat/pico/pico-sdk/lib/tinyusb/src/device/usbd.c.obj
 .text.usbd_reset
                0x00000000100058d8        0xc CMakeFiles/msa.dir/home/pacmat/pico/pico-sdk/lib/tinyusb/src/device/usbd.c.obj
 .text.invoke_class_control
                0x00000000100058e4       0x1a CMakeFiles/msa.dir/home/pacmat/pico/pico-sdk/lib/tinyusb/src/device/usbd.c.obj
 *fill*         0x00000000100058fe        0x2 
 .text.process_set_config
                0x0000000010005900      0x178 CMakeFiles/msa.dir/home/pacmat/pico/pico-sdk/lib/tinyusb/src/device/usbd.c.obj
 .text.process_get_descriptor
                0x0000000010005a78       0xdc CMakeFiles/msa.dir/home/pacmat/pico/pico-sdk/lib/tinyusb/src/device/usbd.c.obj
 .text.tud_mounted
                0x0000000010005b54       0x10 CMakeFiles/msa.dir/home/pacmat/pico/pico-sdk/lib/tinyusb/src/device/usbd.c.obj
                0x0000000010005b54                tud_mounted
 .text.tud_suspended
                0x0000000010005b64       0x10 CMakeFiles/msa.dir/home/pacmat/pico/pico-sdk/lib/tinyusb/src/device/usbd.c.obj
                0x0000000010005b64                tud_suspended
 .text.tud_inited
                0x0000000010005b74       0x14 CMakeFiles/msa.dir/home/pacmat/pico/pico-sdk/lib/tinyusb/src/device/usbd.c.obj
                0x0000000010005b74                tud_inited
 .text.tud_init
                0x0000000010005b88       0xcc CMakeFiles/msa.dir/home/pacmat/pico/pico-sdk/lib/tinyusb/src/device/usbd.c.obj
                0x0000000010005b88                tud_init
 .text.usbd_defer_func
                0x0000000010005c54       0x2a CMakeFiles/msa.dir/home/pacmat/pico/pico-sdk/lib/tinyusb/src/device/usbd.c.obj
                0x0000000010005c54                usbd_defer_func
 *fill*         0x0000000010005c7e        0x2 
 .text.usbd_edpt_open
                0x0000000010005c80       0x34 CMakeFiles/msa.dir/home/pacmat/pico/pico-sdk/lib/tinyusb/src/device/usbd.c.obj
                0x0000000010005c80                usbd_edpt_open
 .text.usbd_open_edpt_pair
                0x0000000010005cb4       0x62 CMakeFiles/msa.dir/home/pacmat/pico/pico-sdk/lib/tinyusb/src/device/usbd.c.obj
                0x0000000010005cb4                usbd_open_edpt_pair
 *fill*         0x0000000010005d16        0x2 
 .text.usbd_edpt_claim
                0x0000000010005d18       0x28 CMakeFiles/msa.dir/home/pacmat/pico/pico-sdk/lib/tinyusb/src/device/usbd.c.obj
                0x0000000010005d18                usbd_edpt_claim
 .text.usbd_edpt_release
                0x0000000010005d40       0x28 CMakeFiles/msa.dir/home/pacmat/pico/pico-sdk/lib/tinyusb/src/device/usbd.c.obj
                0x0000000010005d40                usbd_edpt_release
 .text.usbd_edpt_xfer
                0x0000000010005d68       0x78 CMakeFiles/msa.dir/home/pacmat/pico/pico-sdk/lib/tinyusb/src/device/usbd.c.obj
                0x0000000010005d68                usbd_edpt_xfer
 .text.usbd_edpt_stall
                0x0000000010005de0       0x48 CMakeFiles/msa.dir/home/pacmat/pico/pico-sdk/lib/tinyusb/src/device/usbd.c.obj
                0x0000000010005de0                usbd_edpt_stall
 .text.usbd_edpt_clear_stall
                0x0000000010005e28       0x48 CMakeFiles/msa.dir/home/pacmat/pico/pico-sdk/lib/tinyusb/src/device/usbd.c.obj
                0x0000000010005e28                usbd_edpt_clear_stall
 .text.usbd_edpt_stalled
                0x0000000010005e70       0x1c CMakeFiles/msa.dir/home/pacmat/pico/pico-sdk/lib/tinyusb/src/device/usbd.c.obj
                0x0000000010005e70                usbd_edpt_stalled
 .text.process_control_request
                0x0000000010005e8c      0x37c CMakeFiles/msa.dir/home/pacmat/pico/pico-sdk/lib/tinyusb/src/device/usbd.c.obj
 .text.tud_task_ext
                0x0000000010006208      0x1b8 CMakeFiles/msa.dir/home/pacmat/pico/pico-sdk/lib/tinyusb/src/device/usbd.c.obj
                0x0000000010006208                tud_task_ext
 .text._data_stage_xact
                0x00000000100063c0       0x58 CMakeFiles/msa.dir/home/pacmat/pico/pico-sdk/lib/tinyusb/src/device/usbd_control.c.obj
 .text.tud_control_status
                0x0000000010006418       0x38 CMakeFiles/msa.dir/home/pacmat/pico/pico-sdk/lib/tinyusb/src/device/usbd_control.c.obj
                0x0000000010006418                tud_control_status
 .text.tud_control_xfer
                0x0000000010006450       0x74 CMakeFiles/msa.dir/home/pacmat/pico/pico-sdk/lib/tinyusb/src/device/usbd_control.c.obj
                0x0000000010006450                tud_control_xfer
 .text.usbd_control_reset
                0x00000000100064c4       0x14 CMakeFiles/msa.dir/home/pacmat/pico/pico-sdk/lib/tinyusb/src/device/usbd_control.c.obj
                0x00000000100064c4                usbd_control_reset
 .text.usbd_control_set_complete_callback
                0x00000000100064d8        0xc CMakeFiles/msa.dir/home/pacmat/pico/pico-sdk/lib/tinyusb/src/device/usbd_control.c.obj
                0x00000000100064d8                usbd_control_set_complete_callback
 .text.usbd_control_set_request
                0x00000000100064e4       0x1c CMakeFiles/msa.dir/home/pacmat/pico/pico-sdk/lib/tinyusb/src/device/usbd_control.c.obj
                0x00000000100064e4                usbd_control_set_request
 .text.usbd_control_xfer_cb
                0x0000000010006500       0xcc CMakeFiles/msa.dir/home/pacmat/pico/pico-sdk/lib/tinyusb/src/device/usbd_control.c.obj
                0x0000000010006500                usbd_control_xfer_cb
 .text._prep_out_transaction
                0x00000000100065cc       0x4a CMakeFiles/msa.dir/home/pacmat/pico/pico-sdk/lib/tinyusb/src/class/cdc/cdc_device.c.obj
 *fill*         0x0000000010006616        0x2 
 .text.tud_cdc_n_connected
                0x0000000010006618       0x44 CMakeFiles/msa.dir/home/pacmat/pico/pico-sdk/lib/tinyusb/src/class/cdc/cdc_device.c.obj
                0x0000000010006618                tud_cdc_n_connected
 .text.tud_cdc_n_available
                0x000000001000665c       0x18 CMakeFiles/msa.dir/home/pacmat/pico/pico-sdk/lib/tinyusb/src/class/cdc/cdc_device.c.obj
                0x000000001000665c                tud_cdc_n_available
 .text.tud_cdc_n_read
                0x0000000010006674       0x28 CMakeFiles/msa.dir/home/pacmat/pico/pico-sdk/lib/tinyusb/src/class/cdc/cdc_device.c.obj
                0x0000000010006674                tud_cdc_n_read
 .text.tud_cdc_n_write_flush
                0x000000001000669c       0xb8 CMakeFiles/msa.dir/home/pacmat/pico/pico-sdk/lib/tinyusb/src/class/cdc/cdc_device.c.obj
                0x000000001000669c                tud_cdc_n_write_flush
 .text.tud_cdc_n_write
                0x0000000010006754       0x38 CMakeFiles/msa.dir/home/pacmat/pico/pico-sdk/lib/tinyusb/src/class/cdc/cdc_device.c.obj
                0x0000000010006754                tud_cdc_n_write
 .text.tud_cdc_n_write_available
                0x000000001000678c       0x1c CMakeFiles/msa.dir/home/pacmat/pico/pico-sdk/lib/tinyusb/src/class/cdc/cdc_device.c.obj
                0x000000001000678c                tud_cdc_n_write_available
 .text.cdcd_init
                0x00000000100067a8       0xbc CMakeFiles/msa.dir/home/pacmat/pico/pico-sdk/lib/tinyusb/src/class/cdc/cdc_device.c.obj
                0x00000000100067a8                cdcd_init
 .text.cdcd_reset
                0x0000000010006864       0x44 CMakeFiles/msa.dir/home/pacmat/pico/pico-sdk/lib/tinyusb/src/class/cdc/cdc_device.c.obj
                0x0000000010006864                cdcd_reset
 .text.cdcd_open
                0x00000000100068a8       0xcc CMakeFiles/msa.dir/home/pacmat/pico/pico-sdk/lib/tinyusb/src/class/cdc/cdc_device.c.obj
                0x00000000100068a8                cdcd_open
 .text.cdcd_control_xfer_cb
                0x0000000010006974      0x134 CMakeFiles/msa.dir/home/pacmat/pico/pico-sdk/lib/tinyusb/src/class/cdc/cdc_device.c.obj
                0x0000000010006974                cdcd_control_xfer_cb
 .text.cdcd_xfer_cb
                0x0000000010006aa8      0x130 CMakeFiles/msa.dir/home/pacmat/pico/pico-sdk/lib/tinyusb/src/class/cdc/cdc_device.c.obj
                0x0000000010006aa8                cdcd_xfer_cb
 .text.tusb_init
                0x0000000010006bd8        0xa CMakeFiles/msa.dir/home/pacmat/pico/pico-sdk/lib/tinyusb/src/tusb.c.obj
                0x0000000010006bd8                tusb_init
 .text.tusb_inited
                0x0000000010006be2        0xe CMakeFiles/msa.dir/home/pacmat/pico/pico-sdk/lib/tinyusb/src/tusb.c.obj
                0x0000000010006be2                tusb_inited
 .text.tu_edpt_claim
                0x0000000010006bf0       0x50 CMakeFiles/msa.dir/home/pacmat/pico/pico-sdk/lib/tinyusb/src/tusb.c.obj
                0x0000000010006bf0                tu_edpt_claim
 .text.tu_edpt_release
                0x0000000010006c40       0x3c CMakeFiles/msa.dir/home/pacmat/pico/pico-sdk/lib/tinyusb/src/tusb.c.obj
                0x0000000010006c40                tu_edpt_release
 .text.tu_edpt_validate
                0x0000000010006c7c       0x78 CMakeFiles/msa.dir/home/pacmat/pico/pico-sdk/lib/tinyusb/src/tusb.c.obj
                0x0000000010006c7c                tu_edpt_validate
 .text.tu_edpt_bind_driver
                0x0000000010006cf4       0x26 CMakeFiles/msa.dir/home/pacmat/pico/pico-sdk/lib/tinyusb/src/tusb.c.obj
                0x0000000010006cf4                tu_edpt_bind_driver
 .text.advance_index
                0x0000000010006d1a       0x1a CMakeFiles/msa.dir/home/pacmat/pico/pico-sdk/lib/tinyusb/src/common/tusb_fifo.c.obj
 .text._tu_fifo_peek
                0x0000000010006d34       0x56 CMakeFiles/msa.dir/home/pacmat/pico/pico-sdk/lib/tinyusb/src/common/tusb_fifo.c.obj
 .text._ff_pull_const_addr
                0x0000000010006d8a       0x4c CMakeFiles/msa.dir/home/pacmat/pico/pico-sdk/lib/tinyusb/src/common/tusb_fifo.c.obj
 .text._ff_pull_n
                0x0000000010006dd6      0x110 CMakeFiles/msa.dir/home/pacmat/pico/pico-sdk/lib/tinyusb/src/common/tusb_fifo.c.obj
 .text._tu_fifo_peek_n
                0x0000000010006ee6       0x6a CMakeFiles/msa.dir/home/pacmat/pico/pico-sdk/lib/tinyusb/src/common/tusb_fifo.c.obj
 .text._tu_fifo_read_n
                0x0000000010006f50       0x4e CMakeFiles/msa.dir/home/pacmat/pico/pico-sdk/lib/tinyusb/src/common/tusb_fifo.c.obj
 .text._ff_push_const_addr
                0x0000000010006f9e       0x40 CMakeFiles/msa.dir/home/pacmat/pico/pico-sdk/lib/tinyusb/src/common/tusb_fifo.c.obj
 .text._ff_push_n
                0x0000000010006fde      0x10c CMakeFiles/msa.dir/home/pacmat/pico/pico-sdk/lib/tinyusb/src/common/tusb_fifo.c.obj
 .text._tu_fifo_write_n
                0x00000000100070ea       0xf0 CMakeFiles/msa.dir/home/pacmat/pico/pico-sdk/lib/tinyusb/src/common/tusb_fifo.c.obj
 .text.tu_fifo_config
                0x00000000100071da       0x7c CMakeFiles/msa.dir/home/pacmat/pico/pico-sdk/lib/tinyusb/src/common/tusb_fifo.c.obj
                0x00000000100071da                tu_fifo_config
 .text.tu_fifo_count
                0x0000000010007256       0x2a CMakeFiles/msa.dir/home/pacmat/pico/pico-sdk/lib/tinyusb/src/common/tusb_fifo.c.obj
                0x0000000010007256                tu_fifo_count
 .text.tu_fifo_empty
                0x0000000010007280       0x10 CMakeFiles/msa.dir/home/pacmat/pico/pico-sdk/lib/tinyusb/src/common/tusb_fifo.c.obj
                0x0000000010007280                tu_fifo_empty
 .text.tu_fifo_full
                0x0000000010007290       0x28 CMakeFiles/msa.dir/home/pacmat/pico/pico-sdk/lib/tinyusb/src/common/tusb_fifo.c.obj
                0x0000000010007290                tu_fifo_full
 .text.tu_fifo_remaining
                0x00000000100072b8       0x2c CMakeFiles/msa.dir/home/pacmat/pico/pico-sdk/lib/tinyusb/src/common/tusb_fifo.c.obj
                0x00000000100072b8                tu_fifo_remaining
 .text.tu_fifo_read
                0x00000000100072e4       0x42 CMakeFiles/msa.dir/home/pacmat/pico/pico-sdk/lib/tinyusb/src/common/tusb_fifo.c.obj
                0x00000000100072e4                tu_fifo_read
 .text.tu_fifo_read_n
                0x0000000010007326        0xa CMakeFiles/msa.dir/home/pacmat/pico/pico-sdk/lib/tinyusb/src/common/tusb_fifo.c.obj
                0x0000000010007326                tu_fifo_read_n
 .text.tu_fifo_write
                0x0000000010007330       0x64 CMakeFiles/msa.dir/home/pacmat/pico/pico-sdk/lib/tinyusb/src/common/tusb_fifo.c.obj
                0x0000000010007330                tu_fifo_write
 .text.tu_fifo_write_n
                0x0000000010007394        0xa CMakeFiles/msa.dir/home/pacmat/pico/pico-sdk/lib/tinyusb/src/common/tusb_fifo.c.obj
                0x0000000010007394                tu_fifo_write_n
 .text.tu_fifo_clear
                0x000000001000739e       0x3e CMakeFiles/msa.dir/home/pacmat/pico/pico-sdk/lib/tinyusb/src/common/tusb_fifo.c.obj
                0x000000001000739e                tu_fifo_clear
 .text.tu_fifo_set_overwritable
                0x00000000100073dc       0x46 CMakeFiles/msa.dir/home/pacmat/pico/pico-sdk/lib/tinyusb/src/common/tusb_fifo.c.obj
                0x00000000100073dc                tu_fifo_set_overwritable
 .text.i2c_write_blocking_internal
                0x0000000010007422      0x140 CMakeFiles/msa.dir/home/pacmat/pico/pico-sdk/src/rp2_common/hardware_i2c/i2c.c.obj
 *fill*         0x0000000010007562        0x2 
 .text.i2c_set_baudrate
                0x0000000010007564       0xf0 CMakeFiles/msa.dir/home/pacmat/pico/pico-sdk/src/rp2_common/hardware_i2c/i2c.c.obj
                0x0000000010007564                i2c_set_baudrate
 .text.i2c_init
                0x0000000010007654       0x58 CMakeFiles/msa.dir/home/pacmat/pico/pico-sdk/src/rp2_common/hardware_i2c/i2c.c.obj
                0x0000000010007654                i2c_init
 .text.i2c_write_blocking
                0x00000000100076ac       0x18 CMakeFiles/msa.dir/home/pacmat/pico/pico-sdk/src/rp2_common/hardware_i2c/i2c.c.obj
                0x00000000100076ac                i2c_write_blocking
 .text          0x00000000100076c4       0x28 /usr/lib/gcc/arm-none-eabi/10.3.1/../../../arm-none-eabi/lib/thumb/v6-m/nofp/libg.a(lib_a-malloc.o)
                0x00000000100076c4                malloc
                0x00000000100076d8                free
 .text          0x00000000100076ec      0x574 /usr/lib/gcc/arm-none-eabi/10.3.1/../../../arm-none-eabi/lib/thumb/v6-m/nofp/libg.a(lib_a-mallocr.o)
                0x00000000100076ec                _malloc_r
 .text          0x0000000010007c60        0x8 /usr/lib/gcc/arm-none-eabi/10.3.1/../../../arm-none-eabi/lib/thumb/v6-m/nofp/libg.a(lib_a-mlock.o)
                0x0000000010007c60                __malloc_lock
                0x0000000010007c64                __malloc_unlock
 .text          0x0000000010007c68       0x24 /usr/lib/gcc/arm-none-eabi/10.3.1/../../../arm-none-eabi/lib/thumb/v6-m/nofp/libg.a(lib_a-sbrkr.o)
                0x0000000010007c68                _sbrk_r
 .text          0x0000000010007c8c       0x5c /usr/lib/gcc/arm-none-eabi/10.3.1/../../../arm-none-eabi/lib/thumb/v6-m/nofp/libg.a(lib_a-strlen-stub.o)
                0x0000000010007c8c                strlen
 .text          0x0000000010007ce8      0x260 /usr/lib/gcc/arm-none-eabi/10.3.1/../../../arm-none-eabi/lib/thumb/v6-m/nofp/libg.a(lib_a-freer.o)
                0x0000000010007ce8                _malloc_trim_r
                0x0000000010007d84                _free_r
 *(.fini)
 .fini          0x0000000010007f48        0x4 /usr/lib/gcc/arm-none-eabi/10.3.1/thumb/v6-m/nofp/crti.o
                0x0000000010007f48                _fini
 *fill*         0x0000000010007f4c        0x4 
 .fini.__stub   0x0000000010007f50       0xe0 linker stubs
 *crtbegin.o(.ctors)
 *crtbegin?.o(.ctors)
 *(EXCLUDE_FILE(*crtend.o *crtend?.o) .ctors)
 *(SORT_BY_NAME(.ctors.*))
 *(.ctors)
 *crtbegin.o(.dtors)
 *crtbegin?.o(.dtors)
 *(EXCLUDE_FILE(*crtend.o *crtend?.o) .dtors)
 *(SORT_BY_NAME(.dtors.*))
 *(.dtors)
 *(.eh_frame*)
 .eh_frame      0x0000000010008030        0x0 /usr/lib/gcc/arm-none-eabi/10.3.1/thumb/v6-m/nofp/crtbegin.o
                0x0000000010008030                . = ALIGN (0x4)

.glue_7         0x0000000010008030        0x0
 .glue_7        0x0000000010008030        0x0 linker stubs

.glue_7t        0x0000000010008030        0x0
 .glue_7t       0x0000000010008030        0x0 linker stubs

.vfp11_veneer   0x0000000010008030        0x0
 .vfp11_veneer  0x0000000010008030        0x0 linker stubs

.v4_bx          0x0000000010008030        0x0
 .v4_bx         0x0000000010008030        0x0 linker stubs

.iplt           0x0000000010008030        0x0
 .iplt          0x0000000010008030        0x0 /usr/lib/gcc/arm-none-eabi/10.3.1/thumb/v6-m/nofp/crtbegin.o

.rodata         0x0000000010008030     0x1914
 *(EXCLUDE_FILE(*libm.a: *libc.a:*lib_a-mem*.o *libgcc.a:) .rodata*)
 .rodata.str1.4
                0x0000000010008030       0x48 CMakeFiles/msa.dir/msa.c.obj
 .rodata.main.str1.4
                0x0000000010008078       0x36 CMakeFiles/msa.dir/msa.c.obj
 *fill*         0x00000000100080ae        0x2 
 .rodata        0x00000000100080b0       0x34 CMakeFiles/msa.dir/msa.c.obj
 .rodata.font   0x00000000100080e4      0x128 CMakeFiles/msa.dir/msa.c.obj
 .rodata.spin_lock_claim_unused.str1.4
                0x000000001000820c       0x1b CMakeFiles/msa.dir/home/pacmat/pico/pico-sdk/src/rp2_common/hardware_sync/sync.c.obj
 *fill*         0x0000000010008227        0x1 
 .rodata.make_branch.str1.4
                0x0000000010008228       0x6d CMakeFiles/msa.dir/home/pacmat/pico/pico-sdk/src/rp2_common/hardware_irq/irq.c.obj
 *fill*         0x0000000010008295        0x3 
 .rodata.insert_branch_and_link.str1.4
                0x0000000010008298       0x10 CMakeFiles/msa.dir/home/pacmat/pico/pico-sdk/src/rp2_common/hardware_irq/irq.c.obj
 .rodata.irq_set_exclusive_handler.str1.4
                0x00000000100082a8       0x36 CMakeFiles/msa.dir/home/pacmat/pico/pico-sdk/src/rp2_common/hardware_irq/irq.c.obj
 *fill*         0x00000000100082de        0x2 
 .rodata.irq_add_shared_handler.str1.4
                0x00000000100082e0       0xd9 CMakeFiles/msa.dir/home/pacmat/pico/pico-sdk/src/rp2_common/hardware_irq/irq.c.obj
 *fill*         0x00000000100083b9        0x3 
 .rodata.irq_remove_handler.str1.4
                0x00000000100083bc       0x3a CMakeFiles/msa.dir/home/pacmat/pico/pico-sdk/src/rp2_common/hardware_irq/irq.c.obj
 *fill*         0x00000000100083f6        0x2 
 .rodata.irq_add_tail_to_free_list.str1.4
                0x00000000100083f8       0x3a CMakeFiles/msa.dir/home/pacmat/pico/pico-sdk/src/rp2_common/hardware_irq/irq.c.obj
 *fill*         0x0000000010008432        0x2 
 .rodata.user_irq_claim_unused.str1.4
                0x0000000010008434       0x1b CMakeFiles/msa.dir/home/pacmat/pico/pico-sdk/src/rp2_common/hardware_irq/irq.c.obj
 *fill*         0x000000001000844f        0x1 
 .rodata.__func__.0
                0x0000000010008450       0x1a CMakeFiles/msa.dir/home/pacmat/pico/pico-sdk/src/rp2_common/hardware_irq/irq.c.obj
 *fill*         0x000000001000846a        0x2 
 .rodata.__func__.1
                0x000000001000846c       0x17 CMakeFiles/msa.dir/home/pacmat/pico/pico-sdk/src/rp2_common/hardware_irq/irq.c.obj
 *fill*         0x0000000010008483        0x1 
 .rodata.__func__.2
                0x0000000010008484       0x13 CMakeFiles/msa.dir/home/pacmat/pico/pico-sdk/src/rp2_common/hardware_irq/irq.c.obj
 *fill*         0x0000000010008497        0x1 
 .rodata.__func__.3
                0x0000000010008498        0xc CMakeFiles/msa.dir/home/pacmat/pico/pico-sdk/src/rp2_common/hardware_irq/irq.c.obj
 .rodata.__func__.4
                0x00000000100084a4        0xf CMakeFiles/msa.dir/home/pacmat/pico/pico-sdk/src/rp2_common/hardware_irq/irq.c.obj
 *fill*         0x00000000100084b3        0x1 
 .rodata.__func__.5
                0x00000000100084b4       0x17 CMakeFiles/msa.dir/home/pacmat/pico/pico-sdk/src/rp2_common/hardware_irq/irq.c.obj
 *fill*         0x00000000100084cb        0x1 
 .rodata.__func__.6
                0x00000000100084cc       0x1a CMakeFiles/msa.dir/home/pacmat/pico/pico-sdk/src/rp2_common/hardware_irq/irq.c.obj
 *fill*         0x00000000100084e6        0x2 
 .rodata.str1.4
                0x00000000100084e8       0xed CMakeFiles/msa.dir/home/pacmat/pico/pico-sdk/src/common/pico_sync/mutex.c.obj
 *fill*         0x00000000100085d5        0x3 
 .rodata.__func__.1
                0x00000000100085d8        0xb CMakeFiles/msa.dir/home/pacmat/pico/pico-sdk/src/common/pico_sync/mutex.c.obj
 *fill*         0x00000000100085e3        0x1 
 .rodata.__func__.3
                0x00000000100085e4       0x18 CMakeFiles/msa.dir/home/pacmat/pico/pico-sdk/src/common/pico_sync/mutex.c.obj
 .rodata.__func__.4
                0x00000000100085fc       0x15 CMakeFiles/msa.dir/home/pacmat/pico/pico-sdk/src/common/pico_sync/mutex.c.obj
 *fill*         0x0000000010008611        0x3 
 .rodata.repeating_timer_callback.str1.4
                0x0000000010008614       0x4b CMakeFiles/msa.dir/home/pacmat/pico/pico-sdk/src/common/pico_time/time.c.obj
 *fill*         0x000000001000865f        0x1 
 .rodata.timer_pool_entry_comparator.str1.4
                0x0000000010008660       0x22 CMakeFiles/msa.dir/home/pacmat/pico/pico-sdk/src/common/pico_time/time.c.obj
 *fill*         0x0000000010008682        0x2 
 .rodata.ph_add_child_node.str1.4
                0x0000000010008684       0x96 CMakeFiles/msa.dir/home/pacmat/pico/pico-sdk/src/common/pico_time/time.c.obj
 *fill*         0x000000001000871a        0x2 
 .rodata.add_alarm_under_lock.str1.4
                0x000000001000871c       0x28 CMakeFiles/msa.dir/home/pacmat/pico/pico-sdk/src/common/pico_time/time.c.obj
                                         0x2b (size before relaxing)
 .rodata.alarm_pool_alarm_callback.str1.4
                0x0000000010008744       0x98 CMakeFiles/msa.dir/home/pacmat/pico/pico-sdk/src/common/pico_time/time.c.obj
                                         0xfc (size before relaxing)
 .rodata.alarm_pool_get_default.str1.4
                0x00000000100087dc       0x21 CMakeFiles/msa.dir/home/pacmat/pico/pico-sdk/src/common/pico_time/time.c.obj
 *fill*         0x00000000100087fd        0x3 
 .rodata.alarm_pool_cancel_alarm.str1.4
                0x0000000010008800       0x27 CMakeFiles/msa.dir/home/pacmat/pico/pico-sdk/src/common/pico_time/time.c.obj
 *fill*         0x0000000010008827        0x1 
 .rodata.sleep_until.str1.4
                0x0000000010008828       0x4d CMakeFiles/msa.dir/home/pacmat/pico/pico-sdk/src/common/pico_time/time.c.obj
 *fill*         0x0000000010008875        0x3 
 .rodata.__func__.1
                0x0000000010008878       0x18 CMakeFiles/msa.dir/home/pacmat/pico/pico-sdk/src/common/pico_time/time.c.obj
 .rodata.__func__.10
                0x0000000010008890       0x15 CMakeFiles/msa.dir/home/pacmat/pico/pico-sdk/src/common/pico_time/time.c.obj
 *fill*         0x00000000100088a5        0x3 
 .rodata.__func__.11
                0x00000000100088a8       0x1a CMakeFiles/msa.dir/home/pacmat/pico/pico-sdk/src/common/pico_time/time.c.obj
 *fill*         0x00000000100088c2        0x2 
 .rodata.__func__.12
                0x00000000100088c4        0xa CMakeFiles/msa.dir/home/pacmat/pico/pico-sdk/src/common/pico_time/time.c.obj
 *fill*         0x00000000100088ce        0x2 
 .rodata.__func__.3
                0x00000000100088d0       0x17 CMakeFiles/msa.dir/home/pacmat/pico/pico-sdk/src/common/pico_time/time.c.obj
 *fill*         0x00000000100088e7        0x1 
 .rodata.__func__.4
                0x00000000100088e8       0x12 CMakeFiles/msa.dir/home/pacmat/pico/pico-sdk/src/common/pico_time/time.c.obj
 *fill*         0x00000000100088fa        0x2 
 .rodata.__func__.5
                0x00000000100088fc        0xd CMakeFiles/msa.dir/home/pacmat/pico/pico-sdk/src/common/pico_time/time.c.obj
 *fill*         0x0000000010008909        0x3 
 .rodata.__func__.6
                0x000000001000890c       0x12 CMakeFiles/msa.dir/home/pacmat/pico/pico-sdk/src/common/pico_time/time.c.obj
 *fill*         0x000000001000891e        0x2 
 .rodata.__func__.7
                0x0000000010008920        0xf CMakeFiles/msa.dir/home/pacmat/pico/pico-sdk/src/common/pico_time/time.c.obj
 *fill*         0x000000001000892f        0x1 
 .rodata.__func__.8
                0x0000000010008930        0xc CMakeFiles/msa.dir/home/pacmat/pico/pico-sdk/src/common/pico_time/time.c.obj
 .rodata.__func__.9
                0x000000001000893c       0x15 CMakeFiles/msa.dir/home/pacmat/pico/pico-sdk/src/common/pico_time/time.c.obj
 *fill*         0x0000000010008951        0x3 
 .rodata.hardware_alarm_claim.str1.4
                0x0000000010008954       0x22 CMakeFiles/msa.dir/home/pacmat/pico/pico-sdk/src/rp2_common/hardware_timer/timer.c.obj
 .rodata.busy_wait_us.str1.4
                0x0000000010008976       0x61 CMakeFiles/msa.dir/home/pacmat/pico/pico-sdk/src/rp2_common/hardware_timer/timer.c.obj
 *fill*         0x0000000010008976        0x2 
 .rodata.hardware_alarm_set_target.str1.4
                0x0000000010008978       0x65 CMakeFiles/msa.dir/home/pacmat/pico/pico-sdk/src/rp2_common/hardware_timer/timer.c.obj
 *fill*         0x00000000100089dd        0x3 
 .rodata.__func__.0
                0x00000000100089e0       0x1a CMakeFiles/msa.dir/home/pacmat/pico/pico-sdk/src/rp2_common/hardware_timer/timer.c.obj
 *fill*         0x00000000100089fa        0x2 
 .rodata.__func__.1
                0x00000000100089fc       0x15 CMakeFiles/msa.dir/home/pacmat/pico/pico-sdk/src/rp2_common/hardware_timer/timer.c.obj
 .rodata.ph_add_child_node.str1.4
                0x0000000010008a11       0x96 CMakeFiles/msa.dir/home/pacmat/pico/pico-sdk/src/common/pico_util/pheap.c.obj
 *fill*         0x0000000010008a11        0x3 
 .rodata.ph_remove_any_head.str1.4
                0x0000000010008a14       0x8c CMakeFiles/msa.dir/home/pacmat/pico/pico-sdk/src/common/pico_util/pheap.c.obj
                                         0xa0 (size before relaxing)
 .rodata.ph_remove_and_free_node.str1.4
                0x0000000010008aa0       0x1e CMakeFiles/msa.dir/home/pacmat/pico/pico-sdk/src/common/pico_util/pheap.c.obj
                                         0x26 (size before relaxing)
 *fill*         0x0000000010008abe        0x2 
 .rodata.__func__.0
                0x0000000010008ac0       0x18 CMakeFiles/msa.dir/home/pacmat/pico/pico-sdk/src/common/pico_util/pheap.c.obj
 .rodata.__func__.1
                0x0000000010008ad8       0x13 CMakeFiles/msa.dir/home/pacmat/pico/pico-sdk/src/common/pico_util/pheap.c.obj
 *fill*         0x0000000010008aeb        0x1 
 .rodata.__func__.2
                0x0000000010008aec       0x12 CMakeFiles/msa.dir/home/pacmat/pico/pico-sdk/src/common/pico_util/pheap.c.obj
 *fill*         0x0000000010008afe        0x2 
 .rodata.__func__.3
                0x0000000010008b00        0xc CMakeFiles/msa.dir/home/pacmat/pico/pico-sdk/src/common/pico_util/pheap.c.obj
 .rodata.clock_configure.str1.4
                0x0000000010008b0c       0x57 CMakeFiles/msa.dir/home/pacmat/pico/pico-sdk/src/rp2_common/hardware_clocks/clocks.c.obj
 *fill*         0x0000000010008b63        0x1 
 .rodata.__func__.1
                0x0000000010008b64       0x10 CMakeFiles/msa.dir/home/pacmat/pico/pico-sdk/src/rp2_common/hardware_clocks/clocks.c.obj
 .rodata.pll_init.str1.4
                0x0000000010008b74      0x124 CMakeFiles/msa.dir/home/pacmat/pico/pico-sdk/src/rp2_common/hardware_pll/pll.c.obj
 .rodata.__func__.0
                0x0000000010008c98        0x9 CMakeFiles/msa.dir/home/pacmat/pico/pico-sdk/src/rp2_common/hardware_pll/pll.c.obj
 *fill*         0x0000000010008ca1        0x3 
 .rodata.__assert_func.str1.4
                0x0000000010008ca4       0x3f CMakeFiles/msa.dir/home/pacmat/pico/pico-sdk/src/rp2_common/pico_runtime/runtime.c.obj
                                         0x43 (size before relaxing)
 *fill*         0x0000000010008ce3        0x1 
 .rodata.runtime_init.str1.4
                0x0000000010008ce4       0x61 CMakeFiles/msa.dir/home/pacmat/pico/pico-sdk/src/rp2_common/pico_runtime/runtime.c.obj
 *fill*         0x0000000010008d45        0x3 
 .rodata.panic.str1.4
                0x0000000010008d48       0x12 CMakeFiles/msa.dir/home/pacmat/pico/pico-sdk/src/rp2_common/pico_runtime/runtime.c.obj
 *fill*         0x0000000010008d5a        0x2 
 .rodata.__func__.2
                0x0000000010008d5c        0xd CMakeFiles/msa.dir/home/pacmat/pico/pico-sdk/src/rp2_common/pico_runtime/runtime.c.obj
 *fill*         0x0000000010008d69        0x3 
 .rodata._ftoa.str1.4
                0x0000000010008d6c       0x15 CMakeFiles/msa.dir/home/pacmat/pico/pico-sdk/src/rp2_common/pico_printf/printf.c.obj
 *fill*         0x0000000010008d81        0x3 
 .rodata._vsnprintf
                0x0000000010008d84      0x1e0 CMakeFiles/msa.dir/home/pacmat/pico/pico-sdk/src/rp2_common/pico_printf/printf.c.obj
 *fill*         0x0000000010008f64        0x4 
 .rodata.pow10.0
                0x0000000010008f68       0x50 CMakeFiles/msa.dir/home/pacmat/pico/pico-sdk/src/rp2_common/pico_printf/printf.c.obj
 .rodata.__aeabi_double_init.str1.4
                0x0000000010008fb8       0x9c CMakeFiles/msa.dir/home/pacmat/pico/pico-sdk/src/rp2_common/pico_double/double_init_rom.c.obj
 .rodata.__func__.0
                0x0000000010009054       0x14 CMakeFiles/msa.dir/home/pacmat/pico/pico-sdk/src/rp2_common/pico_double/double_init_rom.c.obj
 .rodata.__aeabi_float_init.str1.4
                0x0000000010009068       0x7a CMakeFiles/msa.dir/home/pacmat/pico/pico-sdk/src/rp2_common/pico_float/float_init_rom.c.obj
                                         0x7e (size before relaxing)
 *fill*         0x00000000100090e2        0x2 
 .rodata.__func__.0
                0x00000000100090e4       0x13 CMakeFiles/msa.dir/home/pacmat/pico/pico-sdk/src/rp2_common/pico_float/float_init_rom.c.obj
 *fill*         0x00000000100090f7        0x1 
 .rodata.__wrap_malloc.str1.4
                0x00000000100090f8        0xe CMakeFiles/msa.dir/home/pacmat/pico/pico-sdk/src/rp2_common/pico_malloc/pico_malloc.c.obj
 *fill*         0x0000000010009106        0x2 
 .rodata.str1.4
                0x0000000010009108       0x3c CMakeFiles/msa.dir/home/pacmat/pico/pico-sdk/src/rp2_common/pico_standard_link/binary_info.c.obj
 .rodata.__bi_44
                0x0000000010009144        0xc CMakeFiles/msa.dir/home/pacmat/pico/pico-sdk/src/rp2_common/pico_standard_link/binary_info.c.obj
 .rodata.__bi_56
                0x0000000010009150        0xc CMakeFiles/msa.dir/home/pacmat/pico/pico-sdk/src/rp2_common/pico_standard_link/binary_info.c.obj
 .rodata.__bi_75
                0x000000001000915c        0xc CMakeFiles/msa.dir/home/pacmat/pico/pico-sdk/src/rp2_common/pico_standard_link/binary_info.c.obj
 .rodata.__bi_81
                0x0000000010009168        0xc CMakeFiles/msa.dir/home/pacmat/pico/pico-sdk/src/rp2_common/pico_standard_link/binary_info.c.obj
 .rodata.stdout_serialize_begin.str1.4
                0x0000000010009174       0x61 CMakeFiles/msa.dir/home/pacmat/pico/pico-sdk/src/rp2_common/pico_stdio/stdio.c.obj
 .rodata.__func__.3
                0x0000000010009174       0x15 CMakeFiles/msa.dir/home/pacmat/pico/pico-sdk/src/rp2_common/pico_stdio/stdio.c.obj
 *fill*         0x0000000010009189        0x3 
 .rodata.crlf_str.2
                0x000000001000918c        0x2 CMakeFiles/msa.dir/home/pacmat/pico/pico-sdk/src/rp2_common/pico_stdio/stdio.c.obj
 *fill*         0x000000001000918e        0x2 
 .rodata.str1.4
                0x0000000010009190       0x2c CMakeFiles/msa.dir/home/pacmat/pico/pico-sdk/src/rp2_common/pico_stdio_uart/stdio_uart.c.obj
 .rodata.__bi_33.4
                0x00000000100091bc        0xc CMakeFiles/msa.dir/home/pacmat/pico/pico-sdk/src/rp2_common/pico_stdio_uart/stdio_uart.c.obj
 .rodata.__bi_34.5
                0x00000000100091c8        0x8 CMakeFiles/msa.dir/home/pacmat/pico/pico-sdk/src/rp2_common/pico_stdio_uart/stdio_uart.c.obj
 .rodata._resetd_driver
                0x00000000100091d0       0x18 CMakeFiles/msa.dir/home/pacmat/pico/pico-sdk/src/rp2_common/pico_stdio_usb/reset_interface.c.obj
 .rodata.low_priority_worker_irq.str1.4
                0x00000000100091e8       0x61 CMakeFiles/msa.dir/home/pacmat/pico/pico-sdk/src/rp2_common/pico_stdio_usb/stdio_usb.c.obj
 .rodata.stdio_usb_init.str1.4
                0x00000000100091e8       0x45 CMakeFiles/msa.dir/home/pacmat/pico/pico-sdk/src/rp2_common/pico_stdio_usb/stdio_usb.c.obj
                                         0x4d (size before relaxing)
 *fill*         0x000000001000922d        0x3 
 .rodata.str1.4
                0x0000000010009230       0x13 CMakeFiles/msa.dir/home/pacmat/pico/pico-sdk/src/rp2_common/pico_stdio_usb/stdio_usb.c.obj
 *fill*         0x0000000010009243        0x1 
 .rodata.__bi_182.0
                0x0000000010009244        0xc CMakeFiles/msa.dir/home/pacmat/pico/pico-sdk/src/rp2_common/pico_stdio_usb/stdio_usb.c.obj
 .rodata.__func__.1
                0x0000000010009250        0xf CMakeFiles/msa.dir/home/pacmat/pico/pico-sdk/src/rp2_common/pico_stdio_usb/stdio_usb.c.obj
 *fill*         0x000000001000925f        0x1 
 .rodata.__func__.3
                0x0000000010009260       0x15 CMakeFiles/msa.dir/home/pacmat/pico/pico-sdk/src/rp2_common/pico_stdio_usb/stdio_usb.c.obj
 *fill*         0x0000000010009275        0x3 
 .rodata.str1.4
                0x0000000010009278       0x2a CMakeFiles/msa.dir/home/pacmat/pico/pico-sdk/src/rp2_common/pico_stdio_usb/stdio_usb_descriptors.c.obj
 *fill*         0x00000000100092a2        0x2 
 .rodata.usbd_desc_cfg
                0x00000000100092a4       0x54 CMakeFiles/msa.dir/home/pacmat/pico/pico-sdk/src/rp2_common/pico_stdio_usb/stdio_usb_descriptors.c.obj
 .rodata.usbd_desc_device
                0x00000000100092f8       0x12 CMakeFiles/msa.dir/home/pacmat/pico/pico-sdk/src/rp2_common/pico_stdio_usb/stdio_usb_descriptors.c.obj
 *fill*         0x000000001000930a        0x2 
 .rodata.usbd_desc_str
                0x000000001000930c       0x18 CMakeFiles/msa.dir/home/pacmat/pico/pico-sdk/src/rp2_common/pico_stdio_usb/stdio_usb_descriptors.c.obj
 .rodata.pico_get_unique_board_id_string.str1.4
                0x0000000010009324       0x4d CMakeFiles/msa.dir/home/pacmat/pico/pico-sdk/src/rp2_common/pico_unique_id/unique_id.c.obj
 *fill*         0x0000000010009371        0x3 
 .rodata.__func__.0
                0x0000000010009374       0x20 CMakeFiles/msa.dir/home/pacmat/pico/pico-sdk/src/rp2_common/pico_unique_id/unique_id.c.obj
 .rodata.str1.4
                0x0000000010009394      0x15a CMakeFiles/msa.dir/home/pacmat/pico/pico-sdk/src/rp2_common/hardware_flash/flash.c.obj
 *fill*         0x00000000100094ee        0x2 
 .rodata.__func__.0
                0x00000000100094f0        0xd CMakeFiles/msa.dir/home/pacmat/pico/pico-sdk/src/rp2_common/hardware_flash/flash.c.obj
 *fill*         0x00000000100094fd        0x3 
 .rodata._hw_endpoint_alloc.str1.4
                0x0000000010009500       0xb5 CMakeFiles/msa.dir/home/pacmat/pico/pico-sdk/lib/tinyusb/src/portable/raspberrypi/rp2040/dcd_rp2040.c.obj
 *fill*         0x00000000100095b5        0x3 
 .rodata.str1.4
                0x00000000100095b8       0x14 CMakeFiles/msa.dir/home/pacmat/pico/pico-sdk/lib/tinyusb/src/portable/raspberrypi/rp2040/dcd_rp2040.c.obj
 .rodata.dcd_int_enable.str1.4
                0x00000000100095cc        0xc CMakeFiles/msa.dir/home/pacmat/pico/pico-sdk/lib/tinyusb/src/portable/raspberrypi/rp2040/dcd_rp2040.c.obj
 .rodata.__func__.0
                0x00000000100095d8        0xe CMakeFiles/msa.dir/home/pacmat/pico/pico-sdk/lib/tinyusb/src/portable/raspberrypi/rp2040/dcd_rp2040.c.obj
 *fill*         0x00000000100095e6        0x2 
 .rodata.__func__.1
                0x00000000100095e8        0xe CMakeFiles/msa.dir/home/pacmat/pico/pico-sdk/lib/tinyusb/src/portable/raspberrypi/rp2040/dcd_rp2040.c.obj
 *fill*         0x00000000100095f6        0x2 
 .rodata.__func__.3
                0x00000000100095f8       0x10 CMakeFiles/msa.dir/home/pacmat/pico/pico-sdk/lib/tinyusb/src/portable/raspberrypi/rp2040/dcd_rp2040.c.obj
 .rodata.__func__.5
                0x0000000010009608        0xf CMakeFiles/msa.dir/home/pacmat/pico/pico-sdk/lib/tinyusb/src/portable/raspberrypi/rp2040/dcd_rp2040.c.obj
 *fill*         0x0000000010009617        0x1 
 .rodata.__func__.6
                0x0000000010009618       0x13 CMakeFiles/msa.dir/home/pacmat/pico/pico-sdk/lib/tinyusb/src/portable/raspberrypi/rp2040/dcd_rp2040.c.obj
 *fill*         0x000000001000962b        0x1 
 .rodata.__func__.7
                0x000000001000962c        0x9 CMakeFiles/msa.dir/home/pacmat/pico/pico-sdk/lib/tinyusb/src/portable/raspberrypi/rp2040/dcd_rp2040.c.obj
 *fill*         0x0000000010009635        0x3 
 .rodata.str1.4
                0x0000000010009638       0xdd CMakeFiles/msa.dir/home/pacmat/pico/pico-sdk/lib/tinyusb/src/portable/raspberrypi/rp2040/rp2040_usb.c.obj
                                         0xe7 (size before relaxing)
 *fill*         0x0000000010009715        0x3 
 .rodata.__func__.0
                0x0000000010009718        0xf CMakeFiles/msa.dir/home/pacmat/pico/pico-sdk/lib/tinyusb/src/portable/raspberrypi/rp2040/rp2040_usb.c.obj
 *fill*         0x0000000010009727        0x1 
 .rodata.process_get_descriptor
                0x0000000010009728       0x40 CMakeFiles/msa.dir/home/pacmat/pico/pico-sdk/lib/tinyusb/src/device/usbd.c.obj
 .rodata.process_control_request
                0x0000000010009768       0x28 CMakeFiles/msa.dir/home/pacmat/pico/pico-sdk/lib/tinyusb/src/device/usbd.c.obj
 .rodata.tud_task_ext
                0x0000000010009790       0x24 CMakeFiles/msa.dir/home/pacmat/pico/pico-sdk/lib/tinyusb/src/device/usbd.c.obj
 .rodata._usbd_driver
                0x00000000100097b4       0x18 CMakeFiles/msa.dir/home/pacmat/pico/pico-sdk/lib/tinyusb/src/device/usbd.c.obj
 .rodata.i2c_set_baudrate.str1.4
                0x00000000100097cc       0x5d CMakeFiles/msa.dir/home/pacmat/pico/pico-sdk/src/rp2_common/hardware_i2c/i2c.c.obj
 *fill*         0x0000000010009829        0x3 
 .rodata.__func__.0
                0x000000001000982c       0x11 CMakeFiles/msa.dir/home/pacmat/pico/pico-sdk/src/rp2_common/hardware_i2c/i2c.c.obj
 *fill*         0x000000001000983d        0x3 
 .rodata        0x0000000010009840      0x101 /usr/lib/gcc/arm-none-eabi/10.3.1/../../../arm-none-eabi/lib/thumb/v6-m/nofp/libg.a(lib_a-ctype_.o)
                0x0000000010009840                _ctype_
                0x0000000010009944                . = ALIGN (0x4)
 *fill*         0x0000000010009941        0x3 
 *(SORT_BY_ALIGNMENT(SORT_BY_NAME(.flashdata*)))
                0x0000000010009944                . = ALIGN (0x4)

.ARM.extab
 *(.ARM.extab* .gnu.linkonce.armextab.*)
                0x0000000010009944                __exidx_start = .

.ARM.exidx
 *(.ARM.exidx* .gnu.linkonce.armexidx.*)
                0x0000000010009944                __exidx_end = .
                0x0000000010009944                . = ALIGN (0x4)
                0x0000000010009944                __binary_info_start = .

.binary_info    0x0000000010009944       0x2c
 *(.binary_info.keep.*)
 .binary_info.keep.__bi_ptr22
                0x0000000010009944        0x4 CMakeFiles/msa.dir/home/pacmat/pico/pico-sdk/src/rp2_common/pico_standard_link/binary_info.c.obj
 .binary_info.keep.__bi_ptr30
                0x0000000010009948        0x4 CMakeFiles/msa.dir/home/pacmat/pico/pico-sdk/src/rp2_common/pico_standard_link/binary_info.c.obj
 .binary_info.keep.__bi_ptr38
                0x000000001000994c        0x4 CMakeFiles/msa.dir/home/pacmat/pico/pico-sdk/src/rp2_common/pico_standard_link/binary_info.c.obj
 .binary_info.keep.__bi_ptr44
                0x0000000010009950        0x4 CMakeFiles/msa.dir/home/pacmat/pico/pico-sdk/src/rp2_common/pico_standard_link/binary_info.c.obj
 .binary_info.keep.__bi_ptr50
                0x0000000010009954        0x4 CMakeFiles/msa.dir/home/pacmat/pico/pico-sdk/src/rp2_common/pico_standard_link/binary_info.c.obj
 .binary_info.keep.__bi_ptr56
                0x0000000010009958        0x4 CMakeFiles/msa.dir/home/pacmat/pico/pico-sdk/src/rp2_common/pico_standard_link/binary_info.c.obj
 .binary_info.keep.__bi_ptr75
                0x000000001000995c        0x4 CMakeFiles/msa.dir/home/pacmat/pico/pico-sdk/src/rp2_common/pico_standard_link/binary_info.c.obj
 .binary_info.keep.__bi_ptr81
                0x0000000010009960        0x4 CMakeFiles/msa.dir/home/pacmat/pico/pico-sdk/src/rp2_common/pico_standard_link/binary_info.c.obj
 *(.binary_info.*)
 .binary_info.__bi_ptr33
                0x0000000010009964        0x4 CMakeFiles/msa.dir/home/pacmat/pico/pico-sdk/src/rp2_common/pico_stdio_uart/stdio_uart.c.obj
 .binary_info.__bi_ptr34
                0x0000000010009968        0x4 CMakeFiles/msa.dir/home/pacmat/pico/pico-sdk/src/rp2_common/pico_stdio_uart/stdio_uart.c.obj
 .binary_info.__bi_ptr182
                0x000000001000996c        0x4 CMakeFiles/msa.dir/home/pacmat/pico/pico-sdk/src/rp2_common/pico_stdio_usb/stdio_usb.c.obj
                0x0000000010009970                __binary_info_end = .

.rel.dyn        0x0000000010009970        0x0
 .rel.iplt      0x0000000010009970        0x0 /usr/lib/gcc/arm-none-eabi/10.3.1/thumb/v6-m/nofp/crtbegin.o
                0x0000000010009970                . = ALIGN (0x4)

.ram_vector_table
                0x0000000020000000       0xc0
 *(.ram_vector_table)
 .ram_vector_table
                0x0000000020000000       0xc0 CMakeFiles/msa.dir/home/pacmat/pico/pico-sdk/src/rp2_common/pico_runtime/runtime.c.obj
                0x0000000020000000                ram_vector_table

.data           0x00000000200000c0     0x1450 load address 0x0000000010009970
                0x00000000200000c0                __data_start__ = .
 *(vtable)
 *(.time_critical*)
 .time_critical.mutex_try_enter
                0x00000000200000c0       0x46 CMakeFiles/msa.dir/home/pacmat/pico/pico-sdk/src/common/pico_sync/mutex.c.obj
                0x00000000200000c0                mutex_try_enter
 *fill*         0x0000000020000106        0x2 
 .time_critical.mutex_enter_block_until
                0x0000000020000108       0x8c CMakeFiles/msa.dir/home/pacmat/pico/pico-sdk/src/common/pico_sync/mutex.c.obj
                0x0000000020000108                mutex_enter_block_until
 .time_critical.mutex_try_enter_block_until
                0x0000000020000194       0x34 CMakeFiles/msa.dir/home/pacmat/pico/pico-sdk/src/common/pico_sync/mutex.c.obj
                0x0000000020000194                mutex_try_enter_block_until
 .time_critical.mutex_enter_timeout_ms
                0x00000000200001c8       0x68 CMakeFiles/msa.dir/home/pacmat/pico/pico-sdk/src/common/pico_sync/mutex.c.obj
                0x00000000200001c8                mutex_enter_timeout_ms
 .time_critical.mutex_exit
                0x0000000020000230       0x4c CMakeFiles/msa.dir/home/pacmat/pico/pico-sdk/src/common/pico_sync/mutex.c.obj
                0x0000000020000230                mutex_exit
 .time_critical.flash_init_boot2_copyout
                0x000000002000027c       0x30 CMakeFiles/msa.dir/home/pacmat/pico/pico-sdk/src/rp2_common/hardware_flash/flash.c.obj
 .time_critical.flash_enable_xip_via_boot2
                0x00000000200002ac       0x10 CMakeFiles/msa.dir/home/pacmat/pico/pico-sdk/src/rp2_common/hardware_flash/flash.c.obj
 .time_critical.flash_cs_force
                0x00000000200002bc       0x28 CMakeFiles/msa.dir/home/pacmat/pico/pico-sdk/src/rp2_common/hardware_flash/flash.c.obj
 .time_critical.flash_do_cmd
                0x00000000200002e4       0xd8 CMakeFiles/msa.dir/home/pacmat/pico/pico-sdk/src/rp2_common/hardware_flash/flash.c.obj
                0x00000000200002e4                flash_do_cmd
 .time_critical.reset_non_control_endpoints
                0x00000000200003bc       0x40 CMakeFiles/msa.dir/home/pacmat/pico/pico-sdk/lib/tinyusb/src/portable/raspberrypi/rp2040/dcd_rp2040.c.obj
 .time_critical.hw_handle_buff_status
                0x00000000200003fc       0xa4 CMakeFiles/msa.dir/home/pacmat/pico/pico-sdk/lib/tinyusb/src/portable/raspberrypi/rp2040/dcd_rp2040.c.obj
 .time_critical.dcd_rp2040_irq
                0x00000000200004a0      0x1cc CMakeFiles/msa.dir/home/pacmat/pico/pico-sdk/lib/tinyusb/src/portable/raspberrypi/rp2040/dcd_rp2040.c.obj
 .time_critical.e15_is_bulkin_ep
                0x000000002000066c       0x2c CMakeFiles/msa.dir/home/pacmat/pico/pico-sdk/lib/tinyusb/src/portable/raspberrypi/rp2040/rp2040_usb.c.obj
 .time_critical.e15_is_critical_frame_period
                0x0000000020000698       0x30 CMakeFiles/msa.dir/home/pacmat/pico/pico-sdk/lib/tinyusb/src/portable/raspberrypi/rp2040/rp2040_usb.c.obj
 .time_critical.prepare_ep_buffer
                0x00000000200006c8       0x70 CMakeFiles/msa.dir/home/pacmat/pico/pico-sdk/lib/tinyusb/src/portable/raspberrypi/rp2040/rp2040_usb.c.obj
 .time_critical.sync_ep_buffer
                0x0000000020000738       0x80 CMakeFiles/msa.dir/home/pacmat/pico/pico-sdk/lib/tinyusb/src/portable/raspberrypi/rp2040/rp2040_usb.c.obj
 .time_critical._hw_endpoint_xfer_sync
                0x00000000200007b8       0x28 CMakeFiles/msa.dir/home/pacmat/pico/pico-sdk/lib/tinyusb/src/portable/raspberrypi/rp2040/rp2040_usb.c.obj
 .time_critical.hw_endpoint_reset_transfer
                0x00000000200007e0        0xc CMakeFiles/msa.dir/home/pacmat/pico/pico-sdk/lib/tinyusb/src/portable/raspberrypi/rp2040/rp2040_usb.c.obj
                0x00000000200007e0                hw_endpoint_reset_transfer
 .time_critical._hw_endpoint_buffer_control_update32
                0x00000000200007ec       0x58 CMakeFiles/msa.dir/home/pacmat/pico/pico-sdk/lib/tinyusb/src/portable/raspberrypi/rp2040/rp2040_usb.c.obj
                0x00000000200007ec                _hw_endpoint_buffer_control_update32
 .time_critical.hw_endpoint_start_next_buffer
                0x0000000020000844       0x88 CMakeFiles/msa.dir/home/pacmat/pico/pico-sdk/lib/tinyusb/src/portable/raspberrypi/rp2040/rp2040_usb.c.obj
                0x0000000020000844                hw_endpoint_start_next_buffer
 .time_critical.hw_endpoint_xfer_continue