Archive member included to satisfy reference by file (symbol)

ssd1306_display/libssd1306_display.a(ssd1306_display.c.obj)
                              CMakeFiles/msa.dir/msa.c.obj (calc_render_area_buflen)
/usr/lib/gcc/arm-none-eabi/10.3.1/thumb/v6-m/nofp/libgcc.a(_dvmd_tls.o)
                              CMakeFiles/msa.dir/home/pacmat/pico/pico-sdk/src/rp2_common/pico_divider/divider.S.obj (__aeabi_idiv0)
/usr/lib/gcc/arm-none-eabi/10.3.1/../../../arm-none-eabi/lib/thumb/v6-m/nofp/libg.a(lib_a-atexit.o)
                              /usr/lib/gcc/arm-none-eabi/10.3.1/../../../arm-none-eabi/lib/thumb/v6-m/nofp/crt0.o (atexit)
/usr/lib/gcc/arm-none-eabi/10.3.1/../../../arm-none-eabi/lib/thumb/v6-m/nofp/libg.a(lib_a-calloc.o)
                              CMakeFiles/msa.dir/home/pacmat/pico/pico-sdk/src/rp2_common/pico_malloc/pico_malloc.c.obj (calloc)
/usr/lib/gcc/arm-none-eabi/10.3.1/../../../arm-none-eabi/lib/thumb/v6-m/nofp/libg.a(lib_a-callocr.o)
                              /usr/lib/gcc/arm-none-eabi/10.3.1/../../../arm-none-eabi/lib/thumb/v6-m/nofp/libg.a(lib_a-calloc.o) (_calloc_r)
/usr/lib/gcc/arm-none-eabi/10.3.1/../../../arm-none-eabi/lib/thumb/v6-m/nofp/libg.a(lib_a-ctype_.o)
                              ssd1306_display/libssd1306_display.a(ssd1306_display.c.obj) (_ctype_)
/usr/lib/gcc/arm-none-eabi/10.3.1/../../../arm-none-eabi/lib/thumb/v6-m/nofp/libg.a(lib_a-fini.o)
                              /usr/lib/gcc/arm-none-eabi/10.3.1/../../../arm-none-eabi/lib/thumb/v6-m/nofp/crt0.o (__libc_fini_array)
/usr/lib/gcc/arm-none-eabi/10.3.1/../../../arm-none-eabi/lib/thumb/v6-m/nofp/libg.a(lib_a-impure.o)
                              /usr/lib/gcc/arm-none-eabi/10.3.1/../../../arm-none-eabi/lib/thumb/v6-m/nofp/libg.a(lib_a-calloc.o) (_impure_ptr)
/usr/lib/gcc/arm-none-eabi/10.3.1/../../../arm-none-eabi/lib/thumb/v6-m/nofp/libg.a(lib_a-init.o)
                              /usr/lib/gcc/arm-none-eabi/10.3.1/../../../arm-none-eabi/lib/thumb/v6-m/nofp/crt0.o (__libc_init_array)
/usr/lib/gcc/arm-none-eabi/10.3.1/../../../arm-none-eabi/lib/thumb/v6-m/nofp/libg.a(lib_a-malloc.o)
                              CMakeFiles/msa.dir/home/pacmat/pico/pico-sdk/src/rp2_common/pico_malloc/pico_malloc.c.obj (malloc)
/usr/lib/gcc/arm-none-eabi/10.3.1/../../../arm-none-eabi/lib/thumb/v6-m/nofp/libg.a(lib_a-mallocr.o)
                              /usr/lib/gcc/arm-none-eabi/10.3.1/../../../arm-none-eabi/lib/thumb/v6-m/nofp/libg.a(lib_a-callocr.o) (_malloc_r)
/usr/lib/gcc/arm-none-eabi/10.3.1/../../../arm-none-eabi/lib/thumb/v6-m/nofp/libg.a(lib_a-mlock.o)
                              /usr/lib/gcc/arm-none-eabi/10.3.1/../../../arm-none-eabi/lib/thumb/v6-m/nofp/libg.a(lib_a-mallocr.o) (__malloc_lock)
/usr/lib/gcc/arm-none-eabi/10.3.1/../../../arm-none-eabi/lib/thumb/v6-m/nofp/libg.a(lib_a-realloc.o)
                              CMakeFiles/msa.dir/home/pacmat/pico/pico-sdk/src/rp2_common/pico_malloc/pico_malloc.c.obj (realloc)
/usr/lib/gcc/arm-none-eabi/10.3.1/../../../arm-none-eabi/lib/thumb/v6-m/nofp/libg.a(lib_a-reallocr.o)
                              /usr/lib/gcc/arm-none-eabi/10.3.1/../../../arm-none-eabi/lib/thumb/v6-m/nofp/libg.a(lib_a-realloc.o) (_realloc_r)
/usr/lib/gcc/arm-none-eabi/10.3.1/../../../arm-none-eabi/lib/thumb/v6-m/nofp/libg.a(lib_a-sbrkr.o)
                              /usr/lib/gcc/arm-none-eabi/10.3.1/../../../arm-none-eabi/lib/thumb/v6-m/nofp/libg.a(lib_a-mallocr.o) (_sbrk_r)
/usr/lib/gcc/arm-none-eabi/10.3.1/../../../arm-none-eabi/lib/thumb/v6-m/nofp/libg.a(lib_a-strlen-stub.o)
                              CMakeFiles/msa.dir/home/pacmat/pico/pico-sdk/src/rp2_common/pico_stdio/stdio.c.obj (strlen)
/usr/lib/gcc/arm-none-eabi/10.3.1/../../../arm-none-eabi/lib/thumb/v6-m/nofp/libg.a(lib_a-__atexit.o)
                              /usr/lib/gcc/arm-none-eabi/10.3.1/../../../arm-none-eabi/lib/thumb/v6-m/nofp/libg.a(lib_a-atexit.o) (__register_exitproc)
/usr/lib/gcc/arm-none-eabi/10.3.1/../../../arm-none-eabi/lib/thumb/v6-m/nofp/libg.a(lib_a-freer.o)
                              /usr/lib/gcc/arm-none-eabi/10.3.1/../../../arm-none-eabi/lib/thumb/v6-m/nofp/libg.a(lib_a-malloc.o) (_free_r)
/usr/lib/gcc/arm-none-eabi/10.3.1/../../../arm-none-eabi/lib/thumb/v6-m/nofp/libg.a(lib_a-memmove.o)
                              /usr/lib/gcc/arm-none-eabi/10.3.1/../../../arm-none-eabi/lib/thumb/v6-m/nofp/libg.a(lib_a-reallocr.o) (memmove)
/usr/lib/gcc/arm-none-eabi/10.3.1/../../../arm-none-eabi/lib/thumb/v6-m/nofp/libg.a(lib_a-reent.o)
                              /usr/lib/gcc/arm-none-eabi/10.3.1/../../../arm-none-eabi/lib/thumb/v6-m/nofp/libg.a(lib_a-sbrkr.o) (errno)

Discarded input sections

 .text          0x0000000000000000        0x0 /usr/lib/gcc/arm-none-eabi/10.3.1/thumb/v6-m/nofp/crti.o
 .data          0x0000000000000000        0x0 /usr/lib/gcc/arm-none-eabi/10.3.1/thumb/v6-m/nofp/crti.o
 .bss           0x0000000000000000        0x0 /usr/lib/gcc/arm-none-eabi/10.3.1/thumb/v6-m/nofp/crti.o
[...]
Memory Configuration

Name             Origin             Length             Attributes
FLASH            0x0000000010000000 0x0000000000200000 xr
RAM              0x0000000020000000 0x0000000000040000 xrw
SCRATCH_X        0x0000000020040000 0x0000000000001000 xrw
SCRATCH_Y        0x0000000020041000 0x0000000000001000 xrw
*default*        0x0000000000000000 0xffffffffffffffff

Linker script and memory map

LOAD /usr/lib/gcc/arm-none-eabi/10.3.1/thumb/v6-m/nofp/crti.o
LOAD /usr/lib/gcc/arm-none-eabi/10.3.1/thumb/v6-m/nofp/crtbegin.o
LOAD /usr/lib/gcc/arm-none-eabi/10.3.1/../../../arm-none-eabi/lib/thumb/v6-m/nofp/crt0.o

.flash_begin    0x0000000010000000        0x0
                0x0000000010000000                __flash_binary_start = .

.boot2          0x0000000010000000      0x100
                0x0000000010000000                __boot2_start__ = .
 *(.boot2)
 .boot2         0x0000000010000000      0x100 /tmp/cc5cT16k.o
                0x0000000010000100                __boot2_end__ = .
                0x0000000000000001                ASSERT (((__boot2_end__ - __boot2_start__) == 0x100), ERROR: Pico second stage bootloader must be 256 bytes in size)

.text           0x0000000010000100     0x8078
                0x0000000010000100                __logical_binary_start = .
 *(.vectors)
 .vectors       0x0000000010000100       0xd4 CMakeFiles/msa.dir/home/pacmat/pico/pico-sdk/src/rp2_common/pico_standard_link/crt0.S.obj
                0x0000000010000100                __vectors
                0x0000000010000100                __VECTOR_TABLE
                0x00000000100001c0                isr_invalid
                0x00000000100001c0                __default_isrs_start
                0x00000000100001c2                isr_nmi
                0x00000000100001c4                isr_hardfault
                0x00000000100001c6                isr_svcall
                0x00000000100001c8                isr_pendsv
                0x00000000100001ca                isr_systick
                0x00000000100001cc                isr_irq30
                0x00000000100001cc                __unhandled_user_irq
                0x00000000100001cc                isr_irq13
                0x00000000100001cc                isr_irq27
                0x00000000100001cc                isr_irq31
                0x00000000100001cc                isr_irq5
                0x00000000100001cc                isr_irq11
                0x00000000100001cc                isr_irq23
                0x00000000100001cc                isr_irq18
                0x00000000100001cc                isr_irq28
                0x00000000100001cc                isr_irq19
                0x00000000100001cc                isr_irq0
                0x00000000100001cc                isr_irq6
                0x00000000100001cc                isr_irq22
                0x00000000100001cc                isr_irq17
                0x00000000100001cc                isr_irq14
                0x00000000100001cc                isr_irq2
                0x00000000100001cc                isr_irq10
                0x00000000100001cc                isr_irq8
                0x00000000100001cc                isr_irq24
                0x00000000100001cc                isr_irq1
                0x00000000100001cc                isr_irq7
                0x00000000100001cc                isr_irq21
                0x00000000100001cc                isr_irq20
                0x00000000100001cc                isr_irq15
                0x00000000100001cc                isr_irq25
                0x00000000100001cc                isr_irq4
                0x00000000100001cc                isr_irq16
                0x00000000100001cc                isr_irq29
                0x00000000100001cc                isr_irq26
                0x00000000100001cc                __default_isrs_end
                0x00000000100001cc                isr_irq3
                0x00000000100001cc                isr_irq12
                0x00000000100001cc                isr_irq9
                0x00000000100001d2                unhandled_user_irq_num_in_r0
 *(.binary_info_header)
 .binary_info_header
                0x00000000100001d4       0x14 CMakeFiles/msa.dir/home/pacmat/pico/pico-sdk/src/rp2_common/pico_standard_link/crt0.S.obj
                0x00000000100001e8                __binary_info_header_end = .
 *(.reset)
 .reset         0x00000000100001e8       0xa0 CMakeFiles/msa.dir/home/pacmat/pico/pico-sdk/src/rp2_common/pico_standard_link/crt0.S.obj
                0x00000000100001e8                _entry_point
 .reset         0x0000000010000288       0x30 CMakeFiles/msa.dir/home/pacmat/pico/pico-sdk/src/rp2_common/pico_standard_link/binary_info.c.obj
 *(.init)
 .init          0x00000000100002b8        0x4 /usr/lib/gcc/arm-none-eabi/10.3.1/thumb/v6-m/nofp/crti.o
                0x00000000100002b8                _init
 *(EXCLUDE_FILE(*libm.a: *libc.a:*lib_a-mem*.o *libgcc.a:) .text*)
 .text          0x00000000100002bc       0x98 /usr/lib/gcc/arm-none-eabi/10.3.1/thumb/v6-m/nofp/crtbegin.o
 .text.main     0x0000000010000354      0x120 CMakeFiles/msa.dir/msa.c.obj
                0x0000000010000354                main
 .text.gpio_set_function
                0x0000000010000474       0x30 CMakeFiles/msa.dir/home/pacmat/pico/pico-sdk/src/rp2_common/hardware_gpio/gpio.c.obj
                0x0000000010000474                gpio_set_function
 .text.gpio_set_pulls
                0x00000000100004a4       0x34 CMakeFiles/msa.dir/home/pacmat/pico/pico-sdk/src/rp2_common/hardware_gpio/gpio.c.obj
                0x00000000100004a4                gpio_set_pulls
 .text.running_on_fpga
                0x00000000100004d8       0x14 CMakeFiles/msa.dir/home/pacmat/pico/pico-sdk/src/rp2_common/pico_platform/platform.c.obj
                0x00000000100004d8                running_on_fpga
 .text.hw_claim_lock
                0x00000000100004ec       0x18 CMakeFiles/msa.dir/home/pacmat/pico/pico-sdk/src/rp2_common/hardware_claim/claim.c.obj
                0x00000000100004ec                hw_claim_lock
 .text.hw_claim_unlock
                0x0000000010000504       0x14 CMakeFiles/msa.dir/home/pacmat/pico/pico-sdk/src/rp2_common/hardware_claim/claim.c.obj
                0x0000000010000504                hw_claim_unlock
 .text.hw_claim_or_assert
                0x0000000010000518       0x32 CMakeFiles/msa.dir/home/pacmat/pico/pico-sdk/src/rp2_common/hardware_claim/claim.c.obj
                0x0000000010000518                hw_claim_or_assert
 .text.hw_claim_unused_from_range
                0x000000001000054a       0x50 CMakeFiles/msa.dir/home/pacmat/pico/pico-sdk/src/rp2_common/hardware_claim/claim.c.obj
                0x000000001000054a                hw_claim_unused_from_range
 *fill*         0x000000001000059a        0x2 
 .text.spin_locks_reset
                0x000000001000059c       0x20 CMakeFiles/msa.dir/home/pacmat/pico/pico-sdk/src/rp2_common/hardware_sync/sync.c.obj
                0x000000001000059c                spin_locks_reset
 .text.next_striped_spin_lock_num
                0x00000000100005bc       0x1c CMakeFiles/msa.dir/home/pacmat/pico/pico-sdk/src/rp2_common/hardware_sync/sync.c.obj
                0x00000000100005bc                next_striped_spin_lock_num
 .text.spin_lock_claim_unused
                0x00000000100005d8       0x20 CMakeFiles/msa.dir/home/pacmat/pico/pico-sdk/src/rp2_common/hardware_sync/sync.c.obj
                0x00000000100005d8                spin_lock_claim_unused
 .text.set_raw_irq_handler_and_unlock
                0x00000000100005f8       0x28 CMakeFiles/msa.dir/home/pacmat/pico/pico-sdk/src/rp2_common/hardware_irq/irq.c.obj
 .text.make_branch
                0x0000000010000620       0x48 CMakeFiles/msa.dir/home/pacmat/pico/pico-sdk/src/rp2_common/hardware_irq/irq.c.obj
 .text.insert_branch_and_link
                0x0000000010000668       0x40 CMakeFiles/msa.dir/home/pacmat/pico/pico-sdk/src/rp2_common/hardware_irq/irq.c.obj
 .text.irq_is_enabled
                0x00000000100006a8       0x18 CMakeFiles/msa.dir/home/pacmat/pico/pico-sdk/src/rp2_common/hardware_irq/irq.c.obj
                0x00000000100006a8                irq_is_enabled
 .text.irq_set_mask_enabled
                0x00000000100006c0       0x20 CMakeFiles/msa.dir/home/pacmat/pico/pico-sdk/src/rp2_common/hardware_irq/irq.c.obj
                0x00000000100006c0                irq_set_mask_enabled
 .text.irq_set_enabled
                0x00000000100006e0        0xe CMakeFiles/msa.dir/home/pacmat/pico/pico-sdk/src/rp2_common/hardware_irq/irq.c.obj
                0x00000000100006e0                irq_set_enabled
 *fill*         0x00000000100006ee        0x2 
 .text.irq_set_pending
                0x00000000100006f0       0x10 CMakeFiles/msa.dir/home/pacmat/pico/pico-sdk/src/rp2_common/hardware_irq/irq.c.obj
                0x00000000100006f0                irq_set_pending
 .text.irq_get_vtable_handler
                0x0000000010000700       0x10 CMakeFiles/msa.dir/home/pacmat/pico/pico-sdk/src/rp2_common/hardware_irq/irq.c.obj
                0x0000000010000700                irq_get_vtable_handler
 .text.irq_has_shared_handler
                0x0000000010000710       0x24 CMakeFiles/msa.dir/home/pacmat/pico/pico-sdk/src/rp2_common/hardware_irq/irq.c.obj
                0x0000000010000710                irq_has_shared_handler
 .text.irq_set_exclusive_handler
                0x0000000010000734       0x54 CMakeFiles/msa.dir/home/pacmat/pico/pico-sdk/src/rp2_common/hardware_irq/irq.c.obj
                0x0000000010000734                irq_set_exclusive_handler
 .text.irq_add_shared_handler
                0x0000000010000788      0x234 CMakeFiles/msa.dir/home/pacmat/pico/pico-sdk/src/rp2_common/hardware_irq/irq.c.obj
                0x0000000010000788                irq_add_shared_handler
 .text.irq_remove_handler
                0x00000000100009bc      0x1ac CMakeFiles/msa.dir/home/pacmat/pico/pico-sdk/src/rp2_common/hardware_irq/irq.c.obj
                0x00000000100009bc                irq_remove_handler
 .text.irq_add_tail_to_free_list
                0x0000000010000b68       0xf0 CMakeFiles/msa.dir/home/pacmat/pico/pico-sdk/src/rp2_common/hardware_irq/irq.c.obj
                0x0000000010000b68                irq_add_tail_to_free_list
 .text.irq_init_priorities
                0x0000000010000c58       0x1c CMakeFiles/msa.dir/home/pacmat/pico/pico-sdk/src/rp2_common/hardware_irq/irq.c.obj
                0x0000000010000c58                irq_init_priorities
 .text.user_irq_claim_unused
                0x0000000010000c74       0x28 CMakeFiles/msa.dir/home/pacmat/pico/pico-sdk/src/rp2_common/hardware_irq/irq.c.obj
                0x0000000010000c74                user_irq_claim_unused
 .text.lock_init
                0x0000000010000c9c       0x10 CMakeFiles/msa.dir/home/pacmat/pico/pico-sdk/src/common/pico_sync/lock_core.c.obj
                0x0000000010000c9c                lock_init
 .text.mutex_init
                0x0000000010000cac       0x1a CMakeFiles/msa.dir/home/pacmat/pico/pico-sdk/src/common/pico_sync/mutex.c.obj
                0x0000000010000cac                mutex_init
 .text.recursive_mutex_init
                0x0000000010000cc6       0x1e CMakeFiles/msa.dir/home/pacmat/pico/pico-sdk/src/common/pico_sync/mutex.c.obj
                0x0000000010000cc6                recursive_mutex_init
 .text.critical_section_init_with_lock_num
                0x0000000010000ce4       0x14 CMakeFiles/msa.dir/home/pacmat/pico/pico-sdk/src/common/pico_sync/critical_section.c.obj
                0x0000000010000ce4                critical_section_init_with_lock_num
 .text.critical_section_init
                0x0000000010000cf8       0x14 CMakeFiles/msa.dir/home/pacmat/pico/pico-sdk/src/common/pico_sync/critical_section.c.obj
                0x0000000010000cf8                critical_section_init
 .text.alarm_pool_post_alloc_init
                0x0000000010000d0c       0x40 CMakeFiles/msa.dir/home/pacmat/pico/pico-sdk/src/common/pico_time/time.c.obj
 .text.sleep_until_callback
                0x0000000010000d4c       0x30 CMakeFiles/msa.dir/home/pacmat/pico/pico-sdk/src/common/pico_time/time.c.obj
 .text.timer_pool_entry_comparator
                0x0000000010000d7c       0x7c CMakeFiles/msa.dir/home/pacmat/pico/pico-sdk/src/common/pico_time/time.c.obj
                0x0000000010000d7c                timer_pool_entry_comparator
 .text.ph_add_child_node
                0x0000000010000df8       0xa4 CMakeFiles/msa.dir/home/pacmat/pico/pico-sdk/src/common/pico_time/time.c.obj
 .text.ph_merge_nodes
                0x0000000010000e9c       0x3e CMakeFiles/msa.dir/home/pacmat/pico/pico-sdk/src/common/pico_time/time.c.obj
 *fill*         0x0000000010000eda        0x2 
 .text.add_alarm_under_lock
                0x0000000010000edc      0x174 CMakeFiles/msa.dir/home/pacmat/pico/pico-sdk/src/common/pico_time/time.c.obj
 .text.alarm_pool_alarm_callback
                0x0000000010001050      0x33c CMakeFiles/msa.dir/home/pacmat/pico/pico-sdk/src/common/pico_time/time.c.obj
 .text.alarm_pool_init_default
                0x000000001000138c       0x40 CMakeFiles/msa.dir/home/pacmat/pico/pico-sdk/src/common/pico_time/time.c.obj
                0x000000001000138c                alarm_pool_init_default
 .text.alarm_pool_get_default
                0x00000000100013cc       0x2c CMakeFiles/msa.dir/home/pacmat/pico/pico-sdk/src/common/pico_time/time.c.obj
                0x00000000100013cc                alarm_pool_get_default
 .text.alarm_pool_add_alarm_at
                0x00000000100013f8      0x168 CMakeFiles/msa.dir/home/pacmat/pico/pico-sdk/src/common/pico_time/time.c.obj
                0x00000000100013f8                alarm_pool_add_alarm_at
 .text.alarm_pool_cancel_alarm
                0x0000000010001560       0xf8 CMakeFiles/msa.dir/home/pacmat/pico/pico-sdk/src/common/pico_time/time.c.obj
                0x0000000010001560                alarm_pool_cancel_alarm
 .text.alarm_pool_core_num
                0x0000000010001658        0x4 CMakeFiles/msa.dir/home/pacmat/pico/pico-sdk/src/common/pico_time/time.c.obj
                0x0000000010001658                alarm_pool_core_num
 .text.sleep_until
                0x000000001000165c       0xfc CMakeFiles/msa.dir/home/pacmat/pico/pico-sdk/src/common/pico_time/time.c.obj
                0x000000001000165c                sleep_until
 .text.sleep_us
                0x0000000010001758       0x58 CMakeFiles/msa.dir/home/pacmat/pico/pico-sdk/src/common/pico_time/time.c.obj
                0x0000000010001758                sleep_us
 .text.sleep_ms
                0x00000000100017b0       0x14 CMakeFiles/msa.dir/home/pacmat/pico/pico-sdk/src/common/pico_time/time.c.obj
                0x00000000100017b0                sleep_ms
 .text.best_effort_wfe_or_timeout
                0x00000000100017c4       0xac CMakeFiles/msa.dir/home/pacmat/pico/pico-sdk/src/common/pico_time/time.c.obj
                0x00000000100017c4                best_effort_wfe_or_timeout
 .text.hardware_alarm_irq_handler
                0x0000000010001870       0x90 CMakeFiles/msa.dir/home/pacmat/pico/pico-sdk/src/rp2_common/hardware_timer/timer.c.obj
 .text.hardware_alarm_claim
                0x0000000010001900       0x18 CMakeFiles/msa.dir/home/pacmat/pico/pico-sdk/src/rp2_common/hardware_timer/timer.c.obj
                0x0000000010001900                hardware_alarm_claim
 .text.time_us_64
                0x0000000010001918       0x18 CMakeFiles/msa.dir/home/pacmat/pico/pico-sdk/src/rp2_common/hardware_timer/timer.c.obj
                0x0000000010001918                time_us_64
 .text.busy_wait_until
                0x0000000010001930       0x28 CMakeFiles/msa.dir/home/pacmat/pico/pico-sdk/src/rp2_common/hardware_timer/timer.c.obj
                0x0000000010001930                busy_wait_until
 .text.busy_wait_us
                0x0000000010001958       0x48 CMakeFiles/msa.dir/home/pacmat/pico/pico-sdk/src/rp2_common/hardware_timer/timer.c.obj
                0x0000000010001958                busy_wait_us
 .text.hardware_alarm_set_callback
                0x00000000100019a0       0x90 CMakeFiles/msa.dir/home/pacmat/pico/pico-sdk/src/rp2_common/hardware_timer/timer.c.obj
                0x00000000100019a0                hardware_alarm_set_callback
 .text.hardware_alarm_set_target
                0x0000000010001a30       0xe8 CMakeFiles/msa.dir/home/pacmat/pico/pico-sdk/src/rp2_common/hardware_timer/timer.c.obj
                0x0000000010001a30                hardware_alarm_set_target
 .text.hardware_alarm_cancel
                0x0000000010001b18       0x40 CMakeFiles/msa.dir/home/pacmat/pico/pico-sdk/src/rp2_common/hardware_timer/timer.c.obj
                0x0000000010001b18                hardware_alarm_cancel
 .text.ph_add_child_node
                0x0000000010001b58       0xa4 CMakeFiles/msa.dir/home/pacmat/pico/pico-sdk/src/common/pico_util/pheap.c.obj
 .text.ph_merge_nodes
                0x0000000010001bfc       0x3e CMakeFiles/msa.dir/home/pacmat/pico/pico-sdk/src/common/pico_util/pheap.c.obj
 *fill*         0x0000000010001c3a        0x2 
 .text.ph_clear
                0x0000000010001c3c       0x70 CMakeFiles/msa.dir/home/pacmat/pico/pico-sdk/src/common/pico_util/pheap.c.obj
                0x0000000010001c3c                ph_clear
 .text.ph_post_alloc_init
                0x0000000010001cac        0xe CMakeFiles/msa.dir/home/pacmat/pico/pico-sdk/src/common/pico_util/pheap.c.obj
                0x0000000010001cac                ph_post_alloc_init
 *fill*         0x0000000010001cba        0x2 
 .text.ph_merge_two_pass
                0x0000000010001cbc       0xa8 CMakeFiles/msa.dir/home/pacmat/pico/pico-sdk/src/common/pico_util/pheap.c.obj
                0x0000000010001cbc                ph_merge_two_pass
 .text.ph_remove_any_head
                0x0000000010001d64      0x128 CMakeFiles/msa.dir/home/pacmat/pico/pico-sdk/src/common/pico_util/pheap.c.obj
 .text.ph_remove_head
                0x0000000010001e8c       0x14 CMakeFiles/msa.dir/home/pacmat/pico/pico-sdk/src/common/pico_util/pheap.c.obj
                0x0000000010001e8c                ph_remove_head
 .text.ph_remove_and_free_node
                0x0000000010001ea0       0xf8 CMakeFiles/msa.dir/home/pacmat/pico/pico-sdk/src/common/pico_util/pheap.c.obj
                0x0000000010001ea0                ph_remove_and_free_node
 .text.uart_disable_before_lcr_write
                0x0000000010001f98       0x48 CMakeFiles/msa.dir/home/pacmat/pico/pico-sdk/src/rp2_common/hardware_uart/uart.c.obj
 .text.uart_write_lcr_bits_masked
                0x0000000010001fe0       0x22 CMakeFiles/msa.dir/home/pacmat/pico/pico-sdk/src/rp2_common/hardware_uart/uart.c.obj
 *fill*         0x0000000010002002        0x2 
 .text.uart_set_baudrate
                0x0000000010002004       0x5c CMakeFiles/msa.dir/home/pacmat/pico/pico-sdk/src/rp2_common/hardware_uart/uart.c.obj
                0x0000000010002004                uart_set_baudrate
 .text.uart_set_format
                0x0000000010002060       0x2c CMakeFiles/msa.dir/home/pacmat/pico/pico-sdk/src/rp2_common/hardware_uart/uart.c.obj
                0x0000000010002060                uart_set_format
 .text.uart_set_translate_crlf
                0x000000001000208c       0x28 CMakeFiles/msa.dir/home/pacmat/pico/pico-sdk/src/rp2_common/hardware_uart/uart.c.obj
                0x000000001000208c                uart_set_translate_crlf
 .text.uart_init
                0x00000000100020b4       0x80 CMakeFiles/msa.dir/home/pacmat/pico/pico-sdk/src/rp2_common/hardware_uart/uart.c.obj
                0x00000000100020b4                uart_init
 .text.clock_configure
                0x0000000010002134      0x108 CMakeFiles/msa.dir/home/pacmat/pico/pico-sdk/src/rp2_common/hardware_clocks/clocks.c.obj
                0x0000000010002134                clock_configure
 .text.clocks_init
                0x000000001000223c      0x100 CMakeFiles/msa.dir/home/pacmat/pico/pico-sdk/src/rp2_common/hardware_clocks/clocks.c.obj
                0x000000001000223c                clocks_init
 .text.clock_get_hz
                0x000000001000233c        0xc CMakeFiles/msa.dir/home/pacmat/pico/pico-sdk/src/rp2_common/hardware_clocks/clocks.c.obj
                0x000000001000233c                clock_get_hz
 .text.pll_init
                0x0000000010002348      0x120 CMakeFiles/msa.dir/home/pacmat/pico/pico-sdk/src/rp2_common/hardware_pll/pll.c.obj
                0x0000000010002348                pll_init
 .text.watchdog_start_tick
                0x0000000010002468       0x10 CMakeFiles/msa.dir/home/pacmat/pico/pico-sdk/src/rp2_common/hardware_watchdog/watchdog.c.obj
                0x0000000010002468                watchdog_start_tick
 .text.watchdog_update
                0x0000000010002478       0x14 CMakeFiles/msa.dir/home/pacmat/pico/pico-sdk/src/rp2_common/hardware_watchdog/watchdog.c.obj
                0x0000000010002478                watchdog_update
 .text._watchdog_enable
                0x000000001000248c       0x78 CMakeFiles/msa.dir/home/pacmat/pico/pico-sdk/src/rp2_common/hardware_watchdog/watchdog.c.obj
                0x000000001000248c                _watchdog_enable
 .text.watchdog_reboot
                0x0000000010002504       0x48 CMakeFiles/msa.dir/home/pacmat/pico/pico-sdk/src/rp2_common/hardware_watchdog/watchdog.c.obj
                0x0000000010002504                watchdog_reboot
 .text.xosc_init
                0x000000001000254c       0x28 CMakeFiles/msa.dir/home/pacmat/pico/pico-sdk/src/rp2_common/hardware_xosc/xosc.c.obj
                0x000000001000254c                xosc_init
 .text._exit    0x0000000010002574        0x4 CMakeFiles/msa.dir/home/pacmat/pico/pico-sdk/src/rp2_common/pico_runtime/runtime.c.obj
                0x0000000010002574                _exit
 .text._sbrk    0x0000000010002578       0x38 CMakeFiles/msa.dir/home/pacmat/pico/pico-sdk/src/rp2_common/pico_runtime/runtime.c.obj
                0x0000000010002578                _sbrk
 .text.exit     0x00000000100025b0        0x6 CMakeFiles/msa.dir/home/pacmat/pico/pico-sdk/src/rp2_common/pico_runtime/runtime.c.obj
                0x00000000100025b0                exit
 *fill*         0x00000000100025b6        0x2 
 .text.__assert_func
                0x00000000100025b8       0x3c CMakeFiles/msa.dir/home/pacmat/pico/pico-sdk/src/rp2_common/pico_runtime/runtime.c.obj
                0x00000000100025b8                __assert_func
 .text.runtime_init
                0x00000000100025f4       0xf8 CMakeFiles/msa.dir/home/pacmat/pico/pico-sdk/src/rp2_common/pico_runtime/runtime.c.obj
                0x00000000100025f4                runtime_init
 .text.panic    0x00000000100026ec       0x30 CMakeFiles/msa.dir/home/pacmat/pico/pico-sdk/src/rp2_common/pico_runtime/runtime.c.obj
                0x00000000100026ec                panic
 .text._out_null
                0x000000001000271c        0x2 CMakeFiles/msa.dir/home/pacmat/pico/pico-sdk/src/rp2_common/pico_printf/printf.c.obj
 .text._out_fct
                0x000000001000271e        0xe CMakeFiles/msa.dir/home/pacmat/pico/pico-sdk/src/rp2_common/pico_printf/printf.c.obj
 .text._atoi    0x000000001000272c       0x24 CMakeFiles/msa.dir/home/pacmat/pico/pico-sdk/src/rp2_common/pico_printf/printf.c.obj
 .text._out_rev
                0x0000000010002750       0xae CMakeFiles/msa.dir/home/pacmat/pico/pico-sdk/src/rp2_common/pico_printf/printf.c.obj
 .text._ntoa_format
                0x00000000100027fe      0x112 CMakeFiles/msa.dir/home/pacmat/pico/pico-sdk/src/rp2_common/pico_printf/printf.c.obj
 .text._ntoa_long
                0x0000000010002910       0xbc CMakeFiles/msa.dir/home/pacmat/pico/pico-sdk/src/rp2_common/pico_printf/printf.c.obj
 .text._ntoa_long_long
                0x00000000100029cc       0xe2 CMakeFiles/msa.dir/home/pacmat/pico/pico-sdk/src/rp2_common/pico_printf/printf.c.obj
 *fill*         0x0000000010002aae        0x2 
 .text._etoa    0x0000000010002ab0      0x414 CMakeFiles/msa.dir/home/pacmat/pico/pico-sdk/src/rp2_common/pico_printf/printf.c.obj
 .text._ftoa    0x0000000010002ec4      0x354 CMakeFiles/msa.dir/home/pacmat/pico/pico-sdk/src/rp2_common/pico_printf/printf.c.obj
 .text._vsnprintf
                0x0000000010003218      0x624 CMakeFiles/msa.dir/home/pacmat/pico/pico-sdk/src/rp2_common/pico_printf/printf.c.obj
 .text.vfctprintf
                0x000000001000383c       0x20 CMakeFiles/msa.dir/home/pacmat/pico/pico-sdk/src/rp2_common/pico_printf/printf.c.obj
                0x000000001000383c                vfctprintf
 .text          0x000000001000385c       0x10 CMakeFiles/msa.dir/home/pacmat/pico/pico-sdk/src/rp2_common/pico_bit_ops/bit_ops_aeabi.S.obj
 .text.rom_func_lookup
                0x000000001000386c       0x10 CMakeFiles/msa.dir/home/pacmat/pico/pico-sdk/src/rp2_common/pico_bootrom/bootrom.c.obj
                0x000000001000386c                rom_func_lookup
 .text.rom_data_lookup
                0x000000001000387c       0x10 CMakeFiles/msa.dir/home/pacmat/pico/pico-sdk/src/rp2_common/pico_bootrom/bootrom.c.obj
                0x000000001000387c                rom_data_lookup
 .text.rom_funcs_lookup
                0x000000001000388c       0x36 CMakeFiles/msa.dir/home/pacmat/pico/pico-sdk/src/rp2_common/pico_bootrom/bootrom.c.obj
                0x000000001000388c                rom_funcs_lookup
 *fill*         0x00000000100038c2        0x2 
 .text.__wrap___aeabi_idiv
                0x00000000100038c4       0x50 CMakeFiles/msa.dir/home/pacmat/pico/pico-sdk/src/rp2_common/pico_divider/divider.S.obj
                0x00000000100038c4                __wrap___aeabi_idivmod
                0x00000000100038c4                divmod_s32s32
                0x00000000100038c4                div_s32s32
                0x00000000100038c4                __wrap___aeabi_idiv
                0x00000000100038cc                divmod_s32s32_unsafe
                0x00000000100038f8                divmod_s32s32_savestate
 .text.__wrap___aeabi_uidiv
                0x0000000010003914       0x4c CMakeFiles/msa.dir/home/pacmat/pico/pico-sdk/src/rp2_common/pico_divider/divider.S.obj
                0x0000000010003914                __wrap___aeabi_uidiv
                0x0000000010003914                __wrap___aeabi_uidivmod
                0x0000000010003914                div_u32u32
                0x0000000010003914                divmod_u32u32
                0x000000001000391c                divmod_u32u32_unsafe
                0x0000000010003944                divmod_u32u32_savestate
 .text.__wrap___aeabi_ldiv
                0x0000000010003960      0x424 CMakeFiles/msa.dir/home/pacmat/pico/pico-sdk/src/rp2_common/pico_divider/divider.S.obj
                0x0000000010003960                div_s64s64
                0x0000000010003960                divmod_s64s64
                0x0000000010003960                __wrap___aeabi_ldivmod
                0x0000000010003990                div_u64u64
                0x0000000010003990                divmod_u64u64
                0x0000000010003990                __wrap___aeabi_uldivmod
                0x00000000100039a0                divmod_u64u64_savestate
                0x00000000100039c0                divmod_s64s64_unsafe
                0x0000000010003a48                divmod_u64u64_unsafe
 .text.__wrap___aeabi_darithmetic
                0x0000000010003d84       0x80 CMakeFiles/msa.dir/home/pacmat/pico/pico-sdk/src/rp2_common/pico_double/double_aeabi.S.obj
                0x0000000010003d84                __wrap___aeabi_drsub
                0x0000000010003d8a                __wrap___aeabi_dsub
                0x0000000010003d9c                __wrap___aeabi_dadd
                0x0000000010003dae                __wrap___aeabi_ddiv
                0x0000000010003dea                __wrap___aeabi_dmul
 .text.__wrap___aeabi_cdcmple
                0x0000000010003e04       0x6c CMakeFiles/msa.dir/home/pacmat/pico/pico-sdk/src/rp2_common/pico_double/double_aeabi.S.obj
                0x0000000010003e04                __wrap___aeabi_cdrcmple
                0x0000000010003e14                __wrap___aeabi_cdcmple
                0x0000000010003e14                __wrap___aeabi_cdcmpeq
 .text.__wrap___aeabi_dcmplt
                0x0000000010003e70        0xc CMakeFiles/msa.dir/home/pacmat/pico/pico-sdk/src/rp2_common/pico_double/double_aeabi.S.obj
                0x0000000010003e70                __wrap___aeabi_dcmplt
 .text.__wrap___aeabi_dcmple
                0x0000000010003e7c       0x10 CMakeFiles/msa.dir/home/pacmat/pico/pico-sdk/src/rp2_common/pico_double/double_aeabi.S.obj
                0x0000000010003e7c                __wrap___aeabi_dcmple
 .text.__wrap___aeabi_dcmpge
                0x0000000010003e8c       0x10 CMakeFiles/msa.dir/home/pacmat/pico/pico-sdk/src/rp2_common/pico_double/double_aeabi.S.obj
                0x0000000010003e8c                __wrap___aeabi_dcmpge
 .text.__wrap___aeabi_dcmpgt
                0x0000000010003e9c        0xa CMakeFiles/msa.dir/home/pacmat/pico/pico-sdk/src/rp2_common/pico_double/double_aeabi.S.obj
                0x0000000010003e9c                __wrap___aeabi_dcmpgt
 .text.__wrap___aeabi_dcmpun
                0x0000000010003ea6       0x1c CMakeFiles/msa.dir/home/pacmat/pico/pico-sdk/src/rp2_common/pico_double/double_aeabi.S.obj
                0x0000000010003ea6                __wrap___aeabi_dcmpun
 *fill*         0x0000000010003ec2        0x2 
 .text.__wrap___aeabi_i2d
                0x0000000010003ec4       0x38 CMakeFiles/msa.dir/home/pacmat/pico/pico-sdk/src/rp2_common/pico_double/double_aeabi.S.obj
                0x0000000010003ec4                __wrap___aeabi_ui2d
                0x0000000010003ecc                __wrap___aeabi_i2d
 .text.__wrap___aeabi_d2iz
                0x0000000010003efc       0x48 CMakeFiles/msa.dir/home/pacmat/pico/pico-sdk/src/rp2_common/pico_double/double_aeabi.S.obj
                0x0000000010003efc                __wrap___aeabi_d2iz
                0x0000000010003efc                double2int_z
 .text.__wrap___aeabi_d2uiz
                0x0000000010003f44       0x18 CMakeFiles/msa.dir/home/pacmat/pico/pico-sdk/src/rp2_common/pico_double/double_aeabi.S.obj
                0x0000000010003f44                double2uint
                0x0000000010003f44                __wrap___aeabi_d2uiz
 .text.__aeabi_double_init
                0x0000000010003f5c       0xc8 CMakeFiles/msa.dir/home/pacmat/pico/pico-sdk/src/rp2_common/pico_double/double_init_rom.c.obj
                0x0000000010003f5c                __aeabi_double_init
 .text.double_table_shim_on_use_helper
                0x0000000010004024       0x34 CMakeFiles/msa.dir/home/pacmat/pico/pico-sdk/src/rp2_common/pico_double/double_v1_rom_shim.S.obj
                0x0000000010004024                double_table_shim_on_use_helper
 .text.__wrap___aeabi_dsub
                0x0000000010004058       0x10 CMakeFiles/msa.dir/home/pacmat/pico/pico-sdk/src/rp2_common/pico_double/double_v1_rom_shim.S.obj
                0x0000000010004058                drsub_shim
                0x000000001000405e                dsub_shim
 .text.dadd_shim
                0x0000000010004068      0x15c CMakeFiles/msa.dir/home/pacmat/pico/pico-sdk/src/rp2_common/pico_double/double_v1_rom_shim.S.obj
                0x0000000010004068                dadd_shim
 .text.dmul_shim
                0x00000000100041c4      0x15c CMakeFiles/msa.dir/home/pacmat/pico/pico-sdk/src/rp2_common/pico_double/double_v1_rom_shim.S.obj
                0x00000000100041c4                dmul_shim
 .text.ddiv_shim
                0x0000000010004320      0x1b0 CMakeFiles/msa.dir/home/pacmat/pico/pico-sdk/src/rp2_common/pico_double/double_v1_rom_shim.S.obj
                0x0000000010004320                ddiv_shim
 .text.double2uint_shim
                0x00000000100044d0        0xe CMakeFiles/msa.dir/home/pacmat/pico/pico-sdk/src/rp2_common/pico_double/double_v1_rom_shim.S.obj
                0x00000000100044d0                double2uint_shim
                0x00000000100044d2                double2ufix_shim
 *fill*         0x00000000100044de        0x2 
 .text.double2uint64_shim
                0x00000000100044e0       0x70 CMakeFiles/msa.dir/home/pacmat/pico/pico-sdk/src/rp2_common/pico_double/double_v1_rom_shim.S.obj
                0x00000000100044e0                double2uint64_shim
                0x00000000100044e2                double2ufix64_shim
                0x0000000010004502                d2fix_a
 .text.dunpacks
                0x0000000010004550       0x3c CMakeFiles/msa.dir/home/pacmat/pico/pico-sdk/src/rp2_common/pico_double/double_v1_rom_shim.S.obj
                0x0000000010004550                dunpacks
 .text.__aeabi_lmul
                0x000000001000458c       0x32 CMakeFiles/msa.dir/home/pacmat/pico/pico-sdk/src/rp2_common/pico_int64_ops/pico_int64_ops_aeabi.S.obj
                0x000000001000458c                __wrap___aeabi_lmul
 *fill*         0x00000000100045be        0x2 
 .text.__aeabi_float_init
                0x00000000100045c0       0xfc CMakeFiles/msa.dir/home/pacmat/pico/pico-sdk/src/rp2_common/pico_float/float_init_rom.c.obj
                0x00000000100045c0                __aeabi_float_init
 .text.float_table_shim_on_use_helper
                0x00000000100046bc       0x34 CMakeFiles/msa.dir/home/pacmat/pico/pico-sdk/src/rp2_common/pico_float/float_v1_rom_shim.S.obj
                0x00000000100046bc                float_table_shim_on_use_helper
 .text.__wrap_malloc
                0x00000000100046f0       0x24 CMakeFiles/msa.dir/home/pacmat/pico/pico-sdk/src/rp2_common/pico_malloc/pico_malloc.c.obj
                0x00000000100046f0                __wrap_malloc
 .text.__wrap_free
                0x0000000010004714        0x8 CMakeFiles/msa.dir/home/pacmat/pico/pico-sdk/src/rp2_common/pico_malloc/pico_malloc.c.obj
                0x0000000010004714                __wrap_free
 .text          0x000000001000471c       0x10 CMakeFiles/msa.dir/home/pacmat/pico/pico-sdk/src/rp2_common/pico_mem_ops/mem_ops_aeabi.S.obj
                0x000000001000471c                __aeabi_mem_init
 .text.memset   0x000000001000472c        0xc CMakeFiles/msa.dir/home/pacmat/pico/pico-sdk/src/rp2_common/pico_mem_ops/mem_ops_aeabi.S.obj
                0x000000001000472c                __wrap_memset
 .text.memcpy   0x0000000010004738        0xc CMakeFiles/msa.dir/home/pacmat/pico/pico-sdk/src/rp2_common/pico_mem_ops/mem_ops_aeabi.S.obj
                0x0000000010004738                __wrap___aeabi_memcpy
                0x0000000010004738                __wrap_memcpy
 .text.stdio_out_chars_no_crlf
                0x0000000010004744        0xe CMakeFiles/msa.dir/home/pacmat/pico/pico-sdk/src/rp2_common/pico_stdio/stdio.c.obj
 *fill*         0x0000000010004752        0x2 
 .text.stdio_out_chars_crlf
                0x0000000010004754       0x80 CMakeFiles/msa.dir/home/pacmat/pico/pico-sdk/src/rp2_common/pico_stdio/stdio.c.obj
 .text.stdio_stack_buffer_flush
                0x00000000100047d4       0x44 CMakeFiles/msa.dir/home/pacmat/pico/pico-sdk/src/rp2_common/pico_stdio/stdio.c.obj
 .text.stdio_buffered_printer
                0x0000000010004818       0x20 CMakeFiles/msa.dir/home/pacmat/pico/pico-sdk/src/rp2_common/pico_stdio/stdio.c.obj
 .text.stdout_serialize_begin
                0x0000000010004838       0x5c CMakeFiles/msa.dir/home/pacmat/pico/pico-sdk/src/rp2_common/pico_stdio/stdio.c.obj
                0x0000000010004838                stdout_serialize_begin
 .text.stdout_serialize_end
                0x0000000010004894       0x10 CMakeFiles/msa.dir/home/pacmat/pico/pico-sdk/src/rp2_common/pico_stdio/stdio.c.obj
                0x0000000010004894                stdout_serialize_end
 .text.stdio_put_string
                0x00000000100048a4       0x98 CMakeFiles/msa.dir/home/pacmat/pico/pico-sdk/src/rp2_common/pico_stdio/stdio.c.obj
 .text.stdio_set_driver_enabled
                0x000000001000493c       0x2c CMakeFiles/msa.dir/home/pacmat/pico/pico-sdk/src/rp2_common/pico_stdio/stdio.c.obj
                0x000000001000493c                stdio_set_driver_enabled
 .text.stdio_flush
                0x0000000010004968       0x20 CMakeFiles/msa.dir/home/pacmat/pico/pico-sdk/src/rp2_common/pico_stdio/stdio.c.obj
                0x0000000010004968                stdio_flush
 .text.__wrap_puts
                0x0000000010004988       0x1e CMakeFiles/msa.dir/home/pacmat/pico/pico-sdk/src/rp2_common/pico_stdio/stdio.c.obj
                0x0000000010004988                __wrap_puts
 *fill*         0x00000000100049a6        0x2 
 .text.__wrap_vprintf
                0x00000000100049a8       0x40 CMakeFiles/msa.dir/home/pacmat/pico/pico-sdk/src/rp2_common/pico_stdio/stdio.c.obj
                0x00000000100049a8                __wrap_vprintf
 .text.__wrap_printf
                0x00000000100049e8       0x18 CMakeFiles/msa.dir/home/pacmat/pico/pico-sdk/src/rp2_common/pico_stdio/stdio.c.obj
                0x00000000100049e8                __wrap_printf
 .text.stdio_init_all
                0x0000000010004a00        0xe CMakeFiles/msa.dir/home/pacmat/pico/pico-sdk/src/rp2_common/pico_stdio/stdio.c.obj
                0x0000000010004a00                stdio_init_all
 *fill*         0x0000000010004a0e        0x2 
 .text.stdio_uart_out_chars
                0x0000000010004a10       0x74 CMakeFiles/msa.dir/home/pacmat/pico/pico-sdk/src/rp2_common/pico_stdio_uart/stdio_uart.c.obj
 .text.stdio_uart_in_chars
                0x0000000010004a84       0x80 CMakeFiles/msa.dir/home/pacmat/pico/pico-sdk/src/rp2_common/pico_stdio_uart/stdio_uart.c.obj
                0x0000000010004a84                stdio_uart_in_chars
 .text.on_uart_rx
                0x0000000010004b04       0x28 CMakeFiles/msa.dir/home/pacmat/pico/pico-sdk/src/rp2_common/pico_stdio_uart/stdio_uart.c.obj
 .text.stdio_uart_set_chars_available_callback
                0x0000000010004b2c       0x8c CMakeFiles/msa.dir/home/pacmat/pico/pico-sdk/src/rp2_common/pico_stdio_uart/stdio_uart.c.obj
 .text.stdio_uart_init_full
                0x0000000010004bb8       0x44 CMakeFiles/msa.dir/home/pacmat/pico/pico-sdk/src/rp2_common/pico_stdio_uart/stdio_uart.c.obj
                0x0000000010004bb8                stdio_uart_init_full
 .text.stdio_uart_init
                0x0000000010004bfc       0x28 CMakeFiles/msa.dir/home/pacmat/pico/pico-sdk/src/rp2_common/pico_stdio_uart/stdio_uart.c.obj
                0x0000000010004bfc                stdio_uart_init
 .text.resetd_init
                0x0000000010004c24        0x2 CMakeFiles/msa.dir/home/pacmat/pico/pico-sdk/src/rp2_common/pico_stdio_usb/reset_interface.c.obj
 *fill*         0x0000000010004c26        0x2 
 .text.resetd_reset
                0x0000000010004c28        0xc CMakeFiles/msa.dir/home/pacmat/pico/pico-sdk/src/rp2_common/pico_stdio_usb/reset_interface.c.obj
 .text.resetd_open
                0x0000000010004c34       0x34 CMakeFiles/msa.dir/home/pacmat/pico/pico-sdk/src/rp2_common/pico_stdio_usb/reset_interface.c.obj
 .text.resetd_xfer_cb
                0x0000000010004c68        0x4 CMakeFiles/msa.dir/home/pacmat/pico/pico-sdk/src/rp2_common/pico_stdio_usb/reset_interface.c.obj
 .text.reset_usb_boot
                0x0000000010004c6c       0x18 CMakeFiles/msa.dir/home/pacmat/pico/pico-sdk/src/rp2_common/pico_stdio_usb/reset_interface.c.obj
 .text.resetd_control_xfer_cb
                0x0000000010004c84       0x5c CMakeFiles/msa.dir/home/pacmat/pico/pico-sdk/src/rp2_common/pico_stdio_usb/reset_interface.c.obj
 .text.usbd_app_driver_get_cb
                0x0000000010004ce0        0xc CMakeFiles/msa.dir/home/pacmat/pico/pico-sdk/src/rp2_common/pico_stdio_usb/reset_interface.c.obj
                0x0000000010004ce0                usbd_app_driver_get_cb
 .text.tud_cdc_line_coding_cb
                0x0000000010004cec       0x28 CMakeFiles/msa.dir/home/pacmat/pico/pico-sdk/src/rp2_common/pico_stdio_usb/reset_interface.c.obj
                0x0000000010004cec                tud_cdc_line_coding_cb
 .text.stdio_usb_set_chars_available_callback
                0x0000000010004d14       0x14 CMakeFiles/msa.dir/home/pacmat/pico/pico-sdk/src/rp2_common/pico_stdio_usb/stdio_usb.c.obj
                0x0000000010004d14                stdio_usb_set_chars_available_callback
 .text.usb_irq  0x0000000010004d28       0x10 CMakeFiles/msa.dir/home/pacmat/pico/pico-sdk/src/rp2_common/pico_stdio_usb/stdio_usb.c.obj
 .text.timer_task
                0x0000000010004d38       0x5c CMakeFiles/msa.dir/home/pacmat/pico/pico-sdk/src/rp2_common/pico_stdio_usb/stdio_usb.c.obj
 .text.low_priority_worker_irq
                0x0000000010004d94       0xdc CMakeFiles/msa.dir/home/pacmat/pico/pico-sdk/src/rp2_common/pico_stdio_usb/stdio_usb.c.obj
 .text.tud_cdc_rx_cb
                0x0000000010004e70       0x20 CMakeFiles/msa.dir/home/pacmat/pico/pico-sdk/src/rp2_common/pico_stdio_usb/stdio_usb.c.obj
                0x0000000010004e70                tud_cdc_rx_cb
 .text.stdio_usb_init
                0x0000000010004e90      0x11c CMakeFiles/msa.dir/home/pacmat/pico/pico-sdk/src/rp2_common/pico_stdio_usb/stdio_usb.c.obj
                0x0000000010004e90                stdio_usb_init
 .text.stdio_usb_connected
                0x0000000010004fac        0xa CMakeFiles/msa.dir/home/pacmat/pico/pico-sdk/src/rp2_common/pico_stdio_usb/stdio_usb.c.obj
                0x0000000010004fac                stdio_usb_connected
 *fill*         0x0000000010004fb6        0x2 
 .text.stdio_usb_in_chars
                0x0000000010004fb8       0xc4 CMakeFiles/msa.dir/home/pacmat/pico/pico-sdk/src/rp2_common/pico_stdio_usb/stdio_usb.c.obj
                0x0000000010004fb8                stdio_usb_in_chars
 .text.stdio_usb_out_chars
                0x000000001000507c      0x114 CMakeFiles/msa.dir/home/pacmat/pico/pico-sdk/src/rp2_common/pico_stdio_usb/stdio_usb.c.obj
 .text.tud_descriptor_device_cb
                0x0000000010005190        0x8 CMakeFiles/msa.dir/home/pacmat/pico/pico-sdk/src/rp2_common/pico_stdio_usb/stdio_usb_descriptors.c.obj
                0x0000000010005190                tud_descriptor_device_cb
 .text.tud_descriptor_configuration_cb
                0x0000000010005198        0x8 CMakeFiles/msa.dir/home/pacmat/pico/pico-sdk/src/rp2_common/pico_stdio_usb/stdio_usb_descriptors.c.obj
                0x0000000010005198                tud_descriptor_configuration_cb
 .text.tud_descriptor_string_cb
                0x00000000100051a0       0x6c CMakeFiles/msa.dir/home/pacmat/pico/pico-sdk/src/rp2_common/pico_stdio_usb/stdio_usb_descriptors.c.obj
                0x00000000100051a0                tud_descriptor_string_cb
 .text._retrieve_unique_id_on_boot
                0x000000001000520c       0x10 CMakeFiles/msa.dir/home/pacmat/pico/pico-sdk/src/rp2_common/pico_unique_id/unique_id.c.obj
 .text.pico_get_unique_board_id_string
                0x000000001000521c       0x60 CMakeFiles/msa.dir/home/pacmat/pico/pico-sdk/src/rp2_common/pico_unique_id/unique_id.c.obj
                0x000000001000521c                pico_get_unique_board_id_string
 .text.flash_get_unique_id
                0x000000001000527c       0x46 CMakeFiles/msa.dir/home/pacmat/pico/pico-sdk/src/rp2_common/hardware_flash/flash.c.obj
                0x000000001000527c                flash_get_unique_id
 *fill*         0x00000000100052c2        0x2 
 .text.hw_endpoint_get_by_addr
                0x00000000100052c4       0x18 CMakeFiles/msa.dir/home/pacmat/pico/pico-sdk/lib/tinyusb/src/portable/raspberrypi/rp2040/dcd_rp2040.c.obj
 .text._hw_endpoint_alloc
                0x00000000100052dc       0x70 CMakeFiles/msa.dir/home/pacmat/pico/pico-sdk/lib/tinyusb/src/portable/raspberrypi/rp2040/dcd_rp2040.c.obj
 .text.hw_endpoint_init
                0x000000001000534c       0x88 CMakeFiles/msa.dir/home/pacmat/pico/pico-sdk/lib/tinyusb/src/portable/raspberrypi/rp2040/dcd_rp2040.c.obj
 .text.hw_endpoint_xfer
                0x00000000100053d4       0x14 CMakeFiles/msa.dir/home/pacmat/pico/pico-sdk/lib/tinyusb/src/portable/raspberrypi/rp2040/dcd_rp2040.c.obj
 .text.dcd_int_enable
                0x00000000100053e8       0x2c CMakeFiles/msa.dir/home/pacmat/pico/pico-sdk/lib/tinyusb/src/portable/raspberrypi/rp2040/dcd_rp2040.c.obj
                0x00000000100053e8                dcd_int_enable
 .text.dcd_set_address
                0x0000000010005414       0x2c CMakeFiles/msa.dir/home/pacmat/pico/pico-sdk/lib/tinyusb/src/portable/raspberrypi/rp2040/dcd_rp2040.c.obj
                0x0000000010005414                dcd_set_address
 .text.dcd_connect
                0x0000000010005440       0x10 CMakeFiles/msa.dir/home/pacmat/pico/pico-sdk/lib/tinyusb/src/portable/raspberrypi/rp2040/dcd_rp2040.c.obj
                0x0000000010005440                dcd_connect
 .text.dcd_init
                0x0000000010005450       0x80 CMakeFiles/msa.dir/home/pacmat/pico/pico-sdk/lib/tinyusb/src/portable/raspberrypi/rp2040/dcd_rp2040.c.obj
                0x0000000010005450                dcd_init
 .text.dcd_edpt0_status_complete
                0x00000000100054d0       0x1c CMakeFiles/msa.dir/home/pacmat/pico/pico-sdk/lib/tinyusb/src/portable/raspberrypi/rp2040/dcd_rp2040.c.obj
                0x00000000100054d0                dcd_edpt0_status_complete
 .text.dcd_edpt_open
                0x00000000100054ec       0x40 CMakeFiles/msa.dir/home/pacmat/pico/pico-sdk/lib/tinyusb/src/portable/raspberrypi/rp2040/dcd_rp2040.c.obj
                0x00000000100054ec                dcd_edpt_open
 .text.dcd_edpt_close_all
                0x000000001000552c        0x8 CMakeFiles/msa.dir/home/pacmat/pico/pico-sdk/lib/tinyusb/src/portable/raspberrypi/rp2040/dcd_rp2040.c.obj
                0x000000001000552c                dcd_edpt_close_all
 .text.dcd_edpt_xfer
                0x0000000010005534       0x34 CMakeFiles/msa.dir/home/pacmat/pico/pico-sdk/lib/tinyusb/src/portable/raspberrypi/rp2040/dcd_rp2040.c.obj
                0x0000000010005534                dcd_edpt_xfer
 .text.dcd_edpt_stall
                0x0000000010005568       0x2c CMakeFiles/msa.dir/home/pacmat/pico/pico-sdk/lib/tinyusb/src/portable/raspberrypi/rp2040/dcd_rp2040.c.obj
                0x0000000010005568                dcd_edpt_stall
 .text.dcd_edpt_clear_stall
                0x0000000010005594       0x20 CMakeFiles/msa.dir/home/pacmat/pico/pico-sdk/lib/tinyusb/src/portable/raspberrypi/rp2040/dcd_rp2040.c.obj
                0x0000000010005594                dcd_edpt_clear_stall
 .text.rp2040_usb_init
                0x00000000100055b4       0x4c CMakeFiles/msa.dir/home/pacmat/pico/pico-sdk/lib/tinyusb/src/portable/raspberrypi/rp2040/rp2040_usb.c.obj
                0x00000000100055b4                rp2040_usb_init
 .text.hw_endpoint_xfer_start
                0x0000000010005600       0x50 CMakeFiles/msa.dir/home/pacmat/pico/pico-sdk/lib/tinyusb/src/portable/raspberrypi/rp2040/rp2040_usb.c.obj
                0x0000000010005600                hw_endpoint_xfer_start
 .text.configuration_reset
                0x0000000010005650       0x84 CMakeFiles/msa.dir/home/pacmat/pico/pico-sdk/lib/tinyusb/src/device/usbd.c.obj
 .text.usbd_reset
                0x00000000100056d4        0xc CMakeFiles/msa.dir/home/pacmat/pico/pico-sdk/lib/tinyusb/src/device/usbd.c.obj
 .text.invoke_class_control
                0x00000000100056e0       0x1a CMakeFiles/msa.dir/home/pacmat/pico/pico-sdk/lib/tinyusb/src/device/usbd.c.obj
 *fill*         0x00000000100056fa        0x2 
 .text.process_set_config
                0x00000000100056fc      0x178 CMakeFiles/msa.dir/home/pacmat/pico/pico-sdk/lib/tinyusb/src/device/usbd.c.obj
 .text.process_get_descriptor
                0x0000000010005874       0xdc CMakeFiles/msa.dir/home/pacmat/pico/pico-sdk/lib/tinyusb/src/device/usbd.c.obj
 .text.tud_mounted
                0x0000000010005950       0x10 CMakeFiles/msa.dir/home/pacmat/pico/pico-sdk/lib/tinyusb/src/device/usbd.c.obj
                0x0000000010005950                tud_mounted
 .text.tud_suspended
                0x0000000010005960       0x10 CMakeFiles/msa.dir/home/pacmat/pico/pico-sdk/lib/tinyusb/src/device/usbd.c.obj
                0x0000000010005960                tud_suspended
 .text.tud_inited
                0x0000000010005970       0x14 CMakeFiles/msa.dir/home/pacmat/pico/pico-sdk/lib/tinyusb/src/device/usbd.c.obj
                0x0000000010005970                tud_inited
 .text.tud_init
                0x0000000010005984       0xcc CMakeFiles/msa.dir/home/pacmat/pico/pico-sdk/lib/tinyusb/src/device/usbd.c.obj
                0x0000000010005984                tud_init
 .text.usbd_defer_func
                0x0000000010005a50       0x2a CMakeFiles/msa.dir/home/pacmat/pico/pico-sdk/lib/tinyusb/src/device/usbd.c.obj
                0x0000000010005a50                usbd_defer_func
 *fill*         0x0000000010005a7a        0x2 
 .text.usbd_edpt_open
                0x0000000010005a7c       0x34 CMakeFiles/msa.dir/home/pacmat/pico/pico-sdk/lib/tinyusb/src/device/usbd.c.obj
                0x0000000010005a7c                usbd_edpt_open
 .text.usbd_open_edpt_pair
                0x0000000010005ab0       0x62 CMakeFiles/msa.dir/home/pacmat/pico/pico-sdk/lib/tinyusb/src/device/usbd.c.obj
                0x0000000010005ab0                usbd_open_edpt_pair
 *fill*         0x0000000010005b12        0x2 
 .text.usbd_edpt_claim
                0x0000000010005b14       0x28 CMakeFiles/msa.dir/home/pacmat/pico/pico-sdk/lib/tinyusb/src/device/usbd.c.obj
                0x0000000010005b14                usbd_edpt_claim
 .text.usbd_edpt_release
                0x0000000010005b3c       0x28 CMakeFiles/msa.dir/home/pacmat/pico/pico-sdk/lib/tinyusb/src/device/usbd.c.obj
                0x0000000010005b3c                usbd_edpt_release
 .text.usbd_edpt_xfer
                0x0000000010005b64       0x78 CMakeFiles/msa.dir/home/pacmat/pico/pico-sdk/lib/tinyusb/src/device/usbd.c.obj
                0x0000000010005b64                usbd_edpt_xfer
 .text.usbd_edpt_stall
                0x0000000010005bdc       0x48 CMakeFiles/msa.dir/home/pacmat/pico/pico-sdk/lib/tinyusb/src/device/usbd.c.obj
                0x0000000010005bdc                usbd_edpt_stall
 .text.usbd_edpt_clear_stall
                0x0000000010005c24       0x48 CMakeFiles/msa.dir/home/pacmat/pico/pico-sdk/lib/tinyusb/src/device/usbd.c.obj
                0x0000000010005c24                usbd_edpt_clear_stall
 .text.usbd_edpt_stalled
                0x0000000010005c6c       0x1c CMakeFiles/msa.dir/home/pacmat/pico/pico-sdk/lib/tinyusb/src/device/usbd.c.obj
                0x0000000010005c6c                usbd_edpt_stalled
 .text.process_control_request
                0x0000000010005c88      0x37c CMakeFiles/msa.dir/home/pacmat/pico/pico-sdk/lib/tinyusb/src/device/usbd.c.obj
 .text.tud_task_ext
                0x0000000010006004      0x1b8 CMakeFiles/msa.dir/home/pacmat/pico/pico-sdk/lib/tinyusb/src/device/usbd.c.obj
                0x0000000010006004                tud_task_ext
 .text._data_stage_xact
                0x00000000100061bc       0x58 CMakeFiles/msa.dir/home/pacmat/pico/pico-sdk/lib/tinyusb/src/device/usbd_control.c.obj
 .text.tud_control_status
                0x0000000010006214       0x38 CMakeFiles/msa.dir/home/pacmat/pico/pico-sdk/lib/tinyusb/src/device/usbd_control.c.obj
                0x0000000010006214                tud_control_status
 .text.tud_control_xfer
                0x000000001000624c       0x74 CMakeFiles/msa.dir/home/pacmat/pico/pico-sdk/lib/tinyusb/src/device/usbd_control.c.obj
                0x000000001000624c                tud_control_xfer
 .text.usbd_control_reset
                0x00000000100062c0       0x14 CMakeFiles/msa.dir/home/pacmat/pico/pico-sdk/lib/tinyusb/src/device/usbd_control.c.obj
                0x00000000100062c0                usbd_control_reset
 .text.usbd_control_set_complete_callback
                0x00000000100062d4        0xc CMakeFiles/msa.dir/home/pacmat/pico/pico-sdk/lib/tinyusb/src/device/usbd_control.c.obj
                0x00000000100062d4                usbd_control_set_complete_callback
 .text.usbd_control_set_request
                0x00000000100062e0       0x1c CMakeFiles/msa.dir/home/pacmat/pico/pico-sdk/lib/tinyusb/src/device/usbd_control.c.obj
                0x00000000100062e0                usbd_control_set_request
 .text.usbd_control_xfer_cb
                0x00000000100062fc       0xcc CMakeFiles/msa.dir/home/pacmat/pico/pico-sdk/lib/tinyusb/src/device/usbd_control.c.obj
                0x00000000100062fc                usbd_control_xfer_cb
 .text._prep_out_transaction
                0x00000000100063c8       0x4a CMakeFiles/msa.dir/home/pacmat/pico/pico-sdk/lib/tinyusb/src/class/cdc/cdc_device.c.obj
 *fill*         0x0000000010006412        0x2 
 .text.tud_cdc_n_connected
                0x0000000010006414       0x44 CMakeFiles/msa.dir/home/pacmat/pico/pico-sdk/lib/tinyusb/src/class/cdc/cdc_device.c.obj
                0x0000000010006414                tud_cdc_n_connected
 .text.tud_cdc_n_available
                0x0000000010006458       0x18 CMakeFiles/msa.dir/home/pacmat/pico/pico-sdk/lib/tinyusb/src/class/cdc/cdc_device.c.obj
                0x0000000010006458                tud_cdc_n_available
 .text.tud_cdc_n_read
                0x0000000010006470       0x28 CMakeFiles/msa.dir/home/pacmat/pico/pico-sdk/lib/tinyusb/src/class/cdc/cdc_device.c.obj
                0x0000000010006470                tud_cdc_n_read
 .text.tud_cdc_n_write_flush
                0x0000000010006498       0xb8 CMakeFiles/msa.dir/home/pacmat/pico/pico-sdk/lib/tinyusb/src/class/cdc/cdc_device.c.obj
                0x0000000010006498                tud_cdc_n_write_flush
 .text.tud_cdc_n_write
                0x0000000010006550       0x38 CMakeFiles/msa.dir/home/pacmat/pico/pico-sdk/lib/tinyusb/src/class/cdc/cdc_device.c.obj
                0x0000000010006550                tud_cdc_n_write
 .text.tud_cdc_n_write_available
                0x0000000010006588       0x1c CMakeFiles/msa.dir/home/pacmat/pico/pico-sdk/lib/tinyusb/src/class/cdc/cdc_device.c.obj
                0x0000000010006588                tud_cdc_n_write_available
 .text.cdcd_init
                0x00000000100065a4       0xbc CMakeFiles/msa.dir/home/pacmat/pico/pico-sdk/lib/tinyusb/src/class/cdc/cdc_device.c.obj
                0x00000000100065a4                cdcd_init
 .text.cdcd_reset
                0x0000000010006660       0x44 CMakeFiles/msa.dir/home/pacmat/pico/pico-sdk/lib/tinyusb/src/class/cdc/cdc_device.c.obj
                0x0000000010006660                cdcd_reset
 .text.cdcd_open
                0x00000000100066a4       0xcc CMakeFiles/msa.dir/home/pacmat/pico/pico-sdk/lib/tinyusb/src/class/cdc/cdc_device.c.obj
                0x00000000100066a4                cdcd_open
 .text.cdcd_control_xfer_cb
                0x0000000010006770      0x134 CMakeFiles/msa.dir/home/pacmat/pico/pico-sdk/lib/tinyusb/src/class/cdc/cdc_device.c.obj
                0x0000000010006770                cdcd_control_xfer_cb
 .text.cdcd_xfer_cb
                0x00000000100068a4      0x130 CMakeFiles/msa.dir/home/pacmat/pico/pico-sdk/lib/tinyusb/src/class/cdc/cdc_device.c.obj
                0x00000000100068a4                cdcd_xfer_cb
 .text.tusb_init
                0x00000000100069d4        0xa CMakeFiles/msa.dir/home/pacmat/pico/pico-sdk/lib/tinyusb/src/tusb.c.obj
                0x00000000100069d4                tusb_init
 .text.tusb_inited
                0x00000000100069de        0xe CMakeFiles/msa.dir/home/pacmat/pico/pico-sdk/lib/tinyusb/src/tusb.c.obj
                0x00000000100069de                tusb_inited
 .text.tu_edpt_claim
                0x00000000100069ec       0x50 CMakeFiles/msa.dir/home/pacmat/pico/pico-sdk/lib/tinyusb/src/tusb.c.obj
                0x00000000100069ec                tu_edpt_claim
 .text.tu_edpt_release
                0x0000000010006a3c       0x3c CMakeFiles/msa.dir/home/pacmat/pico/pico-sdk/lib/tinyusb/src/tusb.c.obj
                0x0000000010006a3c                tu_edpt_release
 .text.tu_edpt_validate
                0x0000000010006a78       0x78 CMakeFiles/msa.dir/home/pacmat/pico/pico-sdk/lib/tinyusb/src/tusb.c.obj
                0x0000000010006a78                tu_edpt_validate
 .text.tu_edpt_bind_driver
                0x0000000010006af0       0x26 CMakeFiles/msa.dir/home/pacmat/pico/pico-sdk/lib/tinyusb/src/tusb.c.obj
                0x0000000010006af0                tu_edpt_bind_driver
 .text.advance_index
                0x0000000010006b16       0x1a CMakeFiles/msa.dir/home/pacmat/pico/pico-sdk/lib/tinyusb/src/common/tusb_fifo.c.obj
 .text._tu_fifo_peek
                0x0000000010006b30       0x56 CMakeFiles/msa.dir/home/pacmat/pico/pico-sdk/lib/tinyusb/src/common/tusb_fifo.c.obj
 .text._ff_pull_const_addr
                0x0000000010006b86       0x4c CMakeFiles/msa.dir/home/pacmat/pico/pico-sdk/lib/tinyusb/src/common/tusb_fifo.c.obj
 .text._ff_pull_n
                0x0000000010006bd2      0x110 CMakeFiles/msa.dir/home/pacmat/pico/pico-sdk/lib/tinyusb/src/common/tusb_fifo.c.obj
 .text._tu_fifo_peek_n
                0x0000000010006ce2       0x6a CMakeFiles/msa.dir/home/pacmat/pico/pico-sdk/lib/tinyusb/src/common/tusb_fifo.c.obj
 .text._tu_fifo_read_n
                0x0000000010006d4c       0x4e CMakeFiles/msa.dir/home/pacmat/pico/pico-sdk/lib/tinyusb/src/common/tusb_fifo.c.obj
 .text._ff_push_const_addr
                0x0000000010006d9a       0x40 CMakeFiles/msa.dir/home/pacmat/pico/pico-sdk/lib/tinyusb/src/common/tusb_fifo.c.obj
 .text._ff_push_n
                0x0000000010006dda      0x10c CMakeFiles/msa.dir/home/pacmat/pico/pico-sdk/lib/tinyusb/src/common/tusb_fifo.c.obj
 .text._tu_fifo_write_n
                0x0000000010006ee6       0xf0 CMakeFiles/msa.dir/home/pacmat/pico/pico-sdk/lib/tinyusb/src/common/tusb_fifo.c.obj
 .text.tu_fifo_config
                0x0000000010006fd6       0x7c CMakeFiles/msa.dir/home/pacmat/pico/pico-sdk/lib/tinyusb/src/common/tusb_fifo.c.obj
                0x0000000010006fd6                tu_fifo_config
 .text.tu_fifo_count
                0x0000000010007052       0x2a CMakeFiles/msa.dir/home/pacmat/pico/pico-sdk/lib/tinyusb/src/common/tusb_fifo.c.obj
                0x0000000010007052                tu_fifo_count
 .text.tu_fifo_empty
                0x000000001000707c       0x10 CMakeFiles/msa.dir/home/pacmat/pico/pico-sdk/lib/tinyusb/src/common/tusb_fifo.c.obj
                0x000000001000707c                tu_fifo_empty
 .text.tu_fifo_full
                0x000000001000708c       0x28 CMakeFiles/msa.dir/home/pacmat/pico/pico-sdk/lib/tinyusb/src/common/tusb_fifo.c.obj
                0x000000001000708c                tu_fifo_full
 .text.tu_fifo_remaining
                0x00000000100070b4       0x2c CMakeFiles/msa.dir/home/pacmat/pico/pico-sdk/lib/tinyusb/src/common/tusb_fifo.c.obj
                0x00000000100070b4                tu_fifo_remaining
 .text.tu_fifo_read
                0x00000000100070e0       0x42 CMakeFiles/msa.dir/home/pacmat/pico/pico-sdk/lib/tinyusb/src/common/tusb_fifo.c.obj
                0x00000000100070e0                tu_fifo_read
 .text.tu_fifo_read_n
                0x0000000010007122        0xa CMakeFiles/msa.dir/home/pacmat/pico/pico-sdk/lib/tinyusb/src/common/tusb_fifo.c.obj
                0x0000000010007122                tu_fifo_read_n
 .text.tu_fifo_write
                0x000000001000712c       0x64 CMakeFiles/msa.dir/home/pacmat/pico/pico-sdk/lib/tinyusb/src/common/tusb_fifo.c.obj
                0x000000001000712c                tu_fifo_write
 .text.tu_fifo_write_n
                0x0000000010007190        0xa CMakeFiles/msa.dir/home/pacmat/pico/pico-sdk/lib/tinyusb/src/common/tusb_fifo.c.obj
                0x0000000010007190                tu_fifo_write_n
 .text.tu_fifo_clear
                0x000000001000719a       0x3e CMakeFiles/msa.dir/home/pacmat/pico/pico-sdk/lib/tinyusb/src/common/tusb_fifo.c.obj
                0x000000001000719a                tu_fifo_clear
 .text.tu_fifo_set_overwritable
                0x00000000100071d8       0x46 CMakeFiles/msa.dir/home/pacmat/pico/pico-sdk/lib/tinyusb/src/common/tusb_fifo.c.obj
                0x00000000100071d8                tu_fifo_set_overwritable
 .text.i2c_write_blocking_internal
                0x000000001000721e      0x140 CMakeFiles/msa.dir/home/pacmat/pico/pico-sdk/src/rp2_common/hardware_i2c/i2c.c.obj
 *fill*         0x000000001000735e        0x2 
 .text.i2c_set_baudrate
                0x0000000010007360       0xf0 CMakeFiles/msa.dir/home/pacmat/pico/pico-sdk/src/rp2_common/hardware_i2c/i2c.c.obj
                0x0000000010007360                i2c_set_baudrate
 .text.i2c_init
                0x0000000010007450       0x58 CMakeFiles/msa.dir/home/pacmat/pico/pico-sdk/src/rp2_common/hardware_i2c/i2c.c.obj
                0x0000000010007450                i2c_init
 .text.i2c_write_blocking
                0x00000000100074a8       0x18 CMakeFiles/msa.dir/home/pacmat/pico/pico-sdk/src/rp2_common/hardware_i2c/i2c.c.obj
                0x00000000100074a8                i2c_write_blocking
 .text          0x00000000100074c0      0x350 ssd1306_display/libssd1306_display.a(ssd1306_display.c.obj)
                0x00000000100074c0                calc_render_area_buflen
                0x00000000100074d6                SSD1306_send_cmd
                0x00000000100074fc                SSD1306_send_cmd_list
                0x0000000010007514                SSD1306_send_buf
                0x0000000010007554                SSD1306_init
                0x000000001000757c                SSD1306_scroll
                0x00000000100075b4                render
                0x00000000100075ea                SetPixel
                0x0000000010007658                DrawLine
                0x00000000100076fc                GetFontIndex
                0x000000001000771c                reverse
                0x000000001000774c                FillReversedCache
                0x0000000010007774                WriteChar
                0x00000000100077e4                WriteString
 .text          0x0000000010007810       0x28 /usr/lib/gcc/arm-none-eabi/10.3.1/../../../arm-none-eabi/lib/thumb/v6-m/nofp/libg.a(lib_a-malloc.o)
                0x0000000010007810                malloc
                0x0000000010007824                free
 .text          0x0000000010007838      0x574 /usr/lib/gcc/arm-none-eabi/10.3.1/../../../arm-none-eabi/lib/thumb/v6-m/nofp/libg.a(lib_a-mallocr.o)
                0x0000000010007838                _malloc_r
 .text          0x0000000010007dac        0x8 /usr/lib/gcc/arm-none-eabi/10.3.1/../../../arm-none-eabi/lib/thumb/v6-m/nofp/libg.a(lib_a-mlock.o)
                0x0000000010007dac                __malloc_lock
                0x0000000010007db0                __malloc_unlock
 .text          0x0000000010007db4       0x24 /usr/lib/gcc/arm-none-eabi/10.3.1/../../../arm-none-eabi/lib/thumb/v6-m/nofp/libg.a(lib_a-sbrkr.o)
                0x0000000010007db4                _sbrk_r
 .text          0x0000000010007dd8       0x5c /usr/lib/gcc/arm-none-eabi/10.3.1/../../../arm-none-eabi/lib/thumb/v6-m/nofp/libg.a(lib_a-strlen-stub.o)
                0x0000000010007dd8                strlen
 .text          0x0000000010007e34      0x260 /usr/lib/gcc/arm-none-eabi/10.3.1/../../../arm-none-eabi/lib/thumb/v6-m/nofp/libg.a(lib_a-freer.o)
                0x0000000010007e34                _malloc_trim_r
                0x0000000010007ed0                _free_r
 *(.fini)
 .fini          0x0000000010008094        0x4 /usr/lib/gcc/arm-none-eabi/10.3.1/thumb/v6-m/nofp/crti.o
                0x0000000010008094                _fini
 .fini.__stub   0x0000000010008098       0xe0 linker stubs
 *crtbegin.o(.ctors)
 *crtbegin?.o(.ctors)
 *(EXCLUDE_FILE(*crtend.o *crtend?.o) .ctors)
 *(SORT_BY_NAME(.ctors.*))
 *(.ctors)
 *crtbegin.o(.dtors)
 *crtbegin?.o(.dtors)
 *(EXCLUDE_FILE(*crtend.o *crtend?.o) .dtors)
 *(SORT_BY_NAME(.dtors.*))
 *(.dtors)
 *(.eh_frame*)
 .eh_frame      0x0000000010008178        0x0 /usr/lib/gcc/arm-none-eabi/10.3.1/thumb/v6-m/nofp/crtbegin.o
                0x0000000010008178                . = ALIGN (0x4)

.glue_7         0x0000000010008178        0x0
 .glue_7        0x0000000010008178        0x0 linker stubs

.glue_7t        0x0000000010008178        0x0
 .glue_7t       0x0000000010008178        0x0 linker stubs

.vfp11_veneer   0x0000000010008178        0x0
 .vfp11_veneer  0x0000000010008178        0x0 linker stubs

.v4_bx          0x0000000010008178        0x0
 .v4_bx         0x0000000010008178        0x0 linker stubs

.iplt           0x0000000010008178        0x0
 .iplt          0x0000000010008178        0x0 /usr/lib/gcc/arm-none-eabi/10.3.1/thumb/v6-m/nofp/crtbegin.o

.rodata         0x0000000010008178     0x1998
 *(EXCLUDE_FILE(*libm.a: *libc.a:*lib_a-mem*.o *libgcc.a:) .rodata*)
 .rodata.str1.4
                0x0000000010008178       0x4d CMakeFiles/msa.dir/msa.c.obj
 *fill*         0x00000000100081c5        0x3 
 .rodata.main.str1.4
                0x00000000100081c8       0x36 CMakeFiles/msa.dir/msa.c.obj
 *fill*         0x00000000100081fe        0x2 
 .rodata        0x0000000010008200       0x18 CMakeFiles/msa.dir/msa.c.obj
 .rodata.spin_lock_claim_unused.str1.4
                0x0000000010008218       0x1b CMakeFiles/msa.dir/home/pacmat/pico/pico-sdk/src/rp2_common/hardware_sync/sync.c.obj
 *fill*         0x0000000010008233        0x1 
 .rodata.make_branch.str1.4
                0x0000000010008234       0x6d CMakeFiles/msa.dir/home/pacmat/pico/pico-sdk/src/rp2_common/hardware_irq/irq.c.obj
 *fill*         0x00000000100082a1        0x3 
 .rodata.insert_branch_and_link.str1.4
                0x00000000100082a4       0x10 CMakeFiles/msa.dir/home/pacmat/pico/pico-sdk/src/rp2_common/hardware_irq/irq.c.obj
 .rodata.irq_set_exclusive_handler.str1.4
                0x00000000100082b4       0x36 CMakeFiles/msa.dir/home/pacmat/pico/pico-sdk/src/rp2_common/hardware_irq/irq.c.obj
 *fill*         0x00000000100082ea        0x2 
 .rodata.irq_add_shared_handler.str1.4
                0x00000000100082ec       0xd9 CMakeFiles/msa.dir/home/pacmat/pico/pico-sdk/src/rp2_common/hardware_irq/irq.c.obj
 *fill*         0x00000000100083c5        0x3 
 .rodata.irq_remove_handler.str1.4
                0x00000000100083c8       0x3a CMakeFiles/msa.dir/home/pacmat/pico/pico-sdk/src/rp2_common/hardware_irq/irq.c.obj
 *fill*         0x0000000010008402        0x2 
 .rodata.irq_add_tail_to_free_list.str1.4
                0x0000000010008404       0x3a CMakeFiles/msa.dir/home/pacmat/pico/pico-sdk/src/rp2_common/hardware_irq/irq.c.obj
 *fill*         0x000000001000843e        0x2 
 .rodata.user_irq_claim_unused.str1.4
                0x0000000010008440       0x1b CMakeFiles/msa.dir/home/pacmat/pico/pico-sdk/src/rp2_common/hardware_irq/irq.c.obj
 *fill*         0x000000001000845b        0x1 
 .rodata.__func__.0
                0x000000001000845c       0x1a CMakeFiles/msa.dir/home/pacmat/pico/pico-sdk/src/rp2_common/hardware_irq/irq.c.obj
 *fill*         0x0000000010008476        0x2 
 .rodata.__func__.1
                0x0000000010008478       0x17 CMakeFiles/msa.dir/home/pacmat/pico/pico-sdk/src/rp2_common/hardware_irq/irq.c.obj
 *fill*         0x000000001000848f        0x1 
 .rodata.__func__.2
                0x0000000010008490       0x13 CMakeFiles/msa.dir/home/pacmat/pico/pico-sdk/src/rp2_common/hardware_irq/irq.c.obj
 *fill*         0x00000000100084a3        0x1 
 .rodata.__func__.3
                0x00000000100084a4        0xc CMakeFiles/msa.dir/home/pacmat/pico/pico-sdk/src/rp2_common/hardware_irq/irq.c.obj
 .rodata.__func__.4
                0x00000000100084b0        0xf CMakeFiles/msa.dir/home/pacmat/pico/pico-sdk/src/rp2_common/hardware_irq/irq.c.obj
 *fill*         0x00000000100084bf        0x1 
 .rodata.__func__.5
                0x00000000100084c0       0x17 CMakeFiles/msa.dir/home/pacmat/pico/pico-sdk/src/rp2_common/hardware_irq/irq.c.obj
 *fill*         0x00000000100084d7        0x1 
 .rodata.__func__.6
                0x00000000100084d8       0x1a CMakeFiles/msa.dir/home/pacmat/pico/pico-sdk/src/rp2_common/hardware_irq/irq.c.obj
 *fill*         0x00000000100084f2        0x2 
 .rodata.str1.4
                0x00000000100084f4       0xed CMakeFiles/msa.dir/home/pacmat/pico/pico-sdk/src/common/pico_sync/mutex.c.obj
 *fill*         0x00000000100085e1        0x3 
 .rodata.__func__.1
                0x00000000100085e4        0xb CMakeFiles/msa.dir/home/pacmat/pico/pico-sdk/src/common/pico_sync/mutex.c.obj
 *fill*         0x00000000100085ef        0x1 
 .rodata.__func__.3
                0x00000000100085f0       0x18 CMakeFiles/msa.dir/home/pacmat/pico/pico-sdk/src/common/pico_sync/mutex.c.obj
 .rodata.__func__.4
                0x0000000010008608       0x15 CMakeFiles/msa.dir/home/pacmat/pico/pico-sdk/src/common/pico_sync/mutex.c.obj
 *fill*         0x000000001000861d        0x3 
 .rodata.repeating_timer_callback.str1.4
                0x0000000010008620       0x4b CMakeFiles/msa.dir/home/pacmat/pico/pico-sdk/src/common/pico_time/time.c.obj
 *fill*         0x000000001000866b        0x1 
 .rodata.timer_pool_entry_comparator.str1.4
                0x000000001000866c       0x22 CMakeFiles/msa.dir/home/pacmat/pico/pico-sdk/src/common/pico_time/time.c.obj
 *fill*         0x000000001000868e        0x2 
 .rodata.ph_add_child_node.str1.4
                0x0000000010008690       0x96 CMakeFiles/msa.dir/home/pacmat/pico/pico-sdk/src/common/pico_time/time.c.obj
 *fill*         0x0000000010008726        0x2 
 .rodata.add_alarm_under_lock.str1.4
                0x0000000010008728       0x28 CMakeFiles/msa.dir/home/pacmat/pico/pico-sdk/src/common/pico_time/time.c.obj
                                         0x2b (size before relaxing)
 .rodata.alarm_pool_alarm_callback.str1.4
                0x0000000010008750       0x98 CMakeFiles/msa.dir/home/pacmat/pico/pico-sdk/src/common/pico_time/time.c.obj
                                         0xfc (size before relaxing)
 .rodata.alarm_pool_get_default.str1.4
                0x00000000100087e8       0x21 CMakeFiles/msa.dir/home/pacmat/pico/pico-sdk/src/common/pico_time/time.c.obj
 *fill*         0x0000000010008809        0x3 
 .rodata.alarm_pool_cancel_alarm.str1.4
                0x000000001000880c       0x27 CMakeFiles/msa.dir/home/pacmat/pico/pico-sdk/src/common/pico_time/time.c.obj
 *fill*         0x0000000010008833        0x1 
 .rodata.sleep_until.str1.4
                0x0000000010008834       0x4d CMakeFiles/msa.dir/home/pacmat/pico/pico-sdk/src/common/pico_time/time.c.obj
 *fill*         0x0000000010008881        0x3 
 .rodata.__func__.1
                0x0000000010008884       0x18 CMakeFiles/msa.dir/home/pacmat/pico/pico-sdk/src/common/pico_time/time.c.obj
 .rodata.__func__.10
                0x000000001000889c       0x15 CMakeFiles/msa.dir/home/pacmat/pico/pico-sdk/src/common/pico_time/time.c.obj
 *fill*         0x00000000100088b1        0x3 
 .rodata.__func__.11
                0x00000000100088b4       0x1a CMakeFiles/msa.dir/home/pacmat/pico/pico-sdk/src/common/pico_time/time.c.obj
 *fill*         0x00000000100088ce        0x2 
 .rodata.__func__.12
                0x00000000100088d0        0xa CMakeFiles/msa.dir/home/pacmat/pico/pico-sdk/src/common/pico_time/time.c.obj
 *fill*         0x00000000100088da        0x2 
 .rodata.__func__.3
                0x00000000100088dc       0x17 CMakeFiles/msa.dir/home/pacmat/pico/pico-sdk/src/common/pico_time/time.c.obj
 *fill*         0x00000000100088f3        0x1 
 .rodata.__func__.4
                0x00000000100088f4       0x12 CMakeFiles/msa.dir/home/pacmat/pico/pico-sdk/src/common/pico_time/time.c.obj
 *fill*         0x0000000010008906        0x2 
 .rodata.__func__.5
                0x0000000010008908        0xd CMakeFiles/msa.dir/home/pacmat/pico/pico-sdk/src/common/pico_time/time.c.obj
 *fill*         0x0000000010008915        0x3 
 .rodata.__func__.6
                0x0000000010008918       0x12 CMakeFiles/msa.dir/home/pacmat/pico/pico-sdk/src/common/pico_time/time.c.obj
 *fill*         0x000000001000892a        0x2 
 .rodata.__func__.7
                0x000000001000892c        0xf CMakeFiles/msa.dir/home/pacmat/pico/pico-sdk/src/common/pico_time/time.c.obj
 *fill*         0x000000001000893b        0x1 
 .rodata.__func__.8
                0x000000001000893c        0xc CMakeFiles/msa.dir/home/pacmat/pico/pico-sdk/src/common/pico_time/time.c.obj
 .rodata.__func__.9
                0x0000000010008948       0x15 CMakeFiles/msa.dir/home/pacmat/pico/pico-sdk/src/common/pico_time/time.c.obj
 *fill*         0x000000001000895d        0x3 
 .rodata.hardware_alarm_claim.str1.4
                0x0000000010008960       0x22 CMakeFiles/msa.dir/home/pacmat/pico/pico-sdk/src/rp2_common/hardware_timer/timer.c.obj
 .rodata.busy_wait_us.str1.4
                0x0000000010008982       0x61 CMakeFiles/msa.dir/home/pacmat/pico/pico-sdk/src/rp2_common/hardware_timer/timer.c.obj
 *fill*         0x0000000010008982        0x2 
 .rodata.hardware_alarm_set_target.str1.4
                0x0000000010008984       0x65 CMakeFiles/msa.dir/home/pacmat/pico/pico-sdk/src/rp2_common/hardware_timer/timer.c.obj
 *fill*         0x00000000100089e9        0x3 
 .rodata.__func__.0
                0x00000000100089ec       0x1a CMakeFiles/msa.dir/home/pacmat/pico/pico-sdk/src/rp2_common/hardware_timer/timer.c.obj
 *fill*         0x0000000010008a06        0x2 
 .rodata.__func__.1
                0x0000000010008a08       0x15 CMakeFiles/msa.dir/home/pacmat/pico/pico-sdk/src/rp2_common/hardware_timer/timer.c.obj
 .rodata.ph_add_child_node.str1.4
                0x0000000010008a1d       0x96 CMakeFiles/msa.dir/home/pacmat/pico/pico-sdk/src/common/pico_util/pheap.c.obj
 *fill*         0x0000000010008a1d        0x3 
 .rodata.ph_remove_any_head.str1.4
                0x0000000010008a20       0x8c CMakeFiles/msa.dir/home/pacmat/pico/pico-sdk/src/common/pico_util/pheap.c.obj
                                         0xa0 (size before relaxing)
 .rodata.ph_remove_and_free_node.str1.4
                0x0000000010008aac       0x1e CMakeFiles/msa.dir/home/pacmat/pico/pico-sdk/src/common/pico_util/pheap.c.obj
                                         0x26 (size before relaxing)
 *fill*         0x0000000010008aca        0x2 
 .rodata.__func__.0
                0x0000000010008acc       0x18 CMakeFiles/msa.dir/home/pacmat/pico/pico-sdk/src/common/pico_util/pheap.c.obj
 .rodata.__func__.1
                0x0000000010008ae4       0x13 CMakeFiles/msa.dir/home/pacmat/pico/pico-sdk/src/common/pico_util/pheap.c.obj
 *fill*         0x0000000010008af7        0x1 
 .rodata.__func__.2
                0x0000000010008af8       0x12 CMakeFiles/msa.dir/home/pacmat/pico/pico-sdk/src/common/pico_util/pheap.c.obj
 *fill*         0x0000000010008b0a        0x2 
 .rodata.__func__.3
                0x0000000010008b0c        0xc CMakeFiles/msa.dir/home/pacmat/pico/pico-sdk/src/common/pico_util/pheap.c.obj
 .rodata.clock_configure.str1.4
                0x0000000010008b18       0x57 CMakeFiles/msa.dir/home/pacmat/pico/pico-sdk/src/rp2_common/hardware_clocks/clocks.c.obj
 *fill*         0x0000000010008b6f        0x1 
 .rodata.__func__.1
                0x0000000010008b70       0x10 CMakeFiles/msa.dir/home/pacmat/pico/pico-sdk/src/rp2_common/hardware_clocks/clocks.c.obj
 .rodata.pll_init.str1.4
                0x0000000010008b80      0x124 CMakeFiles/msa.dir/home/pacmat/pico/pico-sdk/src/rp2_common/hardware_pll/pll.c.obj
 .rodata.__func__.0
                0x0000000010008ca4        0x9 CMakeFiles/msa.dir/home/pacmat/pico/pico-sdk/src/rp2_common/hardware_pll/pll.c.obj
 *fill*         0x0000000010008cad        0x3 
 .rodata.__assert_func.str1.4
                0x0000000010008cb0       0x3f CMakeFiles/msa.dir/home/pacmat/pico/pico-sdk/src/rp2_common/pico_runtime/runtime.c.obj
                                         0x43 (size before relaxing)
 *fill*         0x0000000010008cef        0x1 
 .rodata.runtime_init.str1.4
                0x0000000010008cf0       0x61 CMakeFiles/msa.dir/home/pacmat/pico/pico-sdk/src/rp2_common/pico_runtime/runtime.c.obj
 *fill*         0x0000000010008d51        0x3 
 .rodata.panic.str1.4
                0x0000000010008d54       0x12 CMakeFiles/msa.dir/home/pacmat/pico/pico-sdk/src/rp2_common/pico_runtime/runtime.c.obj
 *fill*         0x0000000010008d66        0x2 
 .rodata.__func__.2
                0x0000000010008d68        0xd CMakeFiles/msa.dir/home/pacmat/pico/pico-sdk/src/rp2_common/pico_runtime/runtime.c.obj
 *fill*         0x0000000010008d75        0x3 
 .rodata._ftoa.str1.4
                0x0000000010008d78       0x15 CMakeFiles/msa.dir/home/pacmat/pico/pico-sdk/src/rp2_common/pico_printf/printf.c.obj
 *fill*         0x0000000010008d8d        0x3 
 .rodata._vsnprintf
                0x0000000010008d90      0x1e0 CMakeFiles/msa.dir/home/pacmat/pico/pico-sdk/src/rp2_common/pico_printf/printf.c.obj
 .rodata.pow10.0
                0x0000000010008f70       0x50 CMakeFiles/msa.dir/home/pacmat/pico/pico-sdk/src/rp2_common/pico_printf/printf.c.obj
 .rodata.__aeabi_double_init.str1.4
                0x0000000010008fc0       0x9c CMakeFiles/msa.dir/home/pacmat/pico/pico-sdk/src/rp2_common/pico_double/double_init_rom.c.obj
 .rodata.__func__.0
                0x000000001000905c       0x14 CMakeFiles/msa.dir/home/pacmat/pico/pico-sdk/src/rp2_common/pico_double/double_init_rom.c.obj
 .rodata.__aeabi_float_init.str1.4
                0x0000000010009070       0x7a CMakeFiles/msa.dir/home/pacmat/pico/pico-sdk/src/rp2_common/pico_float/float_init_rom.c.obj
                                         0x7e (size before relaxing)
 *fill*         0x00000000100090ea        0x2 
 .rodata.__func__.0
                0x00000000100090ec       0x13 CMakeFiles/msa.dir/home/pacmat/pico/pico-sdk/src/rp2_common/pico_float/float_init_rom.c.obj
 *fill*         0x00000000100090ff        0x1 
 .rodata.__wrap_malloc.str1.4
                0x0000000010009100        0xe CMakeFiles/msa.dir/home/pacmat/pico/pico-sdk/src/rp2_common/pico_malloc/pico_malloc.c.obj
 *fill*         0x000000001000910e        0x2 
 .rodata.str1.4
                0x0000000010009110       0x3c CMakeFiles/msa.dir/home/pacmat/pico/pico-sdk/src/rp2_common/pico_standard_link/binary_info.c.obj
 .rodata.__bi_44
                0x000000001000914c        0xc CMakeFiles/msa.dir/home/pacmat/pico/pico-sdk/src/rp2_common/pico_standard_link/binary_info.c.obj
 .rodata.__bi_56
                0x0000000010009158        0xc CMakeFiles/msa.dir/home/pacmat/pico/pico-sdk/src/rp2_common/pico_standard_link/binary_info.c.obj
 .rodata.__bi_75
                0x0000000010009164        0xc CMakeFiles/msa.dir/home/pacmat/pico/pico-sdk/src/rp2_common/pico_standard_link/binary_info.c.obj
 .rodata.__bi_81
                0x0000000010009170        0xc CMakeFiles/msa.dir/home/pacmat/pico/pico-sdk/src/rp2_common/pico_standard_link/binary_info.c.obj
 .rodata.stdout_serialize_begin.str1.4
                0x000000001000917c       0x61 CMakeFiles/msa.dir/home/pacmat/pico/pico-sdk/src/rp2_common/pico_stdio/stdio.c.obj
 .rodata.__func__.3
                0x000000001000917c       0x15 CMakeFiles/msa.dir/home/pacmat/pico/pico-sdk/src/rp2_common/pico_stdio/stdio.c.obj
 *fill*         0x0000000010009191        0x3 
 .rodata.crlf_str.2
                0x0000000010009194        0x2 CMakeFiles/msa.dir/home/pacmat/pico/pico-sdk/src/rp2_common/pico_stdio/stdio.c.obj
 *fill*         0x0000000010009196        0x2 
 .rodata.str1.4
                0x0000000010009198       0x2c CMakeFiles/msa.dir/home/pacmat/pico/pico-sdk/src/rp2_common/pico_stdio_uart/stdio_uart.c.obj
 .rodata.__bi_33.4
                0x00000000100091c4        0xc CMakeFiles/msa.dir/home/pacmat/pico/pico-sdk/src/rp2_common/pico_stdio_uart/stdio_uart.c.obj
 .rodata.__bi_34.5
                0x00000000100091d0        0x8 CMakeFiles/msa.dir/home/pacmat/pico/pico-sdk/src/rp2_common/pico_stdio_uart/stdio_uart.c.obj
 .rodata._resetd_driver
                0x00000000100091d8       0x18 CMakeFiles/msa.dir/home/pacmat/pico/pico-sdk/src/rp2_common/pico_stdio_usb/reset_interface.c.obj
 .rodata.low_priority_worker_irq.str1.4
                0x00000000100091f0       0x61 CMakeFiles/msa.dir/home/pacmat/pico/pico-sdk/src/rp2_common/pico_stdio_usb/stdio_usb.c.obj
 .rodata.stdio_usb_init.str1.4
                0x00000000100091f0       0x45 CMakeFiles/msa.dir/home/pacmat/pico/pico-sdk/src/rp2_common/pico_stdio_usb/stdio_usb.c.obj
                                         0x4d (size before relaxing)
 *fill*         0x0000000010009235        0x3 
 .rodata.str1.4
                0x0000000010009238       0x13 CMakeFiles/msa.dir/home/pacmat/pico/pico-sdk/src/rp2_common/pico_stdio_usb/stdio_usb.c.obj
 *fill*         0x000000001000924b        0x1 
 .rodata.__bi_182.0
                0x000000001000924c        0xc CMakeFiles/msa.dir/home/pacmat/pico/pico-sdk/src/rp2_common/pico_stdio_usb/stdio_usb.c.obj
 .rodata.__func__.1
                0x0000000010009258        0xf CMakeFiles/msa.dir/home/pacmat/pico/pico-sdk/src/rp2_common/pico_stdio_usb/stdio_usb.c.obj
 *fill*         0x0000000010009267        0x1 
 .rodata.__func__.3
                0x0000000010009268       0x15 CMakeFiles/msa.dir/home/pacmat/pico/pico-sdk/src/rp2_common/pico_stdio_usb/stdio_usb.c.obj
 *fill*         0x000000001000927d        0x3 
 .rodata.str1.4
                0x0000000010009280       0x2a CMakeFiles/msa.dir/home/pacmat/pico/pico-sdk/src/rp2_common/pico_stdio_usb/stdio_usb_descriptors.c.obj
 *fill*         0x00000000100092aa        0x2 
 .rodata.usbd_desc_cfg
                0x00000000100092ac       0x54 CMakeFiles/msa.dir/home/pacmat/pico/pico-sdk/src/rp2_common/pico_stdio_usb/stdio_usb_descriptors.c.obj
 .rodata.usbd_desc_device
                0x0000000010009300       0x12 CMakeFiles/msa.dir/home/pacmat/pico/pico-sdk/src/rp2_common/pico_stdio_usb/stdio_usb_descriptors.c.obj
 *fill*         0x0000000010009312        0x2 
 .rodata.usbd_desc_str
                0x0000000010009314       0x18 CMakeFiles/msa.dir/home/pacmat/pico/pico-sdk/src/rp2_common/pico_stdio_usb/stdio_usb_descriptors.c.obj
 .rodata.pico_get_unique_board_id_string.str1.4
                0x000000001000932c       0x4d CMakeFiles/msa.dir/home/pacmat/pico/pico-sdk/src/rp2_common/pico_unique_id/unique_id.c.obj
 *fill*         0x0000000010009379        0x3 
 .rodata.__func__.0
                0x000000001000937c       0x20 CMakeFiles/msa.dir/home/pacmat/pico/pico-sdk/src/rp2_common/pico_unique_id/unique_id.c.obj
 .rodata.str1.4
                0x000000001000939c      0x15a CMakeFiles/msa.dir/home/pacmat/pico/pico-sdk/src/rp2_common/hardware_flash/flash.c.obj
 *fill*         0x00000000100094f6        0x2 
 .rodata.__func__.0
                0x00000000100094f8        0xd CMakeFiles/msa.dir/home/pacmat/pico/pico-sdk/src/rp2_common/hardware_flash/flash.c.obj
 *fill*         0x0000000010009505        0x3 
 .rodata._hw_endpoint_alloc.str1.4
                0x0000000010009508       0xb5 CMakeFiles/msa.dir/home/pacmat/pico/pico-sdk/lib/tinyusb/src/portable/raspberrypi/rp2040/dcd_rp2040.c.obj
 *fill*         0x00000000100095bd        0x3 
 .rodata.str1.4
                0x00000000100095c0       0x14 CMakeFiles/msa.dir/home/pacmat/pico/pico-sdk/lib/tinyusb/src/portable/raspberrypi/rp2040/dcd_rp2040.c.obj
 .rodata.dcd_int_enable.str1.4
                0x00000000100095d4        0xc CMakeFiles/msa.dir/home/pacmat/pico/pico-sdk/lib/tinyusb/src/portable/raspberrypi/rp2040/dcd_rp2040.c.obj
 .rodata.__func__.0
                0x00000000100095e0        0xe CMakeFiles/msa.dir/home/pacmat/pico/pico-sdk/lib/tinyusb/src/portable/raspberrypi/rp2040/dcd_rp2040.c.obj
 *fill*         0x00000000100095ee        0x2 
 .rodata.__func__.1
                0x00000000100095f0        0xe CMakeFiles/msa.dir/home/pacmat/pico/pico-sdk/lib/tinyusb/src/portable/raspberrypi/rp2040/dcd_rp2040.c.obj
 *fill*         0x00000000100095fe        0x2 
 .rodata.__func__.3
                0x0000000010009600       0x10 CMakeFiles/msa.dir/home/pacmat/pico/pico-sdk/lib/tinyusb/src/portable/raspberrypi/rp2040/dcd_rp2040.c.obj
 .rodata.__func__.5
                0x0000000010009610        0xf CMakeFiles/msa.dir/home/pacmat/pico/pico-sdk/lib/tinyusb/src/portable/raspberrypi/rp2040/dcd_rp2040.c.obj
 *fill*         0x000000001000961f        0x1 
 .rodata.__func__.6
                0x0000000010009620       0x13 CMakeFiles/msa.dir/home/pacmat/pico/pico-sdk/lib/tinyusb/src/portable/raspberrypi/rp2040/dcd_rp2040.c.obj
 *fill*         0x0000000010009633        0x1 
 .rodata.__func__.7
                0x0000000010009634        0x9 CMakeFiles/msa.dir/home/pacmat/pico/pico-sdk/lib/tinyusb/src/portable/raspberrypi/rp2040/dcd_rp2040.c.obj
 *fill*         0x000000001000963d        0x3 
 .rodata.str1.4
                0x0000000010009640       0xdd CMakeFiles/msa.dir/home/pacmat/pico/pico-sdk/lib/tinyusb/src/portable/raspberrypi/rp2040/rp2040_usb.c.obj
                                         0xe7 (size before relaxing)
 *fill*         0x000000001000971d        0x3 
 .rodata.__func__.0
                0x0000000010009720        0xf CMakeFiles/msa.dir/home/pacmat/pico/pico-sdk/lib/tinyusb/src/portable/raspberrypi/rp2040/rp2040_usb.c.obj
 *fill*         0x000000001000972f        0x1 
 .rodata.process_get_descriptor
                0x0000000010009730       0x40 CMakeFiles/msa.dir/home/pacmat/pico/pico-sdk/lib/tinyusb/src/device/usbd.c.obj
 .rodata.process_control_request
                0x0000000010009770       0x28 CMakeFiles/msa.dir/home/pacmat/pico/pico-sdk/lib/tinyusb/src/device/usbd.c.obj
 .rodata.tud_task_ext
                0x0000000010009798       0x24 CMakeFiles/msa.dir/home/pacmat/pico/pico-sdk/lib/tinyusb/src/device/usbd.c.obj
 .rodata._usbd_driver
                0x00000000100097bc       0x18 CMakeFiles/msa.dir/home/pacmat/pico/pico-sdk/lib/tinyusb/src/device/usbd.c.obj
 .rodata.i2c_set_baudrate.str1.4
                0x00000000100097d4       0x5d CMakeFiles/msa.dir/home/pacmat/pico/pico-sdk/src/rp2_common/hardware_i2c/i2c.c.obj
 *fill*         0x0000000010009831        0x3 
 .rodata.__func__.0
                0x0000000010009834       0x11 CMakeFiles/msa.dir/home/pacmat/pico/pico-sdk/src/rp2_common/hardware_i2c/i2c.c.obj
 *fill*         0x0000000010009845        0x3 
 .rodata.str1.4
                0x0000000010009848       0x74 ssd1306_display/libssd1306_display.a(ssd1306_display.c.obj)
 .rodata        0x00000000100098bc      0x150 ssd1306_display/libssd1306_display.a(ssd1306_display.c.obj)
 .rodata        0x0000000010009a0c      0x101 /usr/lib/gcc/arm-none-eabi/10.3.1/../../../arm-none-eabi/lib/thumb/v6-m/nofp/libg.a(lib_a-ctype_.o)
                0x0000000010009a0c                _ctype_
                0x0000000010009b10                . = ALIGN (0x4)
 *fill*         0x0000000010009b0d        0x3 
 *(SORT_BY_ALIGNMENT(SORT_BY_NAME(.flashdata*)))
                0x0000000010009b10                . = ALIGN (0x4)

.ARM.extab
 *(.ARM.extab* .gnu.linkonce.armextab.*)
                0x0000000010009b10                __exidx_start = .

.ARM.exidx
 *(.ARM.exidx* .gnu.linkonce.armexidx.*)
                0x0000000010009b10                __exidx_end = .
                0x0000000010009b10                . = ALIGN (0x4)
                0x0000000010009b10                __binary_info_start = .

.binary_info    0x0000000010009b10       0x2c
 *(.binary_info.keep.*)
 .binary_info.keep.__bi_ptr22
                0x0000000010009b10        0x4 CMakeFiles/msa.dir/home/pacmat/pico/pico-sdk/src/rp2_common/pico_standard_link/binary_info.c.obj
 .binary_info.keep.__bi_ptr30
                0x0000000010009b14        0x4 CMakeFiles/msa.dir/home/pacmat/pico/pico-sdk/src/rp2_common/pico_standard_link/binary_info.c.obj
 .binary_info.keep.__bi_ptr38
                0x0000000010009b18        0x4 CMakeFiles/msa.dir/home/pacmat/pico/pico-sdk/src/rp2_common/pico_standard_link/binary_info.c.obj
 .binary_info.keep.__bi_ptr44
                0x0000000010009b1c        0x4 CMakeFiles/msa.dir/home/pacmat/pico/pico-sdk/src/rp2_common/pico_standard_link/binary_info.c.obj
 .binary_info.keep.__bi_ptr50
                0x0000000010009b20        0x4 CMakeFiles/msa.dir/home/pacmat/pico/pico-sdk/src/rp2_common/pico_standard_link/binary_info.c.obj
 .binary_info.keep.__bi_ptr56
                0x0000000010009b24        0x4 CMakeFiles/msa.dir/home/pacmat/pico/pico-sdk/src/rp2_common/pico_standard_link/binary_info.c.obj
 .binary_info.keep.__bi_ptr75
                0x0000000010009b28        0x4 CMakeFiles/msa.dir/home/pacmat/pico/pico-sdk/src/rp2_common/pico_standard_link/binary_info.c.obj
 .binary_info.keep.__bi_ptr81
                0x0000000010009b2c        0x4 CMakeFiles/msa.dir/home/pacmat/pico/pico-sdk/src/rp2_common/pico_standard_link/binary_info.c.obj
 *(.binary_info.*)
 .binary_info.__bi_ptr33
                0x0000000010009b30        0x4 CMakeFiles/msa.dir/home/pacmat/pico/pico-sdk/src/rp2_common/pico_stdio_uart/stdio_uart.c.obj
 .binary_info.__bi_ptr34
                0x0000000010009b34        0x4 CMakeFiles/msa.dir/home/pacmat/pico/pico-sdk/src/rp2_common/pico_stdio_uart/stdio_uart.c.obj
 .binary_info.__bi_ptr182
                0x0000000010009b38        0x4 CMakeFiles/msa.dir/home/pacmat/pico/pico-sdk/src/rp2_common/pico_stdio_usb/stdio_usb.c.obj
                0x0000000010009b3c                __binary_info_end = .

.rel.dyn        0x0000000010009b3c        0x0
 .rel.iplt      0x0000000010009b3c        0x0 /usr/lib/gcc/arm-none-eabi/10.3.1/thumb/v6-m/nofp/crtbegin.o
                0x0000000010009b3c                . = ALIGN (0x4)

.ram_vector_table
                0x0000000020000000       0xc0
 *(.ram_vector_table)
 .ram_vector_table
                0x0000000020000000       0xc0 CMakeFiles/msa.dir/home/pacmat/pico/pico-sdk/src/rp2_common/pico_runtime/runtime.c.obj
                0x0000000020000000                ram_vector_table

.data           0x00000000200000c0     0x1450 load address 0x0000000010009b3c
                0x00000000200000c0                __data_start__ = .
 *(vtable)
 *(.time_critical*)
 .time_critical.mutex_try_enter
                0x00000000200000c0       0x46 CMakeFiles/msa.dir/home/pacmat/pico/pico-sdk/src/common/pico_sync/mutex.c.obj
                0x00000000200000c0                mutex_try_enter
 *fill*         0x0000000020000106        0x2 
 .time_critical.mutex_enter_block_until
                0x0000000020000108       0x8c CMakeFiles/msa.dir/home/pacmat/pico/pico-sdk/src/common/pico_sync/mutex.c.obj
                0x0000000020000108                mutex_enter_block_until
 .time_critical.mutex_try_enter_block_until
                0x0000000020000194       0x34 CMakeFiles/msa.dir/home/pacmat/pico/pico-sdk/src/common/pico_sync/mutex.c.obj
                0x0000000020000194                mutex_try_enter_block_until
 .time_critical.mutex_enter_timeout_ms
                0x00000000200001c8       0x68 CMakeFiles/msa.dir/home/pacmat/pico/pico-sdk/src/common/pico_sync/mutex.c.obj
                0x00000000200001c8                mutex_enter_timeout_ms
 .time_critical.mutex_exit
                0x0000000020000230       0x4c CMakeFiles/msa.dir/home/pacmat/pico/pico-sdk/src/common/pico_sync/mutex.c.obj
                0x0000000020000230                mutex_exit
 .time_critical.flash_init_boot2_copyout
                0x000000002000027c       0x30 CMakeFiles/msa.dir/home/pacmat/pico/pico-sdk/src/rp2_common/hardware_flash/flash.c.obj
 .time_critical.flash_enable_xip_via_boot2
                0x00000000200002ac       0x10 CMakeFiles/msa.dir/home/pacmat/pico/pico-sdk/src/rp2_common/hardware_flash/flash.c.obj
 .time_critical.flash_cs_force
                0x00000000200002bc       0x28 CMakeFiles/msa.dir/home/pacmat/pico/pico-sdk/src/rp2_common/hardware_flash/flash.c.obj
 .time_critical.flash_do_cmd
                0x00000000200002e4       0xd8 CMakeFiles/msa.dir/home/pacmat/pico/pico-sdk/src/rp2_common/hardware_flash/flash.c.obj
                0x00000000200002e4                flash_do_cmd
 .time_critical.reset_non_control_endpoints
                0x00000000200003bc       0x40 CMakeFiles/msa.dir/home/pacmat/pico/pico-sdk/lib/tinyusb/src/portable/raspberrypi/rp2040/dcd_rp2040.c.obj
 .time_critical.hw_handle_buff_status
                0x00000000200003fc       0xa4 CMakeFiles/msa.dir/home/pacmat/pico/pico-sdk/lib/tinyusb/src/portable/raspberrypi/rp2040/dcd_rp2040.c.obj
 .time_critical.dcd_rp2040_irq
                0x00000000200004a0      0x1cc CMakeFiles/msa.dir/home/pacmat/pico/pico-sdk/lib/tinyusb/src/portable/raspberrypi/rp2040/dcd_rp2040.c.obj
 .time_critical.e15_is_bulkin_ep
                0x000000002000066c       0x2c CMakeFiles/msa.dir/home/pacmat/pico/pico-sdk/lib/tinyusb/src/portable/raspberrypi/rp2040/rp2040_usb.c.obj
 .time_critical.e15_is_critical_frame_period
                0x0000000020000698       0x30 CMakeFiles/msa.dir/home/pacmat/pico/pico-sdk/lib/tinyusb/src/portable/raspberrypi/rp2040/rp2040_usb.c.obj
 .time_critical.prepare_ep_buffer
                0x00000000200006c8       0x70 CMakeFiles/msa.dir/home/pacmat/pico/pico-sdk/lib/tinyusb/src/portable/raspberrypi/rp2040/rp2040_usb.c.obj
 .time_critical.sync_ep_buffer
                0x0000000020000738       0x80 CMakeFiles/msa.dir/home/pacmat/pico/pico-sdk/lib/tinyusb/src/portable/raspberrypi/rp2040/rp2040_usb.c.obj
 .time_critical._hw_endpoint_xfer_sync
                0x00000000200007b8       0x28 CMakeFiles/msa.dir/home/pacmat/pico/pico-sdk/lib/tinyusb/src/portable/raspberrypi/rp2040/rp2040_usb.c.obj
 .time_critical.hw_endpoint_reset_transfer
                0x00000000200007e0        0xc CMakeFiles/msa.dir/home/pacmat/pico/pico-sdk/lib/tinyusb/src/portable/raspberrypi/rp2040/rp2040_usb.c.obj
                0x00000000200007e0                hw_endpoint_reset_transfer
 .time_critical._hw_endpoint_buffer_control_update32
                0x00000000200007ec       0x58 CMakeFiles/msa.dir/home/pacmat/pico/pico-sdk/lib/tinyusb/src/portable/raspberrypi/rp2040/rp2040_usb.c.obj
                0x00000000200007ec                _hw_endpoint_buffer_control_update32
 .time_critical.hw_endpoint_start_next_buffer
                0x0000000020000844       0x88 CMakeFiles/msa.dir/home/pacmat/pico/pico-sdk/lib/tinyusb/src/portable/raspberrypi/rp2040/rp2040_usb.c.obj
                0x0000000020000844                hw_endpoint_start_next_buffer
 .time_critical.hw_endpoint_xfer_continue
                0x00000000200008cc       0x50 CMakeFiles/msa.dir/home/pacmat/pico/pico-sdk/lib/tinyusb/src/portable/raspberrypi/rp2040/rp2040_usb.c.obj
                0x00000000200008cc                hw_endpoint_xfer_continue
 .time_critical.tinyusb
                0x000000002000091c      0x200 CMakeFiles/msa.dir/home/pacmat/pico/pico-sdk/lib/tinyusb/src/device/usbd.c.obj