Archive member included to satisfy reference by file (symbol)

ssd1306_display/libssd1306_display.a(ssd1306_display.c.obj)
                              CMakeFiles/msa.dir/msa.c.obj (calc_render_area_buflen)
/usr/lib/gcc/arm-none-eabi/10.3.1/thumb/v6-m/nofp/libgcc.a(_dvmd_tls.o)
                              CMakeFiles/msa.dir/home/pacmat/pico/pico-sdk/src/rp2_common/pico_divider/divider.S.obj (__aeabi_idiv0)
/usr/lib/gcc/arm-none-eabi/10.3.1/../../../arm-none-eabi/lib/thumb/v6-m/nofp/libc.a(lib_a-atexit.o)
                              /usr/lib/gcc/arm-none-eabi/10.3.1/../../../arm-none-eabi/lib/thumb/v6-m/nofp/crt0.o (atexit)
/usr/lib/gcc/arm-none-eabi/10.3.1/../../../arm-none-eabi/lib/thumb/v6-m/nofp/libc.a(lib_a-calloc.o)
                              CMakeFiles/msa.dir/home/pacmat/pico/pico-sdk/src/rp2_common/pico_malloc/pico_malloc.c.obj (calloc)
/usr/lib/gcc/arm-none-eabi/10.3.1/../../../arm-none-eabi/lib/thumb/v6-m/nofp/libc.a(lib_a-callocr.o)
                              /usr/lib/gcc/arm-none-eabi/10.3.1/../../../arm-none-eabi/lib/thumb/v6-m/nofp/libc.a(lib_a-calloc.o) (_calloc_r)
/usr/lib/gcc/arm-none-eabi/10.3.1/../../../arm-none-eabi/lib/thumb/v6-m/nofp/libc.a(lib_a-ctype_.o)
                              ssd1306_display/libssd1306_display.a(ssd1306_display.c.obj) (_ctype_)
/usr/lib/gcc/arm-none-eabi/10.3.1/../../../arm-none-eabi/lib/thumb/v6-m/nofp/libc.a(lib_a-fini.o)
                              /usr/lib/gcc/arm-none-eabi/10.3.1/../../../arm-none-eabi/lib/thumb/v6-m/nofp/crt0.o (__libc_fini_array)
/usr/lib/gcc/arm-none-eabi/10.3.1/../../../arm-none-eabi/lib/thumb/v6-m/nofp/libc.a(lib_a-impure.o)
                              /usr/lib/gcc/arm-none-eabi/10.3.1/../../../arm-none-eabi/lib/thumb/v6-m/nofp/libc.a(lib_a-calloc.o) (_impure_ptr)
/usr/lib/gcc/arm-none-eabi/10.3.1/../../../arm-none-eabi/lib/thumb/v6-m/nofp/libc.a(lib_a-init.o)
                              /usr/lib/gcc/arm-none-eabi/10.3.1/../../../arm-none-eabi/lib/thumb/v6-m/nofp/crt0.o (__libc_init_array)
/usr/lib/gcc/arm-none-eabi/10.3.1/../../../arm-none-eabi/lib/thumb/v6-m/nofp/libc.a(lib_a-malloc.o)
                              CMakeFiles/msa.dir/home/pacmat/pico/pico-sdk/src/rp2_common/pico_malloc/pico_malloc.c.obj (malloc)
/usr/lib/gcc/arm-none-eabi/10.3.1/../../../arm-none-eabi/lib/thumb/v6-m/nofp/libc.a(lib_a-mallocr.o)
                              /usr/lib/gcc/arm-none-eabi/10.3.1/../../../arm-none-eabi/lib/thumb/v6-m/nofp/libc.a(lib_a-callocr.o) (_malloc_r)
/usr/lib/gcc/arm-none-eabi/10.3.1/../../../arm-none-eabi/lib/thumb/v6-m/nofp/libc.a(lib_a-mlock.o)
                              /usr/lib/gcc/arm-none-eabi/10.3.1/../../../arm-none-eabi/lib/thumb/v6-m/nofp/libc.a(lib_a-mallocr.o) (__malloc_lock)
/usr/lib/gcc/arm-none-eabi/10.3.1/../../../arm-none-eabi/lib/thumb/v6-m/nofp/libc.a(lib_a-realloc.o)
                              CMakeFiles/msa.dir/home/pacmat/pico/pico-sdk/src/rp2_common/pico_malloc/pico_malloc.c.obj (realloc)
/usr/lib/gcc/arm-none-eabi/10.3.1/../../../arm-none-eabi/lib/thumb/v6-m/nofp/libc.a(lib_a-reallocr.o)
                              /usr/lib/gcc/arm-none-eabi/10.3.1/../../../arm-none-eabi/lib/thumb/v6-m/nofp/libc.a(lib_a-realloc.o) (_realloc_r)
/usr/lib/gcc/arm-none-eabi/10.3.1/../../../arm-none-eabi/lib/thumb/v6-m/nofp/libc.a(lib_a-sbrkr.o)
                              /usr/lib/gcc/arm-none-eabi/10.3.1/../../../arm-none-eabi/lib/thumb/v6-m/nofp/libc.a(lib_a-mallocr.o) (_sbrk_r)
/usr/lib/gcc/arm-none-eabi/10.3.1/../../../arm-none-eabi/lib/thumb/v6-m/nofp/libc.a(lib_a-strlen-stub.o)
                              CMakeFiles/msa.dir/home/pacmat/pico/pico-sdk/src/rp2_common/pico_stdio/stdio.c.obj (strlen)
/usr/lib/gcc/arm-none-eabi/10.3.1/../../../arm-none-eabi/lib/thumb/v6-m/nofp/libc.a(lib_a-__atexit.o)
                              /usr/lib/gcc/arm-none-eabi/10.3.1/../../../arm-none-eabi/lib/thumb/v6-m/nofp/libc.a(lib_a-atexit.o) (__register_exitproc)
/usr/lib/gcc/arm-none-eabi/10.3.1/../../../arm-none-eabi/lib/thumb/v6-m/nofp/libc.a(lib_a-freer.o)
                              /usr/lib/gcc/arm-none-eabi/10.3.1/../../../arm-none-eabi/lib/thumb/v6-m/nofp/libc.a(lib_a-malloc.o) (_free_r)
/usr/lib/gcc/arm-none-eabi/10.3.1/../../../arm-none-eabi/lib/thumb/v6-m/nofp/libc.a(lib_a-memmove.o)
                              /usr/lib/gcc/arm-none-eabi/10.3.1/../../../arm-none-eabi/lib/thumb/v6-m/nofp/libc.a(lib_a-reallocr.o) (memmove)
/usr/lib/gcc/arm-none-eabi/10.3.1/../../../arm-none-eabi/lib/thumb/v6-m/nofp/libc.a(lib_a-reent.o)
                              /usr/lib/gcc/arm-none-eabi/10.3.1/../../../arm-none-eabi/lib/thumb/v6-m/nofp/libc.a(lib_a-sbrkr.o) (errno)

Discarded input sections

 .text          0x0000000000000000        0x0 /usr/lib/gcc/arm-none-eabi/10.3.1/thumb/v6-m/nofp/crti.o
 .data          0x0000000000000000        0x0 /usr/lib/gcc/arm-none-eabi/10.3.1/thumb/v6-m/nofp/crti.o
 .bss           0x0000000000000000        0x0 /usr/lib/gcc/arm-none-eabi/10.3.1/thumb/v6-m/nofp/crti.o
[...]
Memory Configuration

Name             Origin             Length             Attributes
FLASH            0x0000000010000000 0x0000000000200000 xr
RAM              0x0000000020000000 0x0000000000040000 xrw
SCRATCH_X        0x0000000020040000 0x0000000000001000 xrw
SCRATCH_Y        0x0000000020041000 0x0000000000001000 xrw
*default*        0x0000000000000000 0xffffffffffffffff

Linker script and memory map

LOAD /usr/lib/gcc/arm-none-eabi/10.3.1/thumb/v6-m/nofp/crti.o
LOAD /usr/lib/gcc/arm-none-eabi/10.3.1/thumb/v6-m/nofp/crtbegin.o
LOAD /usr/lib/gcc/arm-none-eabi/10.3.1/../../../arm-none-eabi/lib/thumb/v6-m/nofp/crt0.o

.flash_begin    0x0000000010000000        0x0
                0x0000000010000000                __flash_binary_start = .

.boot2          0x0000000010000000      0x100
                0x0000000010000000                __boot2_start__ = .
 *(.boot2)
 .boot2         0x0000000010000000      0x100 /tmp/cc1GD8Ig.o
                0x0000000010000100                __boot2_end__ = .
                0x0000000000000001                ASSERT (((__boot2_end__ - __boot2_start__) == 0x100), ERROR: Pico second stage bootloader must be 256 bytes in size)

.text           0x0000000010000100     0x5b68
                0x0000000010000100                __logical_binary_start = .
 *(.vectors)
 .vectors       0x0000000010000100       0xd4 CMakeFiles/msa.dir/home/pacmat/pico/pico-sdk/src/rp2_common/pico_standard_link/crt0.S.obj
                0x0000000010000100                __vectors
                0x0000000010000100                __VECTOR_TABLE
                0x00000000100001c0                isr_invalid
                0x00000000100001c0                __default_isrs_start
                0x00000000100001c2                isr_nmi
                0x00000000100001c4                isr_hardfault
                0x00000000100001c6                isr_svcall
                0x00000000100001c8                isr_pendsv
                0x00000000100001ca                isr_systick
                0x00000000100001cc                isr_irq30
                0x00000000100001cc                __unhandled_user_irq
                0x00000000100001cc                isr_irq13
                0x00000000100001cc                isr_irq27
                0x00000000100001cc                isr_irq31
                0x00000000100001cc                isr_irq5
                0x00000000100001cc                isr_irq11
                0x00000000100001cc                isr_irq23
                0x00000000100001cc                isr_irq18
                0x00000000100001cc                isr_irq28
                0x00000000100001cc                isr_irq19
                0x00000000100001cc                isr_irq0
                0x00000000100001cc                isr_irq6
                0x00000000100001cc                isr_irq22
                0x00000000100001cc                isr_irq17
                0x00000000100001cc                isr_irq14
                0x00000000100001cc                isr_irq2
                0x00000000100001cc                isr_irq10
                0x00000000100001cc                isr_irq8
                0x00000000100001cc                isr_irq24
                0x00000000100001cc                isr_irq1
                0x00000000100001cc                isr_irq7
                0x00000000100001cc                isr_irq21
                0x00000000100001cc                isr_irq20
                0x00000000100001cc                isr_irq15
                0x00000000100001cc                isr_irq25
                0x00000000100001cc                isr_irq4
                0x00000000100001cc                isr_irq16
                0x00000000100001cc                isr_irq29
                0x00000000100001cc                isr_irq26
                0x00000000100001cc                __default_isrs_end
                0x00000000100001cc                isr_irq3
                0x00000000100001cc                isr_irq12
                0x00000000100001cc                isr_irq9
                0x00000000100001d2                unhandled_user_irq_num_in_r0
 *(.binary_info_header)
 .binary_info_header
                0x00000000100001d4       0x14 CMakeFiles/msa.dir/home/pacmat/pico/pico-sdk/src/rp2_common/pico_standard_link/crt0.S.obj
                0x00000000100001e8                __binary_info_header_end = .
 *(.reset)
 .reset         0x00000000100001e8       0xa0 CMakeFiles/msa.dir/home/pacmat/pico/pico-sdk/src/rp2_common/pico_standard_link/crt0.S.obj
                0x00000000100001e8                _entry_point
 .reset         0x0000000010000288       0x30 CMakeFiles/msa.dir/home/pacmat/pico/pico-sdk/src/rp2_common/pico_standard_link/binary_info.c.obj
 *(.init)
 .init          0x00000000100002b8        0x4 /usr/lib/gcc/arm-none-eabi/10.3.1/thumb/v6-m/nofp/crti.o
                0x00000000100002b8                _init
 *(EXCLUDE_FILE(*libm.a: *libc.a:*lib_a-mem*.o *libgcc.a:) .text*)
 .text          0x00000000100002bc       0x98 /usr/lib/gcc/arm-none-eabi/10.3.1/thumb/v6-m/nofp/crtbegin.o
 .text.startup.main
                0x0000000010000354       0xfc CMakeFiles/msa.dir/msa.c.obj
                0x0000000010000354                main
 .text.gpio_set_function
                0x0000000010000450       0x30 CMakeFiles/msa.dir/home/pacmat/pico/pico-sdk/src/rp2_common/hardware_gpio/gpio.c.obj
                0x0000000010000450                gpio_set_function
 .text.gpio_set_pulls
                0x0000000010000480       0x30 CMakeFiles/msa.dir/home/pacmat/pico/pico-sdk/src/rp2_common/hardware_gpio/gpio.c.obj
                0x0000000010000480                gpio_set_pulls
 .text.running_on_fpga
                0x00000000100004b0       0x10 CMakeFiles/msa.dir/home/pacmat/pico/pico-sdk/src/rp2_common/pico_platform/platform.c.obj
                0x00000000100004b0                running_on_fpga
 .text.hw_claim_or_assert
                0x00000000100004c0       0x44 CMakeFiles/msa.dir/home/pacmat/pico/pico-sdk/src/rp2_common/hardware_claim/claim.c.obj
                0x00000000100004c0                hw_claim_or_assert
 .text.hw_claim_unused_from_range
                0x0000000010000504       0x9c CMakeFiles/msa.dir/home/pacmat/pico/pico-sdk/src/rp2_common/hardware_claim/claim.c.obj
                0x0000000010000504                hw_claim_unused_from_range
 .text.spin_locks_reset
                0x00000000100005a0       0x1c CMakeFiles/msa.dir/home/pacmat/pico/pico-sdk/src/rp2_common/hardware_sync/sync.c.obj
                0x00000000100005a0                spin_locks_reset
 .text.next_striped_spin_lock_num
                0x00000000100005bc       0x18 CMakeFiles/msa.dir/home/pacmat/pico/pico-sdk/src/rp2_common/hardware_sync/sync.c.obj
                0x00000000100005bc                next_striped_spin_lock_num
 .text.spin_lock_claim_unused
                0x00000000100005d4       0x20 CMakeFiles/msa.dir/home/pacmat/pico/pico-sdk/src/rp2_common/hardware_sync/sync.c.obj
                0x00000000100005d4                spin_lock_claim_unused
 .text.irq_set_enabled
                0x00000000100005f4       0x24 CMakeFiles/msa.dir/home/pacmat/pico/pico-sdk/src/rp2_common/hardware_irq/irq.c.obj
                0x00000000100005f4                irq_set_enabled
 .text.irq_set_pending
                0x0000000010000618       0x10 CMakeFiles/msa.dir/home/pacmat/pico/pico-sdk/src/rp2_common/hardware_irq/irq.c.obj
                0x0000000010000618                irq_set_pending
 .text.irq_has_shared_handler
                0x0000000010000628       0x2c CMakeFiles/msa.dir/home/pacmat/pico/pico-sdk/src/rp2_common/hardware_irq/irq.c.obj
                0x0000000010000628                irq_has_shared_handler
 .text.irq_get_vtable_handler
                0x0000000010000654       0x10 CMakeFiles/msa.dir/home/pacmat/pico/pico-sdk/src/rp2_common/hardware_irq/irq.c.obj
                0x0000000010000654                irq_get_vtable_handler
 .text.irq_set_exclusive_handler
                0x0000000010000664       0x54 CMakeFiles/msa.dir/home/pacmat/pico/pico-sdk/src/rp2_common/hardware_irq/irq.c.obj
                0x0000000010000664                irq_set_exclusive_handler
 .text.irq_add_shared_handler
                0x00000000100006b8      0x1e8 CMakeFiles/msa.dir/home/pacmat/pico/pico-sdk/src/rp2_common/hardware_irq/irq.c.obj
                0x00000000100006b8                irq_add_shared_handler
 .text.irq_remove_handler
                0x00000000100008a0      0x1b0 CMakeFiles/msa.dir/home/pacmat/pico/pico-sdk/src/rp2_common/hardware_irq/irq.c.obj
                0x00000000100008a0                irq_remove_handler
 .text.irq_add_tail_to_free_list
                0x0000000010000a50       0xb4 CMakeFiles/msa.dir/home/pacmat/pico/pico-sdk/src/rp2_common/hardware_irq/irq.c.obj
                0x0000000010000a50                irq_add_tail_to_free_list
 .text.irq_init_priorities
                0x0000000010000b04       0x24 CMakeFiles/msa.dir/home/pacmat/pico/pico-sdk/src/rp2_common/hardware_irq/irq.c.obj
                0x0000000010000b04                irq_init_priorities
 .text.user_irq_claim_unused
                0x0000000010000b28       0x28 CMakeFiles/msa.dir/home/pacmat/pico/pico-sdk/src/rp2_common/hardware_irq/irq.c.obj
                0x0000000010000b28                user_irq_claim_unused
 .text.lock_init
                0x0000000010000b50       0x10 CMakeFiles/msa.dir/home/pacmat/pico/pico-sdk/src/common/pico_sync/lock_core.c.obj
                0x0000000010000b50                lock_init
 .text.mutex_init
                0x0000000010000b60       0x1c CMakeFiles/msa.dir/home/pacmat/pico/pico-sdk/src/common/pico_sync/mutex.c.obj
                0x0000000010000b60                mutex_init
 .text.recursive_mutex_init
                0x0000000010000b7c       0x1c CMakeFiles/msa.dir/home/pacmat/pico/pico-sdk/src/common/pico_sync/mutex.c.obj
                0x0000000010000b7c                recursive_mutex_init
 .text.critical_section_init
                0x0000000010000b98       0x20 CMakeFiles/msa.dir/home/pacmat/pico/pico-sdk/src/common/pico_sync/critical_section.c.obj
                0x0000000010000b98                critical_section_init
 .text.critical_section_init_with_lock_num
                0x0000000010000bb8       0x14 CMakeFiles/msa.dir/home/pacmat/pico/pico-sdk/src/common/pico_sync/critical_section.c.obj
                0x0000000010000bb8                critical_section_init_with_lock_num
 .text.timer_pool_entry_comparator
                0x0000000010000bcc       0x34 CMakeFiles/msa.dir/home/pacmat/pico/pico-sdk/src/common/pico_time/time.c.obj
                0x0000000010000bcc                timer_pool_entry_comparator
 .text.sleep_until_callback
                0x0000000010000c00       0x30 CMakeFiles/msa.dir/home/pacmat/pico/pico-sdk/src/common/pico_time/time.c.obj
 .text.add_alarm_under_lock.isra.0
                0x0000000010000c30      0x100 CMakeFiles/msa.dir/home/pacmat/pico/pico-sdk/src/common/pico_time/time.c.obj
 .text.alarm_pool_alarm_callback
                0x0000000010000d30      0x1bc CMakeFiles/msa.dir/home/pacmat/pico/pico-sdk/src/common/pico_time/time.c.obj
 .text.alarm_pool_init_default
                0x0000000010000eec       0x6c CMakeFiles/msa.dir/home/pacmat/pico/pico-sdk/src/common/pico_time/time.c.obj
                0x0000000010000eec                alarm_pool_init_default
 .text.alarm_pool_get_default
                0x0000000010000f58        0x8 CMakeFiles/msa.dir/home/pacmat/pico/pico-sdk/src/common/pico_time/time.c.obj
                0x0000000010000f58                alarm_pool_get_default
 .text.alarm_pool_add_alarm_at
                0x0000000010000f60      0x178 CMakeFiles/msa.dir/home/pacmat/pico/pico-sdk/src/common/pico_time/time.c.obj
                0x0000000010000f60                alarm_pool_add_alarm_at
 .text.alarm_pool_core_num
                0x00000000100010d8        0x4 CMakeFiles/msa.dir/home/pacmat/pico/pico-sdk/src/common/pico_time/time.c.obj
                0x00000000100010d8                alarm_pool_core_num
 .text.sleep_until
                0x00000000100010dc       0xc4 CMakeFiles/msa.dir/home/pacmat/pico/pico-sdk/src/common/pico_time/time.c.obj
                0x00000000100010dc                sleep_until
 .text.sleep_ms
                0x00000000100011a0       0x34 CMakeFiles/msa.dir/home/pacmat/pico/pico-sdk/src/common/pico_time/time.c.obj
                0x00000000100011a0                sleep_ms
 .text.best_effort_wfe_or_timeout
                0x00000000100011d4       0xd4 CMakeFiles/msa.dir/home/pacmat/pico/pico-sdk/src/common/pico_time/time.c.obj
                0x00000000100011d4                best_effort_wfe_or_timeout
 .text.hardware_alarm_irq_handler
                0x00000000100012a8       0xbc CMakeFiles/msa.dir/home/pacmat/pico/pico-sdk/src/rp2_common/hardware_timer/timer.c.obj
 .text.hardware_alarm_claim
                0x0000000010001364       0x18 CMakeFiles/msa.dir/home/pacmat/pico/pico-sdk/src/rp2_common/hardware_timer/timer.c.obj
                0x0000000010001364                hardware_alarm_claim
 .text.time_us_64
                0x000000001000137c       0x14 CMakeFiles/msa.dir/home/pacmat/pico/pico-sdk/src/rp2_common/hardware_timer/timer.c.obj
                0x000000001000137c                time_us_64
 .text.busy_wait_us
                0x0000000010001390       0x54 CMakeFiles/msa.dir/home/pacmat/pico/pico-sdk/src/rp2_common/hardware_timer/timer.c.obj
                0x0000000010001390                busy_wait_us
 .text.busy_wait_until
                0x00000000100013e4       0x20 CMakeFiles/msa.dir/home/pacmat/pico/pico-sdk/src/rp2_common/hardware_timer/timer.c.obj
                0x00000000100013e4                busy_wait_until
 .text.hardware_alarm_set_callback
                0x0000000010001404       0x8c CMakeFiles/msa.dir/home/pacmat/pico/pico-sdk/src/rp2_common/hardware_timer/timer.c.obj
                0x0000000010001404                hardware_alarm_set_callback
 .text.hardware_alarm_set_target
                0x0000000010001490       0xd4 CMakeFiles/msa.dir/home/pacmat/pico/pico-sdk/src/rp2_common/hardware_timer/timer.c.obj
                0x0000000010001490                hardware_alarm_set_target
 .text.hardware_alarm_cancel
                0x0000000010001564       0x3c CMakeFiles/msa.dir/home/pacmat/pico/pico-sdk/src/rp2_common/hardware_timer/timer.c.obj
                0x0000000010001564                hardware_alarm_cancel
 .text.ph_merge_nodes
                0x00000000100015a0       0x68 CMakeFiles/msa.dir/home/pacmat/pico/pico-sdk/src/common/pico_util/pheap.c.obj
 .text.ph_post_alloc_init
                0x0000000010001608       0x3c CMakeFiles/msa.dir/home/pacmat/pico/pico-sdk/src/common/pico_util/pheap.c.obj
                0x0000000010001608                ph_post_alloc_init
 .text.ph_merge_two_pass
                0x0000000010001644       0x90 CMakeFiles/msa.dir/home/pacmat/pico/pico-sdk/src/common/pico_util/pheap.c.obj
                0x0000000010001644                ph_merge_two_pass
 .text.ph_remove_any_head
                0x00000000100016d4      0x100 CMakeFiles/msa.dir/home/pacmat/pico/pico-sdk/src/common/pico_util/pheap.c.obj
 .text.ph_remove_head
                0x00000000100017d4      0x104 CMakeFiles/msa.dir/home/pacmat/pico/pico-sdk/src/common/pico_util/pheap.c.obj
                0x00000000100017d4                ph_remove_head
 .text.ph_remove_and_free_node
                0x00000000100018d8       0x7c CMakeFiles/msa.dir/home/pacmat/pico/pico-sdk/src/common/pico_util/pheap.c.obj
                0x00000000100018d8                ph_remove_and_free_node
 .text.uart_init
                0x0000000010001954      0x188 CMakeFiles/msa.dir/home/pacmat/pico/pico-sdk/src/rp2_common/hardware_uart/uart.c.obj
                0x0000000010001954                uart_init
 .text.clocks_init
                0x0000000010001adc      0x2d0 CMakeFiles/msa.dir/home/pacmat/pico/pico-sdk/src/rp2_common/hardware_clocks/clocks.c.obj
                0x0000000010001adc                clocks_init
 .text.clock_get_hz
                0x0000000010001dac        0xc CMakeFiles/msa.dir/home/pacmat/pico/pico-sdk/src/rp2_common/hardware_clocks/clocks.c.obj
                0x0000000010001dac                clock_get_hz
 .text.pll_init
                0x0000000010001db8       0xa0 CMakeFiles/msa.dir/home/pacmat/pico/pico-sdk/src/rp2_common/hardware_pll/pll.c.obj
                0x0000000010001db8                pll_init
 .text.watchdog_start_tick
                0x0000000010001e58       0x10 CMakeFiles/msa.dir/home/pacmat/pico/pico-sdk/src/rp2_common/hardware_watchdog/watchdog.c.obj
                0x0000000010001e58                watchdog_start_tick
 .text.watchdog_reboot
                0x0000000010001e68       0x98 CMakeFiles/msa.dir/home/pacmat/pico/pico-sdk/src/rp2_common/hardware_watchdog/watchdog.c.obj
                0x0000000010001e68                watchdog_reboot
 .text.xosc_init
                0x0000000010001f00       0x28 CMakeFiles/msa.dir/home/pacmat/pico/pico-sdk/src/rp2_common/hardware_xosc/xosc.c.obj
                0x0000000010001f00                xosc_init
 .text.runtime_init
                0x0000000010001f28       0xf0 CMakeFiles/msa.dir/home/pacmat/pico/pico-sdk/src/rp2_common/pico_runtime/runtime.c.obj
                0x0000000010001f28                runtime_init
 .text._exit    0x0000000010002018        0x4 CMakeFiles/msa.dir/home/pacmat/pico/pico-sdk/src/rp2_common/pico_runtime/runtime.c.obj
                0x0000000010002018                _exit
 .text._sbrk    0x000000001000201c       0x34 CMakeFiles/msa.dir/home/pacmat/pico/pico-sdk/src/rp2_common/pico_runtime/runtime.c.obj
                0x000000001000201c                _sbrk
 .text.exit     0x0000000010002050        0x8 CMakeFiles/msa.dir/home/pacmat/pico/pico-sdk/src/rp2_common/pico_runtime/runtime.c.obj
                0x0000000010002050                exit
 .text.panic    0x0000000010002058       0x30 CMakeFiles/msa.dir/home/pacmat/pico/pico-sdk/src/rp2_common/pico_runtime/runtime.c.obj
                0x0000000010002058                panic
 .text.hard_assertion_failure
                0x0000000010002088        0xc CMakeFiles/msa.dir/home/pacmat/pico/pico-sdk/src/rp2_common/pico_runtime/runtime.c.obj
                0x0000000010002088                hard_assertion_failure
 .text._out_char
                0x0000000010002094       0x10 CMakeFiles/msa.dir/home/pacmat/pico/pico-sdk/src/rp2_common/pico_printf/printf.c.obj
 .text.weak_raw_vprintf
                0x00000000100020a4       0x30 CMakeFiles/msa.dir/home/pacmat/pico/pico-sdk/src/rp2_common/pico_printf/printf.c.obj
                0x00000000100020a4                weak_raw_vprintf
 .text          0x00000000100020d4       0x10 CMakeFiles/msa.dir/home/pacmat/pico/pico-sdk/src/rp2_common/pico_bit_ops/bit_ops_aeabi.S.obj
 .text.rom_func_lookup
                0x00000000100020e4       0x10 CMakeFiles/msa.dir/home/pacmat/pico/pico-sdk/src/rp2_common/pico_bootrom/bootrom.c.obj
                0x00000000100020e4                rom_func_lookup
 .text.rom_data_lookup
                0x00000000100020f4       0x10 CMakeFiles/msa.dir/home/pacmat/pico/pico-sdk/src/rp2_common/pico_bootrom/bootrom.c.obj
                0x00000000100020f4                rom_data_lookup
 .text.rom_funcs_lookup
                0x0000000010002104       0x44 CMakeFiles/msa.dir/home/pacmat/pico/pico-sdk/src/rp2_common/pico_bootrom/bootrom.c.obj
                0x0000000010002104                rom_funcs_lookup
 .text.__wrap___aeabi_uidiv
                0x0000000010002148       0x4c CMakeFiles/msa.dir/home/pacmat/pico/pico-sdk/src/rp2_common/pico_divider/divider.S.obj
                0x0000000010002148                __wrap___aeabi_uidiv
                0x0000000010002148                __wrap___aeabi_uidivmod
                0x0000000010002148                div_u32u32
                0x0000000010002148                divmod_u32u32
                0x0000000010002150                divmod_u32u32_unsafe
                0x0000000010002178                divmod_u32u32_savestate
 .text.__aeabi_double_init
                0x0000000010002194       0x94 CMakeFiles/msa.dir/home/pacmat/pico/pico-sdk/src/rp2_common/pico_double/double_init_rom.c.obj
                0x0000000010002194                __aeabi_double_init
 .text.double_table_shim_on_use_helper
                0x0000000010002228       0x2c CMakeFiles/msa.dir/home/pacmat/pico/pico-sdk/src/rp2_common/pico_double/double_v1_rom_shim.S.obj
                0x0000000010002228                double_table_shim_on_use_helper
 .text.__aeabi_lmul
                0x0000000010002254       0x32 CMakeFiles/msa.dir/home/pacmat/pico/pico-sdk/src/rp2_common/pico_int64_ops/pico_int64_ops_aeabi.S.obj
                0x0000000010002254                __wrap___aeabi_lmul
 *fill*         0x0000000010002286        0x2 
 .text.__aeabi_float_init
                0x0000000010002288       0x64 CMakeFiles/msa.dir/home/pacmat/pico/pico-sdk/src/rp2_common/pico_float/float_init_rom.c.obj
                0x0000000010002288                __aeabi_float_init
 .text.float_table_shim_on_use_helper
                0x00000000100022ec       0x2c CMakeFiles/msa.dir/home/pacmat/pico/pico-sdk/src/rp2_common/pico_float/float_v1_rom_shim.S.obj
                0x00000000100022ec                float_table_shim_on_use_helper
 .text.__wrap_malloc
                0x0000000010002318       0x24 CMakeFiles/msa.dir/home/pacmat/pico/pico-sdk/src/rp2_common/pico_malloc/pico_malloc.c.obj
                0x0000000010002318                __wrap_malloc
 .text.__wrap_free
                0x000000001000233c        0x8 CMakeFiles/msa.dir/home/pacmat/pico/pico-sdk/src/rp2_common/pico_malloc/pico_malloc.c.obj
                0x000000001000233c                __wrap_free
 .text          0x0000000010002344       0x10 CMakeFiles/msa.dir/home/pacmat/pico/pico-sdk/src/rp2_common/pico_mem_ops/mem_ops_aeabi.S.obj
                0x0000000010002344                __aeabi_mem_init
 .text.memset   0x0000000010002354        0xc CMakeFiles/msa.dir/home/pacmat/pico/pico-sdk/src/rp2_common/pico_mem_ops/mem_ops_aeabi.S.obj
                0x0000000010002354                __wrap_memset
 .text.memcpy   0x0000000010002360        0xc CMakeFiles/msa.dir/home/pacmat/pico/pico-sdk/src/rp2_common/pico_mem_ops/mem_ops_aeabi.S.obj
                0x0000000010002360                __wrap___aeabi_memcpy
                0x0000000010002360                __wrap_memcpy
 .text.stdio_out_chars_no_crlf
                0x000000001000236c       0x10 CMakeFiles/msa.dir/home/pacmat/pico/pico-sdk/src/rp2_common/pico_stdio/stdio.c.obj
 .text.stdio_out_chars_crlf
                0x000000001000237c       0xb4 CMakeFiles/msa.dir/home/pacmat/pico/pico-sdk/src/rp2_common/pico_stdio/stdio.c.obj
 .text.stdio_put_string.isra.0
                0x0000000010002430       0xfc CMakeFiles/msa.dir/home/pacmat/pico/pico-sdk/src/rp2_common/pico_stdio/stdio.c.obj
 .text.__wrap_putchar
                0x000000001000252c       0x98 CMakeFiles/msa.dir/home/pacmat/pico/pico-sdk/src/rp2_common/pico_stdio/stdio.c.obj
                0x000000001000252c                __wrap_putchar
 .text.__wrap_puts
                0x00000000100025c4       0x3c CMakeFiles/msa.dir/home/pacmat/pico/pico-sdk/src/rp2_common/pico_stdio/stdio.c.obj
                0x00000000100025c4                __wrap_puts
 .text.stdio_set_driver_enabled
                0x0000000010002600       0x30 CMakeFiles/msa.dir/home/pacmat/pico/pico-sdk/src/rp2_common/pico_stdio/stdio.c.obj
                0x0000000010002600                stdio_set_driver_enabled
 .text.stdio_init_all
                0x0000000010002630       0x10 CMakeFiles/msa.dir/home/pacmat/pico/pico-sdk/src/rp2_common/pico_stdio/stdio.c.obj
                0x0000000010002630                stdio_init_all
 .text.stdio_uart_out_chars
                0x0000000010002640       0x4c CMakeFiles/msa.dir/home/pacmat/pico/pico-sdk/src/rp2_common/pico_stdio_uart/stdio_uart.c.obj
 .text.stdio_uart_in_chars
                0x000000001000268c       0x84 CMakeFiles/msa.dir/home/pacmat/pico/pico-sdk/src/rp2_common/pico_stdio_uart/stdio_uart.c.obj
                0x000000001000268c                stdio_uart_in_chars
 .text.on_uart_rx
                0x0000000010002710       0x28 CMakeFiles/msa.dir/home/pacmat/pico/pico-sdk/src/rp2_common/pico_stdio_uart/stdio_uart.c.obj
 .text.stdio_uart_set_chars_available_callback
                0x0000000010002738       0x8c CMakeFiles/msa.dir/home/pacmat/pico/pico-sdk/src/rp2_common/pico_stdio_uart/stdio_uart.c.obj
 .text.stdio_uart_init
                0x00000000100027c4       0x48 CMakeFiles/msa.dir/home/pacmat/pico/pico-sdk/src/rp2_common/pico_stdio_uart/stdio_uart.c.obj
                0x00000000100027c4                stdio_uart_init
 .text.resetd_init
                0x000000001000280c        0x4 CMakeFiles/msa.dir/home/pacmat/pico/pico-sdk/src/rp2_common/pico_stdio_usb/reset_interface.c.obj
 .text.resetd_reset
                0x0000000010002810        0xc CMakeFiles/msa.dir/home/pacmat/pico/pico-sdk/src/rp2_common/pico_stdio_usb/reset_interface.c.obj
 .text.resetd_open
                0x000000001000281c       0x28 CMakeFiles/msa.dir/home/pacmat/pico/pico-sdk/src/rp2_common/pico_stdio_usb/reset_interface.c.obj
 .text.resetd_xfer_cb
                0x0000000010002844        0x4 CMakeFiles/msa.dir/home/pacmat/pico/pico-sdk/src/rp2_common/pico_stdio_usb/reset_interface.c.obj
 .text.resetd_control_xfer_cb
                0x0000000010002848       0x64 CMakeFiles/msa.dir/home/pacmat/pico/pico-sdk/src/rp2_common/pico_stdio_usb/reset_interface.c.obj
 .text.usbd_app_driver_get_cb
                0x00000000100028ac        0xc CMakeFiles/msa.dir/home/pacmat/pico/pico-sdk/src/rp2_common/pico_stdio_usb/reset_interface.c.obj
                0x00000000100028ac                usbd_app_driver_get_cb
 .text.tud_cdc_line_coding_cb
                0x00000000100028b8       0x34 CMakeFiles/msa.dir/home/pacmat/pico/pico-sdk/src/rp2_common/pico_stdio_usb/reset_interface.c.obj
                0x00000000100028b8                tud_cdc_line_coding_cb
 .text.stdio_usb_set_chars_available_callback
                0x00000000100028ec       0x14 CMakeFiles/msa.dir/home/pacmat/pico/pico-sdk/src/rp2_common/pico_stdio_usb/stdio_usb.c.obj
                0x00000000100028ec                stdio_usb_set_chars_available_callback
 .text.usb_irq  0x0000000010002900       0x10 CMakeFiles/msa.dir/home/pacmat/pico/pico-sdk/src/rp2_common/pico_stdio_usb/stdio_usb.c.obj
 .text.timer_task
                0x0000000010002910       0x54 CMakeFiles/msa.dir/home/pacmat/pico/pico-sdk/src/rp2_common/pico_stdio_usb/stdio_usb.c.obj
 .text.stdio_usb_in_chars
                0x0000000010002964       0x90 CMakeFiles/msa.dir/home/pacmat/pico/pico-sdk/src/rp2_common/pico_stdio_usb/stdio_usb.c.obj
                0x0000000010002964                stdio_usb_in_chars
 .text.stdio_usb_out_chars
                0x00000000100029f4      0x100 CMakeFiles/msa.dir/home/pacmat/pico/pico-sdk/src/rp2_common/pico_stdio_usb/stdio_usb.c.obj
 .text.low_priority_worker_irq
                0x0000000010002af4       0xa8 CMakeFiles/msa.dir/home/pacmat/pico/pico-sdk/src/rp2_common/pico_stdio_usb/stdio_usb.c.obj
 .text.tud_cdc_rx_cb
                0x0000000010002b9c       0x20 CMakeFiles/msa.dir/home/pacmat/pico/pico-sdk/src/rp2_common/pico_stdio_usb/stdio_usb.c.obj
                0x0000000010002b9c                tud_cdc_rx_cb
 .text.stdio_usb_init
                0x0000000010002bbc       0xdc CMakeFiles/msa.dir/home/pacmat/pico/pico-sdk/src/rp2_common/pico_stdio_usb/stdio_usb.c.obj
                0x0000000010002bbc                stdio_usb_init
 .text.tud_descriptor_device_cb
                0x0000000010002c98        0x8 CMakeFiles/msa.dir/home/pacmat/pico/pico-sdk/src/rp2_common/pico_stdio_usb/stdio_usb_descriptors.c.obj
                0x0000000010002c98                tud_descriptor_device_cb
 .text.tud_descriptor_configuration_cb
                0x0000000010002ca0        0x8 CMakeFiles/msa.dir/home/pacmat/pico/pico-sdk/src/rp2_common/pico_stdio_usb/stdio_usb_descriptors.c.obj
                0x0000000010002ca0                tud_descriptor_configuration_cb
 .text.tud_descriptor_string_cb
                0x0000000010002ca8       0x74 CMakeFiles/msa.dir/home/pacmat/pico/pico-sdk/src/rp2_common/pico_stdio_usb/stdio_usb_descriptors.c.obj
                0x0000000010002ca8                tud_descriptor_string_cb
 .text.startup._retrieve_unique_id_on_boot
                0x0000000010002d1c       0x10 CMakeFiles/msa.dir/home/pacmat/pico/pico-sdk/src/rp2_common/pico_unique_id/unique_id.c.obj
 .text.pico_get_unique_board_id_string
                0x0000000010002d2c      0x1a8 CMakeFiles/msa.dir/home/pacmat/pico/pico-sdk/src/rp2_common/pico_unique_id/unique_id.c.obj
                0x0000000010002d2c                pico_get_unique_board_id_string
 .text.flash_get_unique_id
                0x0000000010002ed4       0x40 CMakeFiles/msa.dir/home/pacmat/pico/pico-sdk/src/rp2_common/hardware_flash/flash.c.obj
                0x0000000010002ed4                flash_get_unique_id
 .text.dcd_int_enable
                0x0000000010002f14        0xc CMakeFiles/msa.dir/home/pacmat/pico/pico-sdk/lib/tinyusb/src/portable/raspberrypi/rp2040/dcd_rp2040.c.obj
                0x0000000010002f14                dcd_int_enable
 .text.dcd_set_address
                0x0000000010002f20       0x14 CMakeFiles/msa.dir/home/pacmat/pico/pico-sdk/lib/tinyusb/src/portable/raspberrypi/rp2040/dcd_rp2040.c.obj
                0x0000000010002f20                dcd_set_address
 .text.dcd_connect
                0x0000000010002f34       0x10 CMakeFiles/msa.dir/home/pacmat/pico/pico-sdk/lib/tinyusb/src/portable/raspberrypi/rp2040/dcd_rp2040.c.obj
                0x0000000010002f34                dcd_connect
 .text.dcd_init
                0x0000000010002f44       0x98 CMakeFiles/msa.dir/home/pacmat/pico/pico-sdk/lib/tinyusb/src/portable/raspberrypi/rp2040/dcd_rp2040.c.obj
                0x0000000010002f44                dcd_init
 .text.dcd_edpt0_status_complete
                0x0000000010002fdc       0x1c CMakeFiles/msa.dir/home/pacmat/pico/pico-sdk/lib/tinyusb/src/portable/raspberrypi/rp2040/dcd_rp2040.c.obj
                0x0000000010002fdc                dcd_edpt0_status_complete
 .text.dcd_edpt_open
                0x0000000010002ff8      0x108 CMakeFiles/msa.dir/home/pacmat/pico/pico-sdk/lib/tinyusb/src/portable/raspberrypi/rp2040/dcd_rp2040.c.obj
                0x0000000010002ff8                dcd_edpt_open
 .text.dcd_edpt_close_all
                0x0000000010003100        0x8 CMakeFiles/msa.dir/home/pacmat/pico/pico-sdk/lib/tinyusb/src/portable/raspberrypi/rp2040/dcd_rp2040.c.obj
                0x0000000010003100                dcd_edpt_close_all
 .text.dcd_edpt_xfer
                0x0000000010003108       0x24 CMakeFiles/msa.dir/home/pacmat/pico/pico-sdk/lib/tinyusb/src/portable/raspberrypi/rp2040/dcd_rp2040.c.obj
                0x0000000010003108                dcd_edpt_xfer
 .text.dcd_edpt_stall
                0x000000001000312c       0x38 CMakeFiles/msa.dir/home/pacmat/pico/pico-sdk/lib/tinyusb/src/portable/raspberrypi/rp2040/dcd_rp2040.c.obj
                0x000000001000312c                dcd_edpt_stall
 .text.dcd_edpt_clear_stall
                0x0000000010003164       0x30 CMakeFiles/msa.dir/home/pacmat/pico/pico-sdk/lib/tinyusb/src/portable/raspberrypi/rp2040/dcd_rp2040.c.obj
                0x0000000010003164                dcd_edpt_clear_stall
 .text.rp2040_usb_init
                0x0000000010003194       0x4c CMakeFiles/msa.dir/home/pacmat/pico/pico-sdk/lib/tinyusb/src/portable/raspberrypi/rp2040/rp2040_usb.c.obj
                0x0000000010003194                rp2040_usb_init
 .text.hw_endpoint_xfer_start
                0x00000000100031e0       0x50 CMakeFiles/msa.dir/home/pacmat/pico/pico-sdk/lib/tinyusb/src/portable/raspberrypi/rp2040/rp2040_usb.c.obj
                0x00000000100031e0                hw_endpoint_xfer_start
 .text.tud_mounted
                0x0000000010003230       0x10 CMakeFiles/msa.dir/home/pacmat/pico/pico-sdk/lib/tinyusb/src/device/usbd.c.obj
                0x0000000010003230                tud_mounted
 .text.tud_suspended
                0x0000000010003240       0x10 CMakeFiles/msa.dir/home/pacmat/pico/pico-sdk/lib/tinyusb/src/device/usbd.c.obj
                0x0000000010003240                tud_suspended
 .text.tud_inited
                0x0000000010003250       0x14 CMakeFiles/msa.dir/home/pacmat/pico/pico-sdk/lib/tinyusb/src/device/usbd.c.obj
                0x0000000010003250                tud_inited
 .text.tud_init
                0x0000000010003264       0xe4 CMakeFiles/msa.dir/home/pacmat/pico/pico-sdk/lib/tinyusb/src/device/usbd.c.obj
                0x0000000010003264                tud_init
 .text.tud_task_ext
                0x0000000010003348      0x854 CMakeFiles/msa.dir/home/pacmat/pico/pico-sdk/lib/tinyusb/src/device/usbd.c.obj
                0x0000000010003348                tud_task_ext
 .text.usbd_open_edpt_pair
                0x0000000010003b9c       0x9c CMakeFiles/msa.dir/home/pacmat/pico/pico-sdk/lib/tinyusb/src/device/usbd.c.obj
                0x0000000010003b9c                usbd_open_edpt_pair
 .text.usbd_defer_func
                0x0000000010003c38       0x48 CMakeFiles/msa.dir/home/pacmat/pico/pico-sdk/lib/tinyusb/src/device/usbd.c.obj
                0x0000000010003c38                usbd_defer_func
 .text.usbd_edpt_open
                0x0000000010003c80       0x34 CMakeFiles/msa.dir/home/pacmat/pico/pico-sdk/lib/tinyusb/src/device/usbd.c.obj
                0x0000000010003c80                usbd_edpt_open
 .text.usbd_edpt_claim
                0x0000000010003cb4       0x28 CMakeFiles/msa.dir/home/pacmat/pico/pico-sdk/lib/tinyusb/src/device/usbd.c.obj
                0x0000000010003cb4                usbd_edpt_claim
 .text.usbd_edpt_release
                0x0000000010003cdc       0x28 CMakeFiles/msa.dir/home/pacmat/pico/pico-sdk/lib/tinyusb/src/device/usbd.c.obj
                0x0000000010003cdc                usbd_edpt_release
 .text.usbd_edpt_xfer
                0x0000000010003d04       0x4c CMakeFiles/msa.dir/home/pacmat/pico/pico-sdk/lib/tinyusb/src/device/usbd.c.obj
                0x0000000010003d04                usbd_edpt_xfer
 .text.tud_control_status
                0x0000000010003d50       0x30 CMakeFiles/msa.dir/home/pacmat/pico/pico-sdk/lib/tinyusb/src/device/usbd_control.c.obj
                0x0000000010003d50                tud_control_status
 .text.tud_control_xfer
                0x0000000010003d80       0xbc CMakeFiles/msa.dir/home/pacmat/pico/pico-sdk/lib/tinyusb/src/device/usbd_control.c.obj
                0x0000000010003d80                tud_control_xfer
 .text.usbd_control_reset
                0x0000000010003e3c       0x14 CMakeFiles/msa.dir/home/pacmat/pico/pico-sdk/lib/tinyusb/src/device/usbd_control.c.obj
                0x0000000010003e3c                usbd_control_reset
 .text.usbd_control_set_complete_callback
                0x0000000010003e50        0xc CMakeFiles/msa.dir/home/pacmat/pico/pico-sdk/lib/tinyusb/src/device/usbd_control.c.obj
                0x0000000010003e50                usbd_control_set_complete_callback
 .text.usbd_control_set_request
                0x0000000010003e5c       0x1c CMakeFiles/msa.dir/home/pacmat/pico/pico-sdk/lib/tinyusb/src/device/usbd_control.c.obj
                0x0000000010003e5c                usbd_control_set_request
 .text.usbd_control_xfer_cb
                0x0000000010003e78       0xfc CMakeFiles/msa.dir/home/pacmat/pico/pico-sdk/lib/tinyusb/src/device/usbd_control.c.obj
                0x0000000010003e78                usbd_control_xfer_cb
 .text.tud_cdc_n_connected
                0x0000000010003f74       0x30 CMakeFiles/msa.dir/home/pacmat/pico/pico-sdk/lib/tinyusb/src/class/cdc/cdc_device.c.obj
                0x0000000010003f74                tud_cdc_n_connected
 .text.tud_cdc_n_available
                0x0000000010003fa4       0x18 CMakeFiles/msa.dir/home/pacmat/pico/pico-sdk/lib/tinyusb/src/class/cdc/cdc_device.c.obj
                0x0000000010003fa4                tud_cdc_n_available
 .text.tud_cdc_n_read
                0x0000000010003fbc       0x70 CMakeFiles/msa.dir/home/pacmat/pico/pico-sdk/lib/tinyusb/src/class/cdc/cdc_device.c.obj
                0x0000000010003fbc                tud_cdc_n_read
 .text.tud_cdc_n_write_flush
                0x000000001000402c       0x78 CMakeFiles/msa.dir/home/pacmat/pico/pico-sdk/lib/tinyusb/src/class/cdc/cdc_device.c.obj
                0x000000001000402c                tud_cdc_n_write_flush
 .text.tud_cdc_n_write
                0x00000000100040a4       0x34 CMakeFiles/msa.dir/home/pacmat/pico/pico-sdk/lib/tinyusb/src/class/cdc/cdc_device.c.obj
                0x00000000100040a4                tud_cdc_n_write
 .text.tud_cdc_n_write_available
                0x00000000100040d8       0x18 CMakeFiles/msa.dir/home/pacmat/pico/pico-sdk/lib/tinyusb/src/class/cdc/cdc_device.c.obj
                0x00000000100040d8                tud_cdc_n_write_available
 .text.cdcd_init
                0x00000000100040f0       0x7c CMakeFiles/msa.dir/home/pacmat/pico/pico-sdk/lib/tinyusb/src/class/cdc/cdc_device.c.obj
                0x00000000100040f0                cdcd_init
 .text.cdcd_reset
                0x000000001000416c       0x2c CMakeFiles/msa.dir/home/pacmat/pico/pico-sdk/lib/tinyusb/src/class/cdc/cdc_device.c.obj
                0x000000001000416c                cdcd_reset
 .text.cdcd_open
                0x0000000010004198       0xe8 CMakeFiles/msa.dir/home/pacmat/pico/pico-sdk/lib/tinyusb/src/class/cdc/cdc_device.c.obj
                0x0000000010004198                cdcd_open
 .text.cdcd_control_xfer_cb
                0x0000000010004280       0xe4 CMakeFiles/msa.dir/home/pacmat/pico/pico-sdk/lib/tinyusb/src/class/cdc/cdc_device.c.obj
                0x0000000010004280                cdcd_control_xfer_cb
 .text.cdcd_xfer_cb
                0x0000000010004364      0x148 CMakeFiles/msa.dir/home/pacmat/pico/pico-sdk/lib/tinyusb/src/class/cdc/cdc_device.c.obj
                0x0000000010004364                cdcd_xfer_cb
 .text.tusb_init
                0x00000000100044ac        0xc CMakeFiles/msa.dir/home/pacmat/pico/pico-sdk/lib/tinyusb/src/tusb.c.obj
                0x00000000100044ac                tusb_init
 .text.tusb_inited
                0x00000000100044b8        0x8 CMakeFiles/msa.dir/home/pacmat/pico/pico-sdk/lib/tinyusb/src/tusb.c.obj
                0x00000000100044b8                tusb_inited
 .text.tu_edpt_claim
                0x00000000100044c0       0x50 CMakeFiles/msa.dir/home/pacmat/pico/pico-sdk/lib/tinyusb/src/tusb.c.obj
                0x00000000100044c0                tu_edpt_claim
 .text.tu_edpt_release
                0x0000000010004510       0x38 CMakeFiles/msa.dir/home/pacmat/pico/pico-sdk/lib/tinyusb/src/tusb.c.obj
                0x0000000010004510                tu_edpt_release
 .text.tu_edpt_validate
                0x0000000010004548       0x78 CMakeFiles/msa.dir/home/pacmat/pico/pico-sdk/lib/tinyusb/src/tusb.c.obj
                0x0000000010004548                tu_edpt_validate
 .text.tu_edpt_bind_driver
                0x00000000100045c0       0x34 CMakeFiles/msa.dir/home/pacmat/pico/pico-sdk/lib/tinyusb/src/tusb.c.obj
                0x00000000100045c0                tu_edpt_bind_driver
 .text.tu_fifo_config
                0x00000000100045f4       0x70 CMakeFiles/msa.dir/home/pacmat/pico/pico-sdk/lib/tinyusb/src/common/tusb_fifo.c.obj
                0x00000000100045f4                tu_fifo_config
 .text.tu_fifo_count
                0x0000000010004664       0x2c CMakeFiles/msa.dir/home/pacmat/pico/pico-sdk/lib/tinyusb/src/common/tusb_fifo.c.obj
                0x0000000010004664                tu_fifo_count
 .text.tu_fifo_empty
                0x0000000010004690       0x10 CMakeFiles/msa.dir/home/pacmat/pico/pico-sdk/lib/tinyusb/src/common/tusb_fifo.c.obj
                0x0000000010004690                tu_fifo_empty
 .text.tu_fifo_remaining
                0x00000000100046a0       0x2c CMakeFiles/msa.dir/home/pacmat/pico/pico-sdk/lib/tinyusb/src/common/tusb_fifo.c.obj
                0x00000000100046a0                tu_fifo_remaining
 .text.tu_fifo_read
                0x00000000100046cc       0xa0 CMakeFiles/msa.dir/home/pacmat/pico/pico-sdk/lib/tinyusb/src/common/tusb_fifo.c.obj
                0x00000000100046cc                tu_fifo_read
 .text.tu_fifo_read_n
                0x000000001000476c       0xec CMakeFiles/msa.dir/home/pacmat/pico/pico-sdk/lib/tinyusb/src/common/tusb_fifo.c.obj
                0x000000001000476c                tu_fifo_read_n
 .text.tu_fifo_write
                0x0000000010004858       0x88 CMakeFiles/msa.dir/home/pacmat/pico/pico-sdk/lib/tinyusb/src/common/tusb_fifo.c.obj
                0x0000000010004858                tu_fifo_write
 .text.tu_fifo_write_n
                0x00000000100048e0      0x168 CMakeFiles/msa.dir/home/pacmat/pico/pico-sdk/lib/tinyusb/src/common/tusb_fifo.c.obj
                0x00000000100048e0                tu_fifo_write_n
 .text.tu_fifo_clear
                0x0000000010004a48       0x40 CMakeFiles/msa.dir/home/pacmat/pico/pico-sdk/lib/tinyusb/src/common/tusb_fifo.c.obj
                0x0000000010004a48                tu_fifo_clear
 .text.tu_fifo_set_overwritable
                0x0000000010004a88       0x48 CMakeFiles/msa.dir/home/pacmat/pico/pico-sdk/lib/tinyusb/src/common/tusb_fifo.c.obj
                0x0000000010004a88                tu_fifo_set_overwritable
 .text.i2c_set_baudrate
                0x0000000010004ad0       0xc4 CMakeFiles/msa.dir/home/pacmat/pico/pico-sdk/src/rp2_common/hardware_i2c/i2c.c.obj
                0x0000000010004ad0                i2c_set_baudrate
 .text.i2c_init
                0x0000000010004b94       0x54 CMakeFiles/msa.dir/home/pacmat/pico/pico-sdk/src/rp2_common/hardware_i2c/i2c.c.obj
                0x0000000010004b94                i2c_init
 .text.i2c_write_blocking
                0x0000000010004be8       0xd0 CMakeFiles/msa.dir/home/pacmat/pico/pico-sdk/src/rp2_common/hardware_i2c/i2c.c.obj
                0x0000000010004be8                i2c_write_blocking
 .text          0x0000000010004cb8      0x664 ssd1306_display/libssd1306_display.a(ssd1306_display.c.obj)
                0x0000000010004cb8                calc_render_area_buflen
                0x0000000010004cd0                SSD1306_send_cmd
                0x0000000010004cf4                SSD1306_send_cmd_list
                0x0000000010004d3c                SSD1306_send_buf
                0x0000000010004d7c                SSD1306_init
                0x0000000010004dd4                SSD1306_scroll
                0x0000000010004e2c                render
                0x0000000010004ec8                SetPixel
                0x0000000010004f00                DrawLine
                0x000000001000501c                GetFontIndex
                0x000000001000503c                reverse
                0x0000000010005064                FillReversedCache
                0x00000000100050a8                WriteChar
                0x00000000100051a4                WriteString
 .text          0x000000001000531c       0x28 /usr/lib/gcc/arm-none-eabi/10.3.1/../../../arm-none-eabi/lib/thumb/v6-m/nofp/libc.a(lib_a-malloc.o)
                0x000000001000531c                malloc
                0x0000000010005330                free
 .text          0x0000000010005344      0x574 /usr/lib/gcc/arm-none-eabi/10.3.1/../../../arm-none-eabi/lib/thumb/v6-m/nofp/libc.a(lib_a-mallocr.o)
                0x0000000010005344                _malloc_r
 .text          0x00000000100058b8        0x8 /usr/lib/gcc/arm-none-eabi/10.3.1/../../../arm-none-eabi/lib/thumb/v6-m/nofp/libc.a(lib_a-mlock.o)
                0x00000000100058b8                __malloc_lock
                0x00000000100058bc                __malloc_unlock
 .text          0x00000000100058c0       0x24 /usr/lib/gcc/arm-none-eabi/10.3.1/../../../arm-none-eabi/lib/thumb/v6-m/nofp/libc.a(lib_a-sbrkr.o)
                0x00000000100058c0                _sbrk_r
 .text          0x00000000100058e4       0x5c /usr/lib/gcc/arm-none-eabi/10.3.1/../../../arm-none-eabi/lib/thumb/v6-m/nofp/libc.a(lib_a-strlen-stub.o)
                0x00000000100058e4                strlen
 .text          0x0000000010005940      0x260 /usr/lib/gcc/arm-none-eabi/10.3.1/../../../arm-none-eabi/lib/thumb/v6-m/nofp/libc.a(lib_a-freer.o)
                0x0000000010005940                _malloc_trim_r
                0x00000000100059dc                _free_r
 *(.fini)
 .fini          0x0000000010005ba0        0x4 /usr/lib/gcc/arm-none-eabi/10.3.1/thumb/v6-m/nofp/crti.o
                0x0000000010005ba0                _fini
 *fill*         0x0000000010005ba4        0x4 
 .fini.__stub   0x0000000010005ba8       0xc0 linker stubs
 *crtbegin.o(.ctors)
 *crtbegin?.o(.ctors)
 *(EXCLUDE_FILE(*crtend.o *crtend?.o) .ctors)
 *(SORT_BY_NAME(.ctors.*))
 *(.ctors)
 *crtbegin.o(.dtors)
 *crtbegin?.o(.dtors)
 *(EXCLUDE_FILE(*crtend.o *crtend?.o) .dtors)
 *(SORT_BY_NAME(.dtors.*))
 *(.dtors)
 *(.eh_frame*)
 .eh_frame      0x0000000010005c68        0x0 /usr/lib/gcc/arm-none-eabi/10.3.1/thumb/v6-m/nofp/crtbegin.o
                0x0000000010005c68                . = ALIGN (0x4)

.glue_7         0x0000000010005c68        0x0
 .glue_7        0x0000000010005c68        0x0 linker stubs

.glue_7t        0x0000000010005c68        0x0
 .glue_7t       0x0000000010005c68        0x0 linker stubs

.vfp11_veneer   0x0000000010005c68        0x0
 .vfp11_veneer  0x0000000010005c68        0x0 linker stubs

.v4_bx          0x0000000010005c68        0x0
 .v4_bx         0x0000000010005c68        0x0 linker stubs

.iplt           0x0000000010005c68        0x0
 .iplt          0x0000000010005c68        0x0 /usr/lib/gcc/arm-none-eabi/10.3.1/thumb/v6-m/nofp/crtbegin.o

.rodata         0x0000000010005c68      0x5d8
 *(EXCLUDE_FILE(*libm.a: *libc.a:*lib_a-mem*.o *libgcc.a:) .rodata*)
 .rodata.str1.4
                0x0000000010005c68       0x33 CMakeFiles/msa.dir/msa.c.obj
 *fill*         0x0000000010005c9b        0x1 
 .rodata.main.str1.4
                0x0000000010005c9c       0x36 CMakeFiles/msa.dir/msa.c.obj
 *fill*         0x0000000010005cd2        0x2 
 .rodata.spin_lock_claim_unused.str1.4
                0x0000000010005cd4       0x1b CMakeFiles/msa.dir/home/pacmat/pico/pico-sdk/src/rp2_common/hardware_sync/sync.c.obj
 *fill*         0x0000000010005cef        0x1 
 .rodata.user_irq_claim_unused.str1.4
                0x0000000010005cf0       0x1b CMakeFiles/msa.dir/home/pacmat/pico/pico-sdk/src/rp2_common/hardware_irq/irq.c.obj
 *fill*         0x0000000010005d0b        0x1 
 .rodata.hardware_alarm_claim.str1.4
                0x0000000010005d0c       0x22 CMakeFiles/msa.dir/home/pacmat/pico/pico-sdk/src/rp2_common/hardware_timer/timer.c.obj
 *fill*         0x0000000010005d2e        0x2 
 .rodata.panic.str1.4
                0x0000000010005d30       0x12 CMakeFiles/msa.dir/home/pacmat/pico/pico-sdk/src/rp2_common/pico_runtime/runtime.c.obj
 *fill*         0x0000000010005d42        0x2 
 .rodata.hard_assertion_failure.str1.4
                0x0000000010005d44        0xc CMakeFiles/msa.dir/home/pacmat/pico/pico-sdk/src/rp2_common/pico_runtime/runtime.c.obj
 .rodata.__wrap_malloc.str1.4
                0x0000000010005d50        0xe CMakeFiles/msa.dir/home/pacmat/pico/pico-sdk/src/rp2_common/pico_malloc/pico_malloc.c.obj
 *fill*         0x0000000010005d5e        0x2 
 .rodata.str1.4
                0x0000000010005d60       0x3c CMakeFiles/msa.dir/home/pacmat/pico/pico-sdk/src/rp2_common/pico_standard_link/binary_info.c.obj
 .rodata.__bi_44
                0x0000000010005d9c        0xc CMakeFiles/msa.dir/home/pacmat/pico/pico-sdk/src/rp2_common/pico_standard_link/binary_info.c.obj
 .rodata.__bi_56
                0x0000000010005da8        0xc CMakeFiles/msa.dir/home/pacmat/pico/pico-sdk/src/rp2_common/pico_standard_link/binary_info.c.obj
 .rodata.__bi_75
                0x0000000010005db4        0xc CMakeFiles/msa.dir/home/pacmat/pico/pico-sdk/src/rp2_common/pico_standard_link/binary_info.c.obj
 .rodata.__bi_81
                0x0000000010005dc0        0xc CMakeFiles/msa.dir/home/pacmat/pico/pico-sdk/src/rp2_common/pico_standard_link/binary_info.c.obj
 .rodata.crlf_str.0
                0x0000000010005dcc        0x2 CMakeFiles/msa.dir/home/pacmat/pico/pico-sdk/src/rp2_common/pico_stdio/stdio.c.obj
 *fill*         0x0000000010005dce        0x2 
 .rodata.str1.4
                0x0000000010005dd0       0x2c CMakeFiles/msa.dir/home/pacmat/pico/pico-sdk/src/rp2_common/pico_stdio_uart/stdio_uart.c.obj
 .rodata.__bi_33.4
                0x0000000010005dfc        0xc CMakeFiles/msa.dir/home/pacmat/pico/pico-sdk/src/rp2_common/pico_stdio_uart/stdio_uart.c.obj
 .rodata.__bi_34.5
                0x0000000010005e08        0x8 CMakeFiles/msa.dir/home/pacmat/pico/pico-sdk/src/rp2_common/pico_stdio_uart/stdio_uart.c.obj
 .rodata._resetd_driver
                0x0000000010005e10       0x18 CMakeFiles/msa.dir/home/pacmat/pico/pico-sdk/src/rp2_common/pico_stdio_usb/reset_interface.c.obj
 .rodata.str1.4
                0x0000000010005e28       0x13 CMakeFiles/msa.dir/home/pacmat/pico/pico-sdk/src/rp2_common/pico_stdio_usb/stdio_usb.c.obj
 *fill*         0x0000000010005e3b        0x1 
 .rodata.__bi_182.0
                0x0000000010005e3c        0xc CMakeFiles/msa.dir/home/pacmat/pico/pico-sdk/src/rp2_common/pico_stdio_usb/stdio_usb.c.obj
 .rodata.str1.4
                0x0000000010005e48       0x2a CMakeFiles/msa.dir/home/pacmat/pico/pico-sdk/src/rp2_common/pico_stdio_usb/stdio_usb_descriptors.c.obj
 *fill*         0x0000000010005e72        0x2 
 .rodata.usbd_desc_cfg
                0x0000000010005e74       0x54 CMakeFiles/msa.dir/home/pacmat/pico/pico-sdk/src/rp2_common/pico_stdio_usb/stdio_usb_descriptors.c.obj
 .rodata.usbd_desc_device
                0x0000000010005ec8       0x12 CMakeFiles/msa.dir/home/pacmat/pico/pico-sdk/src/rp2_common/pico_stdio_usb/stdio_usb_descriptors.c.obj
 *fill*         0x0000000010005eda        0x2 
 .rodata.usbd_desc_str
                0x0000000010005edc       0x18 CMakeFiles/msa.dir/home/pacmat/pico/pico-sdk/src/rp2_common/pico_stdio_usb/stdio_usb_descriptors.c.obj
 .rodata.str1.4
                0x0000000010005ef4       0x14 CMakeFiles/msa.dir/home/pacmat/pico/pico-sdk/lib/tinyusb/src/portable/raspberrypi/rp2040/dcd_rp2040.c.obj
 .rodata.str1.4
                0x0000000010005f08       0x49 CMakeFiles/msa.dir/home/pacmat/pico/pico-sdk/lib/tinyusb/src/portable/raspberrypi/rp2040/rp2040_usb.c.obj
                                         0x53 (size before relaxing)
 *fill*         0x0000000010005f51        0x3 
 .rodata.tud_task_ext
                0x0000000010005f54       0x8c CMakeFiles/msa.dir/home/pacmat/pico/pico-sdk/lib/tinyusb/src/device/usbd.c.obj
 .rodata._usbd_driver
                0x0000000010005fe0       0x18 CMakeFiles/msa.dir/home/pacmat/pico/pico-sdk/lib/tinyusb/src/device/usbd.c.obj
 .rodata        0x0000000010005ff8      0x144 ssd1306_display/libssd1306_display.a(ssd1306_display.c.obj)
 .rodata        0x000000001000613c      0x101 /usr/lib/gcc/arm-none-eabi/10.3.1/../../../arm-none-eabi/lib/thumb/v6-m/nofp/libc.a(lib_a-ctype_.o)
                0x000000001000613c                _ctype_
                0x0000000010006240                . = ALIGN (0x4)
 *fill*         0x000000001000623d        0x3 
 *(SORT_BY_ALIGNMENT(SORT_BY_NAME(.flashdata*)))
                0x0000000010006240                . = ALIGN (0x4)

.ARM.extab
 *(.ARM.extab* .gnu.linkonce.armextab.*)
                0x0000000010006240                __exidx_start = .

.ARM.exidx
 *(.ARM.exidx* .gnu.linkonce.armexidx.*)
                0x0000000010006240                __exidx_end = .
                0x0000000010006240                . = ALIGN (0x4)
                0x0000000010006240                __binary_info_start = .

.binary_info    0x0000000010006240       0x2c
 *(.binary_info.keep.*)
 .binary_info.keep.__bi_ptr22
                0x0000000010006240        0x4 CMakeFiles/msa.dir/home/pacmat/pico/pico-sdk/src/rp2_common/pico_standard_link/binary_info.c.obj
 .binary_info.keep.__bi_ptr30
                0x0000000010006244        0x4 CMakeFiles/msa.dir/home/pacmat/pico/pico-sdk/src/rp2_common/pico_standard_link/binary_info.c.obj
 .binary_info.keep.__bi_ptr38
                0x0000000010006248        0x4 CMakeFiles/msa.dir/home/pacmat/pico/pico-sdk/src/rp2_common/pico_standard_link/binary_info.c.obj
 .binary_info.keep.__bi_ptr44
                0x000000001000624c        0x4 CMakeFiles/msa.dir/home/pacmat/pico/pico-sdk/src/rp2_common/pico_standard_link/binary_info.c.obj
 .binary_info.keep.__bi_ptr50
                0x0000000010006250        0x4 CMakeFiles/msa.dir/home/pacmat/pico/pico-sdk/src/rp2_common/pico_standard_link/binary_info.c.obj
 .binary_info.keep.__bi_ptr56
                0x0000000010006254        0x4 CMakeFiles/msa.dir/home/pacmat/pico/pico-sdk/src/rp2_common/pico_standard_link/binary_info.c.obj
 .binary_info.keep.__bi_ptr75
                0x0000000010006258        0x4 CMakeFiles/msa.dir/home/pacmat/pico/pico-sdk/src/rp2_common/pico_standard_link/binary_info.c.obj
 .binary_info.keep.__bi_ptr81
                0x000000001000625c        0x4 CMakeFiles/msa.dir/home/pacmat/pico/pico-sdk/src/rp2_common/pico_standard_link/binary_info.c.obj
 *(.binary_info.*)
 .binary_info.__bi_ptr33
                0x0000000010006260        0x4 CMakeFiles/msa.dir/home/pacmat/pico/pico-sdk/src/rp2_common/pico_stdio_uart/stdio_uart.c.obj
 .binary_info.__bi_ptr34
                0x0000000010006264        0x4 CMakeFiles/msa.dir/home/pacmat/pico/pico-sdk/src/rp2_common/pico_stdio_uart/stdio_uart.c.obj
 .binary_info.__bi_ptr182
                0x0000000010006268        0x4 CMakeFiles/msa.dir/home/pacmat/pico/pico-sdk/src/rp2_common/pico_stdio_usb/stdio_usb.c.obj
                0x000000001000626c                __binary_info_end = .

.rel.dyn        0x000000001000626c        0x0
 .rel.iplt      0x000000001000626c        0x0 /usr/lib/gcc/arm-none-eabi/10.3.1/thumb/v6-m/nofp/crtbegin.o
                0x000000001000626c                . = ALIGN (0x4)

.ram_vector_table
                0x0000000020000000       0xc0
 *(.ram_vector_table)
 .ram_vector_table
                0x0000000020000000       0xc0 CMakeFiles/msa.dir/home/pacmat/pico/pico-sdk/src/rp2_common/pico_runtime/runtime.c.obj
                0x0000000020000000                ram_vector_table

.data           0x00000000200000c0     0x16b0 load address 0x000000001000626c
                0x00000000200000c0                __data_start__ = .
 *(vtable)
 *(.time_critical*)
 .time_critical.mutex_try_enter
                0x00000000200000c0       0x44 CMakeFiles/msa.dir/home/pacmat/pico/pico-sdk/src/common/pico_sync/mutex.c.obj
                0x00000000200000c0                mutex_try_enter
 .time_critical.mutex_try_enter_block_until
                0x0000000020000104       0x9c CMakeFiles/msa.dir/home/pacmat/pico/pico-sdk/src/common/pico_sync/mutex.c.obj
                0x0000000020000104                mutex_try_enter_block_until
 .time_critical.mutex_enter_timeout_ms
                0x00000000200001a0       0x90 CMakeFiles/msa.dir/home/pacmat/pico/pico-sdk/src/common/pico_sync/mutex.c.obj
                0x00000000200001a0                mutex_enter_timeout_ms
 .time_critical.mutex_exit
                0x0000000020000230       0x28 CMakeFiles/msa.dir/home/pacmat/pico/pico-sdk/src/common/pico_sync/mutex.c.obj
                0x0000000020000230                mutex_exit
 .time_critical.flash_init_boot2_copyout
                0x0000000020000258       0x30 CMakeFiles/msa.dir/home/pacmat/pico/pico-sdk/src/rp2_common/hardware_flash/flash.c.obj
 .time_critical.flash_enable_xip_via_boot2
                0x0000000020000288       0x10 CMakeFiles/msa.dir/home/pacmat/pico/pico-sdk/src/rp2_common/hardware_flash/flash.c.obj
 .time_critical.flash_cs_force
                0x0000000020000298       0x38 CMakeFiles/msa.dir/home/pacmat/pico/pico-sdk/src/rp2_common/hardware_flash/flash.c.obj
 .time_critical.flash_do_cmd
                0x00000000200002d0       0xc4 CMakeFiles/msa.dir/home/pacmat/pico/pico-sdk/src/rp2_common/hardware_flash/flash.c.obj
                0x00000000200002d0                flash_do_cmd
 .time_critical.reset_non_control_endpoints
                0x0000000020000394       0xbc CMakeFiles/msa.dir/home/pacmat/pico/pico-sdk/lib/tinyusb/src/portable/raspberrypi/rp2040/dcd_rp2040.c.obj
 .time_critical.hw_handle_buff_status
                0x0000000020000450       0xa8 CMakeFiles/msa.dir/home/pacmat/pico/pico-sdk/lib/tinyusb/src/portable/raspberrypi/rp2040/dcd_rp2040.c.obj
 .time_critical.dcd_rp2040_irq
                0x00000000200004f8      0x4d8 CMakeFiles/msa.dir/home/pacmat/pico/pico-sdk/lib/tinyusb/src/portable/raspberrypi/rp2040/dcd_rp2040.c.obj
 .time_critical.e15_is_bulkin_ep
                0x00000000200009d0       0x28 CMakeFiles/msa.dir/home/pacmat/pico/pico-sdk/lib/tinyusb/src/portable/raspberrypi/rp2040/rp2040_usb.c.obj
 .time_critical.e15_is_critical_frame_period
                0x00000000200009f8       0x34 CMakeFiles/msa.dir/home/pacmat/pico/pico-sdk/lib/tinyusb/src/portable/raspberrypi/rp2040/rp2040_usb.c.obj
 .time_critical.prepare_ep_buffer
                0x0000000020000a2c       0x70 CMakeFiles/msa.dir/home/pacmat/pico/pico-sdk/lib/tinyusb/src/portable/raspberrypi/rp2040/rp2040_usb.c.obj
 .time_critical.sync_ep_buffer
                0x0000000020000a9c       0x4c CMakeFiles/msa.dir/home/pacmat/pico/pico-sdk/lib/tinyusb/src/portable/raspberrypi/rp2040/rp2040_usb.c.obj
 .time_critical._hw_endpoint_xfer_sync
                0x0000000020000ae8       0x28 CMakeFiles/msa.dir/home/pacmat/pico/pico-sdk/lib/tinyusb/src/portable/raspberrypi/rp2040/rp2040_usb.c.obj
 .time_critical.hw_endpoint_reset_transfer
                0x0000000020000b10        0xc CMakeFiles/msa.dir/home/pacmat/pico/pico-sdk/lib/tinyusb/src/portable/raspberrypi/rp2040/rp2040_usb.c.obj
                0x0000000020000b10                hw_endpoint_reset_transfer
 .time_critical._hw_endpoint_buffer_control_update32
                0x0000000020000b1c       0x58 CMakeFiles/msa.dir/home/pacmat/pico/pico-sdk/lib/tinyusb/src/portable/raspberrypi/rp2040/rp2040_usb.c.obj
                0x0000000020000b1c                _hw_endpoint_buffer_control_update32
 .time_critical.hw_endpoint_start_next_buffer
                0x0000000020000b74       0x6c CMakeFiles/msa.dir/home/pacmat/pico/pico-sdk/lib/tinyusb/src/portable/raspberrypi/rp2040/rp2040_usb.c.obj
                0x0000000020000b74                hw_endpoint_start_next_buffer
 .time_critical.hw_endpoint_xfer_continue
                0x0000000020000be0       0x50 CMakeFiles/msa.dir/home/pacmat/pico/pico-sdk/lib/tinyusb/src/portable/raspberrypi/rp2040/rp2040_usb.c.obj
                0x0000000020000be0                hw_endpoint_xfer_continue
 .time_critical.tinyusb
                0x0000000020000c30      0x170 CMakeFiles/msa.dir/home/pacmat/pico/pico-sdk/lib/tinyusb/src/device/usbd.c.obj
                0x0000000020000c30                dcd_event_handler
 *(.text*)
 .text          0x0000000020000da0        0x4 /usr/lib/gcc/arm-none-eabi/10.3.1/thumb/v6-m/nofp/libgcc.a(_dvmd_tls.o)
                0x0000000020000da0                __aeabi_ldiv0
                0x0000000020000da0                __aeabi_idiv0
 *fill*         0x0000000020000da4        0x4 
 .text.__stub   0x0000000020000da8       0x70 linker stubs
                0x0000000020000e18                . = ALIGN (0x4)
 *(.rodata*)
                0x0000000020000e18                . = ALIGN (0x4)
 *(.data*)
 .data.striped_spin_lock_num
                0x0000000020000e18        0x1 CMakeFiles/msa.dir/home/pacmat/pico/pico-sdk/src/rp2_common/hardware_sync/sync.c.obj
 *fill*         0x0000000020000e19        0x3 
 .data          0x0000000020000e1c       0x48 CMakeFiles/msa.dir/home/pacmat/pico/pico-sdk/src/rp2_common/hardware_irq/irq_handler_chain.S.obj
                0x0000000020000e1c                irq_handler_chain_slots
                0x0000000020000e4c                irq_handler_chain_first_slot
                0x0000000020000e56                irq_handler_chain_remove_tail
 .data.default_alarm_pool
                0x0000000020000e64       0x18 CMakeFiles/msa.dir/home/pacmat/pico/pico-sdk/src/common/pico_time/time.c.obj
 .data.default_alarm_pool_heap
                0x0000000020000e7c       0x10 CMakeFiles/msa.dir/home/pacmat/pico/pico-sdk/src/common/pico_time/time.c.obj
 *fill*         0x0000000020000e8c        0x4 
 .data.aeabi_bits_funcs
                0x0000000020000e90       0x10 CMakeFiles/msa.dir/home/pacmat/pico/pico-sdk/src/rp2_common/pico_bit_ops/bit_ops_aeabi.S.obj
                0x0000000020000e90                aeabi_bits_funcs
                0x0000000020000ea0                aeabi_bits_funcs_end
 .data.aeabi_mem_funcs
                0x0000000020000ea0       0x10 CMakeFiles/msa.dir/home/pacmat/pico/pico-sdk/src/rp2_common/pico_mem_ops/mem_ops_aeabi.S.obj
                0x0000000020000ea0                aeabi_mem_funcs
                0x0000000020000eb0                aeabi_mem_funcs_end
 .data.stdio_uart
                0x0000000020000eb0       0x18 CMakeFiles/msa.dir/home/pacmat/pico/pico-sdk/src/rp2_common/pico_stdio_uart/stdio_uart.c.obj
                0x0000000020000eb0                stdio_uart
 .data.stdio_usb
                0x0000000020000ec8       0x18 CMakeFiles/msa.dir/home/pacmat/pico/pico-sdk/src/rp2_common/pico_stdio_usb/stdio_usb.c.obj
                0x0000000020000ec8                stdio_usb
 .data.ep_dir_string
                0x0000000020000ee0        0x8 CMakeFiles/msa.dir/home/pacmat/pico/pico-sdk/lib/tinyusb/src/portable/raspberrypi/rp2040/rp2040_usb.c.obj
                0x0000000020000ee0                ep_dir_string
 .data._usbd_qdef
                0x0000000020000ee8       0x1c CMakeFiles/msa.dir/home/pacmat/pico/pico-sdk/lib/tinyusb/src/device/usbd.c.obj
                0x0000000020000ee8                _usbd_qdef
 .data._usbd_rhport
                0x0000000020000f04        0x1 CMakeFiles/msa.dir/home/pacmat/pico/pico-sdk/lib/tinyusb/src/device/usbd.c.obj
 *fill*         0x0000000020000f05        0x3 
 .data.i2c0_inst
                0x0000000020000f08        0x8 CMakeFiles/msa.dir/home/pacmat/pico/pico-sdk/src/rp2_common/hardware_i2c/i2c.c.obj
                0x0000000020000f08                i2c0_inst
 .data          0x0000000020000f10      0x430 /usr/lib/gcc/arm-none-eabi/10.3.1/../../../arm-none-eabi/lib/thumb/v6-m/nofp/libc.a(lib_a-impure.o)
                0x0000000020000f10                _impure_ptr
 .data          0x0000000020001340      0x410 /usr/lib/gcc/arm-none-eabi/10.3.1/../../../arm-none-eabi/lib/thumb/v6-m/nofp/libc.a(lib_a-mallocr.o)
                0x0000000020001340                __malloc_sbrk_base
                0x0000000020001344                __malloc_trim_threshold
                0x0000000020001348                __malloc_av_
                0x0000000020001750                . = ALIGN (0x4)
 *(.after_data.*)
                0x0000000020001750                . = ALIGN (0x4)
                0x0000000020001750                PROVIDE (__mutex_array_start = .)
 *(SORT_BY_NAME(.mutex_array.*))
 *(.mutex_array)
 .mutex_array   0x0000000020001750        0x8 CMakeFiles/msa.dir/home/pacmat/pico/pico-sdk/src/rp2_common/pico_stdio/stdio.c.obj
                0x0000000020001758                PROVIDE (__mutex_array_end = .)
                0x0000000020001758                . = ALIGN (0x4)
                0x0000000020001758                PROVIDE (__preinit_array_start = .)
 *(SORT_BY_NAME(.preinit_array.*))
 .preinit_array.00001
                0x0000000020001758        0x4 CMakeFiles/msa.dir/home/pacmat/pico/pico-sdk/src/rp2_common/pico_mem_ops/mem_ops_aeabi.S.obj
 .preinit_array.00010
                0x000000002000175c        0x4 CMakeFiles/msa.dir/home/pacmat/pico/pico-sdk/src/rp2_common/pico_bit_ops/bit_ops_aeabi.S.obj
 .preinit_array.00020
                0x0000000020001760        0x4 CMakeFiles/msa.dir/home/pacmat/pico/pico-sdk/src/rp2_common/pico_double/double_aeabi.S.obj
 .preinit_array.00020
                0x0000000020001764        0x4 CMakeFiles/msa.dir/home/pacmat/pico/pico-sdk/src/rp2_common/pico_float/float_aeabi.S.obj
 *(.preinit_array)
                0x0000000020001768                PROVIDE (__preinit_array_end = .)
                0x0000000020001768                . = ALIGN (0x4)
                0x0000000020001768                PROVIDE (__init_array_start = .)
 *(SORT_BY_NAME(.init_array.*))
 *(.init_array)
 .init_array    0x0000000020001768        0x4 /usr/lib/gcc/arm-none-eabi/10.3.1/thumb/v6-m/nofp/crtbegin.o
 .init_array    0x000000002000176c        0x4 CMakeFiles/msa.dir/home/pacmat/pico/pico-sdk/src/rp2_common/pico_unique_id/unique_id.c.obj
                0x0000000020001770                PROVIDE (__init_array_end = .)
                0x0000000020001770                . = ALIGN (0x4)
                0x0000000020001770                PROVIDE (__fini_array_start = .)
 *(SORT_BY_NAME(.fini_array.*))
 *(.fini_array)
                0x0000000020001770                PROVIDE (__fini_array_end = .)
 *(.jcr)
                0x0000000020001770                . = ALIGN (0x4)
                0x0000000020001770                __data_end__ = .
                0x000000001000626c                __etext = LOADADDR (.data)

.tm_clone_table
                0x0000000020001770        0x0 load address 0x000000001000791c
 .tm_clone_table
                0x0000000020001770        0x0 /usr/lib/gcc/arm-none-eabi/10.3.1/thumb/v6-m/nofp/crtbegin.o
 .tm_clone_table
                0x0000000020001770        0x0 /usr/lib/gcc/arm-none-eabi/10.3.1/thumb/v6-m/nofp/crtend.o

.igot.plt       0x0000000020001770        0x0 load address 0x000000001000791c
 .igot.plt      0x0000000020001770        0x0 /usr/lib/gcc/arm-none-eabi/10.3.1/thumb/v6-m/nofp/crtbegin.o

.uninitialized_data
                0x0000000020001770        0x0 load address 0x000000001000791c
                0x0000000020001770                . = ALIGN (0x4)
 *(.uninitialized_data*)

.scratch_x      0x0000000020040000        0x0 load address 0x000000001000791c
                0x0000000020040000                __scratch_x_start__ = .
 *(.scratch_x.*)
                0x0000000020040000                . = ALIGN (0x4)
                0x0000000020040000                __scratch_x_end__ = .
                0x000000001000791c                __scratch_x_source__ = LOADADDR (.scratch_x)

.scratch_y      0x0000000020041000        0x0 load address 0x000000001000791c
                0x0000000020041000                __scratch_y_start__ = .
 *(.scratch_y.*)
                0x0000000020041000                . = ALIGN (0x4)
                0x0000000020041000                __scratch_y_end__ = .
                0x000000001000791c                __scratch_y_source__ = LOADADDR (.scratch_y)

.bss            0x0000000020001770      0xefc
                0x0000000020001770                . = ALIGN (0x4)
                0x0000000020001770                __bss_start__ = .
 *(SORT_BY_ALIGNMENT(SORT_BY_NAME(.bss*)))
 .bss.default_alarm_pool_entries
                0x0000000020001770      0x100 CMakeFiles/msa.dir/home/pacmat/pico/pico-sdk/src/common/pico_time/time.c.obj
 .bss.last_avail_time.1
                0x0000000020001870        0x8 CMakeFiles/msa.dir/home/pacmat/pico/pico-sdk/src/rp2_common/pico_stdio_usb/stdio_usb.c.obj
 .bss.sd_table  0x0000000020001878      0x100 CMakeFiles/msa.dir/home/pacmat/pico/pico-sdk/src/rp2_common/pico_double/double_init_rom.c.obj
                0x0000000020001878                sd_table
 .bss.sf_table  0x0000000020001978      0x100 CMakeFiles/msa.dir/home/pacmat/pico/pico-sdk/src/rp2_common/pico_float/float_init_rom.c.obj
                0x0000000020001978                sf_table
 .bss           0x0000000020001a78       0x1c /usr/lib/gcc/arm-none-eabi/10.3.1/thumb/v6-m/nofp/crtbegin.o
 .bss           0x0000000020001a94      0x128 ssd1306_display/libssd1306_display.a(ssd1306_display.c.obj)
                0x0000000020001a94                reversed
 .bss           0x0000000020001bbc       0x34 /usr/lib/gcc/arm-none-eabi/10.3.1/../../../arm-none-eabi/lib/thumb/v6-m/nofp/libc.a(lib_a-mallocr.o)
                0x0000000020001bbc                __malloc_top_pad
                0x0000000020001bc0                __malloc_current_mallinfo
                0x0000000020001be8                __malloc_max_sbrked_mem
                0x0000000020001bec                __malloc_max_total_mem
 .bss           0x0000000020001bf0        0x4 /usr/lib/gcc/arm-none-eabi/10.3.1/../../../arm-none-eabi/lib/thumb/v6-m/nofp/libc.a(lib_a-reent.o)
                0x0000000020001bf0                errno
 .bss._app_driver
                0x0000000020001bf4        0x4 CMakeFiles/msa.dir/home/pacmat/pico/pico-sdk/lib/tinyusb/src/device/usbd.c.obj
 .bss._cdcd_itf
                0x0000000020001bf8      0x2c8 CMakeFiles/msa.dir/home/pacmat/pico/pico-sdk/lib/tinyusb/src/class/cdc/cdc_device.c.obj
 .bss._ctrl_xfer
                0x0000000020001ec0       0x14 CMakeFiles/msa.dir/home/pacmat/pico/pico-sdk/lib/tinyusb/src/device/usbd_control.c.obj
 .bss._ubsd_mutexdef
                0x0000000020001ed4        0x8 CMakeFiles/msa.dir/home/pacmat/pico/pico-sdk/lib/tinyusb/src/device/usbd.c.obj
 .bss._usbd_ctrl_buf
                0x0000000020001edc       0x40 CMakeFiles/msa.dir/home/pacmat/pico/pico-sdk/lib/tinyusb/src/device/usbd_control.c.obj
 .bss._usbd_dev
                0x0000000020001f1c       0x53 CMakeFiles/msa.dir/home/pacmat/pico/pico-sdk/lib/tinyusb/src/device/usbd.c.obj
 *fill*         0x0000000020001f6f        0x1 
 .bss._usbd_mutex
                0x0000000020001f70        0x4 CMakeFiles/msa.dir/home/pacmat/pico/pico-sdk/lib/tinyusb/src/device/usbd.c.obj
 .bss._usbd_q   0x0000000020001f74        0x4 CMakeFiles/msa.dir/home/pacmat/pico/pico-sdk/lib/tinyusb/src/device/usbd.c.obj
 .bss._usbd_qdef_buf
                0x0000000020001f78       0xc0 CMakeFiles/msa.dir/home/pacmat/pico/pico-sdk/lib/tinyusb/src/device/usbd.c.obj
                0x0000000020001f78                _usbd_qdef_buf
 .bss.alarm_callbacks
                0x0000000020002038       0x10 CMakeFiles/msa.dir/home/pacmat/pico/pico-sdk/src/rp2_common/hardware_timer/timer.c.obj
 .bss.boot2_copyout
                0x0000000020002048      0x100 CMakeFiles/msa.dir/home/pacmat/pico/pico-sdk/src/rp2_common/hardware_flash/flash.c.obj
 .bss.chars_available_callback
                0x0000000020002148        0x4 CMakeFiles/msa.dir/home/pacmat/pico/pico-sdk/src/rp2_common/pico_stdio_uart/stdio_uart.c.obj
 .bss.chars_available_callback
                0x000000002000214c        0x4 CMakeFiles/msa.dir/home/pacmat/pico/pico-sdk/src/rp2_common/pico_stdio_usb/stdio_usb.c.obj
 .bss.chars_available_param
                0x0000000020002150        0x4 CMakeFiles/msa.dir/home/pacmat/pico/pico-sdk/src/rp2_common/pico_stdio_uart/stdio_uart.c.obj
 .bss.chars_available_param
                0x0000000020002154        0x4 CMakeFiles/msa.dir/home/pacmat/pico/pico-sdk/src/rp2_common/pico_stdio_usb/stdio_usb.c.obj
 .bss.claimed   0x0000000020002158        0x4 CMakeFiles/msa.dir/home/pacmat/pico/pico-sdk/src/rp2_common/hardware_sync/sync.c.obj
 .bss.configured_freq
                0x000000002000215c       0x28 CMakeFiles/msa.dir/home/pacmat/pico/pico-sdk/src/rp2_common/hardware_clocks/clocks.c.obj
 .bss.default_alarm_pool_entry_ids_high
                0x0000000020002184       0x10 CMakeFiles/msa.dir/home/pacmat/pico/pico-sdk/src/common/pico_time/time.c.obj
 .bss.default_alarm_pool_heap_nodes
                0x0000000020002194       0x30 CMakeFiles/msa.dir/home/pacmat/pico/pico-sdk/src/common/pico_time/time.c.obj
 .bss.desc_str.0
                0x00000000200021c4       0x28 CMakeFiles/msa.dir/home/pacmat/pico/pico-sdk/src/rp2_common/pico_stdio_usb/stdio_usb_descriptors.c.obj
 .bss.drivers   0x00000000200021ec        0x4 CMakeFiles/msa.dir/home/pacmat/pico/pico-sdk/src/rp2_common/pico_stdio/stdio.c.obj
 .bss.e15_last_sof
                0x00000000200021f0        0x4 CMakeFiles/msa.dir/home/pacmat/pico/pico-sdk/lib/tinyusb/src/portable/raspberrypi/rp2040/rp2040_usb.c.obj
                0x00000000200021f0                e15_last_sof
 .bss.filter    0x00000000200021f4        0x4 CMakeFiles/msa.dir/home/pacmat/pico/pico-sdk/src/rp2_common/pico_stdio/stdio.c.obj
 .bss.heap_end.0
                0x00000000200021f8        0x4 CMakeFiles/msa.dir/home/pacmat/pico/pico-sdk/src/rp2_common/pico_runtime/runtime.c.obj
 .bss.hw_endpoints
                0x00000000200021fc      0x400 CMakeFiles/msa.dir/home/pacmat/pico/pico-sdk/lib/tinyusb/src/portable/raspberrypi/rp2040/dcd_rp2040.c.obj
 .bss.lazy_vsnprintf
                0x00000000200025fc        0x4 CMakeFiles/msa.dir/home/pacmat/pico/pico-sdk/src/rp2_common/pico_printf/printf.c.obj
 .bss.load_value
                0x0000000020002600        0x4 CMakeFiles/msa.dir/home/pacmat/pico/pico-sdk/src/rp2_common/hardware_watchdog/watchdog.c.obj
 .bss.next_buffer_ptr
                0x0000000020002604        0x4 CMakeFiles/msa.dir/home/pacmat/pico/pico-sdk/lib/tinyusb/src/portable/raspberrypi/rp2040/dcd_rp2040.c.obj
 .bss.one_shot_timer_crit_sec
                0x0000000020002608        0x8 CMakeFiles/msa.dir/home/pacmat/pico/pico-sdk/src/rp2_common/pico_stdio_usb/stdio_usb.c.obj
 .bss.pools     0x0000000020002610       0x10 CMakeFiles/msa.dir/home/pacmat/pico/pico-sdk/src/common/pico_time/time.c.obj
 .bss.retrieved_id
                0x0000000020002620        0x8 CMakeFiles/msa.dir/home/pacmat/pico/pico-sdk/src/rp2_common/pico_unique_id/unique_id.c.obj
 .bss.sf_clz_func
                0x0000000020002628        0x4 CMakeFiles/msa.dir/home/pacmat/pico/pico-sdk/src/rp2_common/pico_double/double_init_rom.c.obj
                0x0000000020002628                sf_clz_func
 .bss.sleep_notifier
                0x000000002000262c        0x4 CMakeFiles/msa.dir/home/pacmat/pico/pico-sdk/src/common/pico_time/time.c.obj
 .bss.stdio_usb_mutex
                0x0000000020002630        0x8 CMakeFiles/msa.dir/home/pacmat/pico/pico-sdk/src/rp2_common/pico_stdio_usb/stdio_usb.c.obj
 .bss.target_hi
                0x0000000020002638       0x10 CMakeFiles/msa.dir/home/pacmat/pico/pico-sdk/src/rp2_common/hardware_timer/timer.c.obj
 .bss.uart_char_to_line_feed
                0x0000000020002648        0x4 CMakeFiles/msa.dir/home/pacmat/pico/pico-sdk/src/rp2_common/hardware_uart/uart.c.obj
                0x0000000020002648                uart_char_to_line_feed
 .bss.uart_instance
                0x000000002000264c        0x4 CMakeFiles/msa.dir/home/pacmat/pico/pico-sdk/src/rp2_common/pico_stdio_uart/stdio_uart.c.obj
 .bss.usbd_serial_str
                0x0000000020002650       0x11 CMakeFiles/msa.dir/home/pacmat/pico/pico-sdk/src/rp2_common/pico_stdio_usb/stdio_usb_descriptors.c.obj
 .bss._app_driver_count
                0x0000000020002661        0x1 CMakeFiles/msa.dir/home/pacmat/pico/pico-sdk/lib/tinyusb/src/device/usbd.c.obj
 .bss._sof_enable
                0x0000000020002662        0x1 CMakeFiles/msa.dir/home/pacmat/pico/pico-sdk/lib/tinyusb/src/portable/raspberrypi/rp2040/dcd_rp2040.c.obj
 .bss.boot2_copyout_valid
                0x0000000020002663        0x1 CMakeFiles/msa.dir/home/pacmat/pico/pico-sdk/src/rp2_common/hardware_flash/flash.c.obj
 .bss.claimed   0x0000000020002664        0x1 CMakeFiles/msa.dir/home/pacmat/pico/pico-sdk/src/rp2_common/hardware_timer/timer.c.obj
 .bss.irq_hander_chain_free_slot_head
                0x0000000020002665        0x1 CMakeFiles/msa.dir/home/pacmat/pico/pico-sdk/src/rp2_common/hardware_irq/irq.c.obj
 .bss.itf_num   0x0000000020002666        0x1 CMakeFiles/msa.dir/home/pacmat/pico/pico-sdk/src/rp2_common/pico_stdio_usb/reset_interface.c.obj
 .bss.low_priority_irq_num
                0x0000000020002667        0x1 CMakeFiles/msa.dir/home/pacmat/pico/pico-sdk/src/rp2_common/pico_stdio_usb/stdio_usb.c.obj
 .bss.one_shot_timer_pending
                0x0000000020002668        0x1 CMakeFiles/msa.dir/home/pacmat/pico/pico-sdk/src/rp2_common/pico_stdio_usb/stdio_usb.c.obj
 .bss.timer_callbacks_pending
                0x0000000020002669        0x1 CMakeFiles/msa.dir/home/pacmat/pico/pico-sdk/src/rp2_common/hardware_timer/timer.c.obj
 .bss.user_irq_claimed
                0x000000002000266a        0x1 CMakeFiles/msa.dir/home/pacmat/pico/pico-sdk/src/rp2_common/hardware_irq/irq.c.obj
 *(COMMON)
                0x000000002000266c                . = ALIGN (0x4)
 *fill*         0x000000002000266b        0x1 
                0x000000002000266c                __bss_end__ = .

.heap           0x000000002000266c      0x800
                0x000000002000266c                __end__ = .
                0x000000002000266c                end = __end__
 *(.heap*)
 .heap          0x000000002000266c      0x800 CMakeFiles/msa.dir/home/pacmat/pico/pico-sdk/src/rp2_common/pico_standard_link/crt0.S.obj
                0x0000000020002e6c                __HeapLimit = .

.stack1_dummy   0x0000000020040000        0x0
 *(.stack1*)

.stack_dummy    0x0000000020041000      0x800
 *(.stack*)
 .stack         0x0000000020041000      0x800 CMakeFiles/msa.dir/home/pacmat/pico/pico-sdk/src/rp2_common/pico_standard_link/crt0.S.obj

.flash_end      0x000000001000791c        0x0
                0x000000001000791c                PROVIDE (__flash_binary_end = .)
                0x0000000020040000                __StackLimit = (ORIGIN (RAM) + LENGTH (RAM))
                0x0000000020041000                __StackOneTop = (ORIGIN (SCRATCH_X) + LENGTH (SCRATCH_X))
                0x0000000020042000                __StackTop = (ORIGIN (SCRATCH_Y) + LENGTH (SCRATCH_Y))
                0x0000000020041000                __StackOneBottom = (__StackOneTop - SIZEOF (.stack1_dummy))
                0x0000000020041800                __StackBottom = (__StackTop - SIZEOF (.stack_dummy))
                0x0000000020042000                PROVIDE (__stack = __StackTop)
                0x0000000000000001                ASSERT ((__StackLimit >= __HeapLimit), region RAM overflowed)
                0x0000000000000001                ASSERT (((__binary_info_header_end - __logical_binary_start) <= 0x100), Binary info must be in first 256 bytes of the binary)
LOAD CMakeFiles/msa.dir/msa.c.obj
LOAD CMakeFiles/msa.dir/home/pacmat/pico/pico-sdk/src/rp2_common/pico_stdlib/stdlib.c.obj
LOAD CMakeFiles/msa.dir/home/pacmat/pico/pico-sdk/src/rp2_common/hardware_gpio/gpio.c.obj
LOAD CMakeFiles/msa.dir/home/pacmat/pico/pico-sdk/src/rp2_common/pico_platform/platform.c.obj
LOAD CMakeFiles/msa.dir/home/pacmat/pico/pico-sdk/src/rp2_common/hardware_claim/claim.c.obj
LOAD CMakeFiles/msa.dir/home/pacmat/pico/pico-sdk/src/rp2_common/hardware_sync/sync.c.obj
LOAD CMakeFiles/msa.dir/home/pacmat/pico/pico-sdk/src/rp2_common/hardware_irq/irq.c.obj
LOAD CMakeFiles/msa.dir/home/pacmat/pico/pico-sdk/src/rp2_common/hardware_irq/irq_handler_chain.S.obj
LOAD CMakeFiles/msa.dir/home/pacmat/pico/pico-sdk/src/common/pico_sync/sem.c.obj
LOAD CMakeFiles/msa.dir/home/pacmat/pico/pico-sdk/src/common/pico_sync/lock_core.c.obj
LOAD CMakeFiles/msa.dir/home/pacmat/pico/pico-sdk/src/common/pico_sync/mutex.c.obj
LOAD CMakeFiles/msa.dir/home/pacmat/pico/pico-sdk/src/common/pico_sync/critical_section.c.obj
LOAD CMakeFiles/msa.dir/home/pacmat/pico/pico-sdk/src/common/pico_time/time.c.obj
LOAD CMakeFiles/msa.dir/home/pacmat/pico/pico-sdk/src/common/pico_time/timeout_helper.c.obj
LOAD CMakeFiles/msa.dir/home/pacmat/pico/pico-sdk/src/rp2_common/hardware_timer/timer.c.obj
LOAD CMakeFiles/msa.dir/home/pacmat/pico/pico-sdk/src/common/pico_util/datetime.c.obj
LOAD CMakeFiles/msa.dir/home/pacmat/pico/pico-sdk/src/common/pico_util/pheap.c.obj
LOAD CMakeFiles/msa.dir/home/pacmat/pico/pico-sdk/src/common/pico_util/queue.c.obj
LOAD CMakeFiles/msa.dir/home/pacmat/pico/pico-sdk/src/rp2_common/hardware_uart/uart.c.obj
LOAD CMakeFiles/msa.dir/home/pacmat/pico/pico-sdk/src/rp2_common/hardware_clocks/clocks.c.obj
LOAD CMakeFiles/msa.dir/home/pacmat/pico/pico-sdk/src/rp2_common/hardware_pll/pll.c.obj
LOAD CMakeFiles/msa.dir/home/pacmat/pico/pico-sdk/src/rp2_common/hardware_vreg/vreg.c.obj
LOAD CMakeFiles/msa.dir/home/pacmat/pico/pico-sdk/src/rp2_common/hardware_watchdog/watchdog.c.obj
LOAD CMakeFiles/msa.dir/home/pacmat/pico/pico-sdk/src/rp2_common/hardware_xosc/xosc.c.obj
LOAD CMakeFiles/msa.dir/home/pacmat/pico/pico-sdk/src/rp2_common/hardware_divider/divider.S.obj
LOAD CMakeFiles/msa.dir/home/pacmat/pico/pico-sdk/src/rp2_common/pico_runtime/runtime.c.obj
LOAD CMakeFiles/msa.dir/home/pacmat/pico/pico-sdk/src/rp2_common/pico_printf/printf.c.obj
LOAD CMakeFiles/msa.dir/home/pacmat/pico/pico-sdk/src/rp2_common/pico_bit_ops/bit_ops_aeabi.S.obj
LOAD CMakeFiles/msa.dir/home/pacmat/pico/pico-sdk/src/rp2_common/pico_bootrom/bootrom.c.obj
LOAD CMakeFiles/msa.dir/home/pacmat/pico/pico-sdk/src/rp2_common/pico_divider/divider.S.obj
LOAD CMakeFiles/msa.dir/home/pacmat/pico/pico-sdk/src/rp2_common/pico_double/double_aeabi.S.obj
LOAD CMakeFiles/msa.dir/home/pacmat/pico/pico-sdk/src/rp2_common/pico_double/double_init_rom.c.obj
LOAD CMakeFiles/msa.dir/home/pacmat/pico/pico-sdk/src/rp2_common/pico_double/double_math.c.obj
LOAD CMakeFiles/msa.dir/home/pacmat/pico/pico-sdk/src/rp2_common/pico_double/double_v1_rom_shim.S.obj
LOAD CMakeFiles/msa.dir/home/pacmat/pico/pico-sdk/src/rp2_common/pico_int64_ops/pico_int64_ops_aeabi.S.obj
LOAD CMakeFiles/msa.dir/home/pacmat/pico/pico-sdk/src/rp2_common/pico_float/float_aeabi.S.obj
LOAD CMakeFiles/msa.dir/home/pacmat/pico/pico-sdk/src/rp2_common/pico_float/float_init_rom.c.obj
LOAD CMakeFiles/msa.dir/home/pacmat/pico/pico-sdk/src/rp2_common/pico_float/float_math.c.obj
LOAD CMakeFiles/msa.dir/home/pacmat/pico/pico-sdk/src/rp2_common/pico_float/float_v1_rom_shim.S.obj
LOAD CMakeFiles/msa.dir/home/pacmat/pico/pico-sdk/src/rp2_common/pico_malloc/pico_malloc.c.obj
LOAD CMakeFiles/msa.dir/home/pacmat/pico/pico-sdk/src/rp2_common/pico_mem_ops/mem_ops_aeabi.S.obj
LOAD CMakeFiles/msa.dir/home/pacmat/pico/pico-sdk/src/rp2_common/pico_standard_link/crt0.S.obj
LOAD CMakeFiles/msa.dir/home/pacmat/pico/pico-sdk/src/rp2_common/pico_standard_link/new_delete.cpp.obj
LOAD CMakeFiles/msa.dir/home/pacmat/pico/pico-sdk/src/rp2_common/pico_standard_link/binary_info.c.obj
LOAD CMakeFiles/msa.dir/home/pacmat/pico/pico-sdk/src/rp2_common/pico_stdio/stdio.c.obj
LOAD CMakeFiles/msa.dir/home/pacmat/pico/pico-sdk/src/rp2_common/pico_stdio_uart/stdio_uart.c.obj
LOAD CMakeFiles/msa.dir/home/pacmat/pico/pico-sdk/src/rp2_common/pico_stdio_usb/reset_interface.c.obj
LOAD CMakeFiles/msa.dir/home/pacmat/pico/pico-sdk/src/rp2_common/pico_stdio_usb/stdio_usb.c.obj
LOAD CMakeFiles/msa.dir/home/pacmat/pico/pico-sdk/src/rp2_common/pico_stdio_usb/stdio_usb_descriptors.c.obj
LOAD CMakeFiles/msa.dir/home/pacmat/pico/pico-sdk/src/rp2_common/pico_unique_id/unique_id.c.obj
LOAD CMakeFiles/msa.dir/home/pacmat/pico/pico-sdk/src/rp2_common/hardware_flash/flash.c.obj
LOAD CMakeFiles/msa.dir/home/pacmat/pico/pico-sdk/lib/tinyusb/src/portable/raspberrypi/rp2040/dcd_rp2040.c.obj
LOAD CMakeFiles/msa.dir/home/pacmat/pico/pico-sdk/lib/tinyusb/src/portable/raspberrypi/rp2040/rp2040_usb.c.obj
LOAD CMakeFiles/msa.dir/home/pacmat/pico/pico-sdk/lib/tinyusb/src/device/usbd.c.obj
LOAD CMakeFiles/msa.dir/home/pacmat/pico/pico-sdk/lib/tinyusb/src/device/usbd_control.c.obj
LOAD CMakeFiles/msa.dir/home/pacmat/pico/pico-sdk/lib/tinyusb/src/class/audio/audio_device.c.obj
LOAD CMakeFiles/msa.dir/home/pacmat/pico/pico-sdk/lib/tinyusb/src/class/cdc/cdc_device.c.obj
LOAD CMakeFiles/msa.dir/home/pacmat/pico/pico-sdk/lib/tinyusb/src/class/dfu/dfu_device.c.obj
LOAD CMakeFiles/msa.dir/home/pacmat/pico/pico-sdk/lib/tinyusb/src/class/dfu/dfu_rt_device.c.obj
LOAD CMakeFiles/msa.dir/home/pacmat/pico/pico-sdk/lib/tinyusb/src/class/hid/hid_device.c.obj
LOAD CMakeFiles/msa.dir/home/pacmat/pico/pico-sdk/lib/tinyusb/src/class/midi/midi_device.c.obj
LOAD CMakeFiles/msa.dir/home/pacmat/pico/pico-sdk/lib/tinyusb/src/class/msc/msc_device.c.obj
LOAD CMakeFiles/msa.dir/home/pacmat/pico/pico-sdk/lib/tinyusb/src/class/net/ecm_rndis_device.c.obj
LOAD CMakeFiles/msa.dir/home/pacmat/pico/pico-sdk/lib/tinyusb/src/class/net/ncm_device.c.obj
LOAD CMakeFiles/msa.dir/home/pacmat/pico/pico-sdk/lib/tinyusb/src/class/usbtmc/usbtmc_device.c.obj
LOAD CMakeFiles/msa.dir/home/pacmat/pico/pico-sdk/lib/tinyusb/src/class/vendor/vendor_device.c.obj
LOAD CMakeFiles/msa.dir/home/pacmat/pico/pico-sdk/lib/tinyusb/src/class/video/video_device.c.obj
LOAD CMakeFiles/msa.dir/home/pacmat/pico/pico-sdk/lib/tinyusb/src/tusb.c.obj
LOAD CMakeFiles/msa.dir/home/pacmat/pico/pico-sdk/lib/tinyusb/src/common/tusb_fifo.c.obj
LOAD CMakeFiles/msa.dir/home/pacmat/pico/pico-sdk/src/rp2_common/pico_fix/rp2040_usb_device_enumeration/rp2040_usb_device_enumeration.c.obj
LOAD CMakeFiles/msa.dir/home/pacmat/pico/pico-sdk/src/rp2_common/hardware_spi/spi.c.obj
LOAD CMakeFiles/msa.dir/home/pacmat/pico/pico-sdk/src/rp2_common/hardware_i2c/i2c.c.obj
LOAD CMakeFiles/msa.dir/home/pacmat/pico/pico-sdk/src/rp2_common/hardware_pio/pio.c.obj
LOAD ssd1306_display/libssd1306_display.a
LOAD /tmp/cc1GD8Ig.o
LOAD /usr/lib/gcc/arm-none-eabi/10.3.1/../../../arm-none-eabi/lib/thumb/v6-m/nofp/libstdc++.a
LOAD /usr/lib/gcc/arm-none-eabi/10.3.1/../../../arm-none-eabi/lib/thumb/v6-m/nofp/libm.a
START GROUP
LOAD /usr/lib/gcc/arm-none-eabi/10.3.1/thumb/v6-m/nofp/libgcc.a
LOAD /usr/lib/gcc/arm-none-eabi/10.3.1/../../../arm-none-eabi/lib/thumb/v6-m/nofp/libc.a
END GROUP
START GROUP
LOAD /usr/lib/gcc/arm-none-eabi/10.3.1/thumb/v6-m/nofp/libgcc.a
LOAD /usr/lib/gcc/arm-none-eabi/10.3.1/../../../arm-none-eabi/lib/thumb/v6-m/nofp/libc.a
LOAD /usr/lib/gcc/arm-none-eabi/10.3.1/../../../arm-none-eabi/lib/thumb/v6-m/nofp/libnosys.a
END GROUP
LOAD /usr/lib/gcc/arm-none-eabi/10.3.1/thumb/v6-m/nofp/crtend.o
LOAD /usr/lib/gcc/arm-none-eabi/10.3.1/thumb/v6-m/nofp/crtn.o
OUTPUT(msa.elf elf32-littlearm)
LOAD linker stubs

.ARM.attributes
                0x0000000000000000       0x28
 .ARM.attributes
                0x0000000000000000       0x1e /usr/lib/gcc/arm-none-eabi/10.3.1/thumb/v6-m/nofp/crti.o
 .ARM.attributes
                0x000000000000001e       0x2c /usr/lib/gcc/arm-none-eabi/10.3.1/thumb/v6-m/nofp/crtbegin.o
 .ARM.attributes
                0x000000000000004a       0x2c CMakeFiles/msa.dir/msa.c.obj
 .ARM.attributes
                0x0000000000000076       0x2c CMakeFiles/msa.dir/home/pacmat/pico/pico-sdk/src/rp2_common/hardware_gpio/gpio.c.obj
 .ARM.attributes
                0x00000000000000a2       0x2c CMakeFiles/msa.dir/home/pacmat/pico/pico-sdk/src/rp2_common/pico_platform/platform.c.obj
 .ARM.attributes
                0x00000000000000ce       0x2c CMakeFiles/msa.dir/home/pacmat/pico/pico-sdk/src/rp2_common/hardware_claim/claim.c.obj
 .ARM.attributes
                0x00000000000000fa       0x2c CMakeFiles/msa.dir/home/pacmat/pico/pico-sdk/src/rp2_common/hardware_sync/sync.c.obj
 .ARM.attributes
                0x0000000000000126       0x2c CMakeFiles/msa.dir/home/pacmat/pico/pico-sdk/src/rp2_common/hardware_irq/irq.c.obj
 .ARM.attributes
                0x0000000000000152       0x22 CMakeFiles/msa.dir/home/pacmat/pico/pico-sdk/src/rp2_common/hardware_irq/irq_handler_chain.S.obj
 .ARM.attributes
                0x0000000000000174       0x2c CMakeFiles/msa.dir/home/pacmat/pico/pico-sdk/src/common/pico_sync/lock_core.c.obj
 .ARM.attributes
                0x00000000000001a0       0x2c CMakeFiles/msa.dir/home/pacmat/pico/pico-sdk/src/common/pico_sync/mutex.c.obj
 .ARM.attributes
                0x00000000000001cc       0x2c CMakeFiles/msa.dir/home/pacmat/pico/pico-sdk/src/common/pico_sync/critical_section.c.obj
 .ARM.attributes
                0x00000000000001f8       0x2c CMakeFiles/msa.dir/home/pacmat/pico/pico-sdk/src/common/pico_time/time.c.obj
 .ARM.attributes
                0x0000000000000224       0x2c CMakeFiles/msa.dir/home/pacmat/pico/pico-sdk/src/rp2_common/hardware_timer/timer.c.obj
 .ARM.attributes
                0x0000000000000250       0x2c CMakeFiles/msa.dir/home/pacmat/pico/pico-sdk/src/common/pico_util/pheap.c.obj
 .ARM.attributes
                0x000000000000027c       0x2c CMakeFiles/msa.dir/home/pacmat/pico/pico-sdk/src/rp2_common/hardware_uart/uart.c.obj
 .ARM.attributes
                0x00000000000002a8       0x2c CMakeFiles/msa.dir/home/pacmat/pico/pico-sdk/src/rp2_common/hardware_clocks/clocks.c.obj
 .ARM.attributes
                0x00000000000002d4       0x2c CMakeFiles/msa.dir/home/pacmat/pico/pico-sdk/src/rp2_common/hardware_pll/pll.c.obj
 .ARM.attributes
                0x0000000000000300       0x2c CMakeFiles/msa.dir/home/pacmat/pico/pico-sdk/src/rp2_common/hardware_watchdog/watchdog.c.obj
 .ARM.attributes
                0x000000000000032c       0x2c CMakeFiles/msa.dir/home/pacmat/pico/pico-sdk/src/rp2_common/hardware_xosc/xosc.c.obj
 .ARM.attributes
                0x0000000000000358       0x2c CMakeFiles/msa.dir/home/pacmat/pico/pico-sdk/src/rp2_common/pico_runtime/runtime.c.obj
 .ARM.attributes
                0x0000000000000384       0x2c CMakeFiles/msa.dir/home/pacmat/pico/pico-sdk/src/rp2_common/pico_printf/printf.c.obj
 .ARM.attributes
                0x00000000000003b0       0x22 CMakeFiles/msa.dir/home/pacmat/pico/pico-sdk/src/rp2_common/pico_bit_ops/bit_ops_aeabi.S.obj
 .ARM.attributes
                0x00000000000003d2       0x2c CMakeFiles/msa.dir/home/pacmat/pico/pico-sdk/src/rp2_common/pico_bootrom/bootrom.c.obj
 .ARM.attributes
                0x00000000000003fe       0x22 CMakeFiles/msa.dir/home/pacmat/pico/pico-sdk/src/rp2_common/pico_divider/divider.S.obj
 .ARM.attributes
                0x0000000000000420       0x22 CMakeFiles/msa.dir/home/pacmat/pico/pico-sdk/src/rp2_common/pico_double/double_aeabi.S.obj
 .ARM.attributes
                0x0000000000000442       0x2c CMakeFiles/msa.dir/home/pacmat/pico/pico-sdk/src/rp2_common/pico_double/double_init_rom.c.obj
 .ARM.attributes
                0x000000000000046e       0x22 CMakeFiles/msa.dir/home/pacmat/pico/pico-sdk/src/rp2_common/pico_double/double_v1_rom_shim.S.obj
 .ARM.attributes
                0x0000000000000490       0x22 CMakeFiles/msa.dir/home/pacmat/pico/pico-sdk/src/rp2_common/pico_int64_ops/pico_int64_ops_aeabi.S.obj
 .ARM.attributes
                0x00000000000004b2       0x22 CMakeFiles/msa.dir/home/pacmat/pico/pico-sdk/src/rp2_common/pico_float/float_aeabi.S.obj
 .ARM.attributes
                0x00000000000004d4       0x2c CMakeFiles/msa.dir/home/pacmat/pico/pico-sdk/src/rp2_common/pico_float/float_init_rom.c.obj
 .ARM.attributes
                0x0000000000000500       0x22 CMakeFiles/msa.dir/home/pacmat/pico/pico-sdk/src/rp2_common/pico_float/float_v1_rom_shim.S.obj
 .ARM.attributes
                0x0000000000000522       0x2c CMakeFiles/msa.dir/home/pacmat/pico/pico-sdk/src/rp2_common/pico_malloc/pico_malloc.c.obj
 .ARM.attributes
                0x000000000000054e       0x22 CMakeFiles/msa.dir/home/pacmat/pico/pico-sdk/src/rp2_common/pico_mem_ops/mem_ops_aeabi.S.obj
 .ARM.attributes
                0x0000000000000570       0x22 CMakeFiles/msa.dir/home/pacmat/pico/pico-sdk/src/rp2_common/pico_standard_link/crt0.S.obj
 .ARM.attributes
                0x0000000000000592       0x32 CMakeFiles/msa.dir/home/pacmat/pico/pico-sdk/src/rp2_common/pico_standard_link/binary_info.c.obj
 .ARM.attributes
                0x00000000000005c4       0x2c CMakeFiles/msa.dir/home/pacmat/pico/pico-sdk/src/rp2_common/pico_stdio/stdio.c.obj
 .ARM.attributes
                0x00000000000005f0       0x2c CMakeFiles/msa.dir/home/pacmat/pico/pico-sdk/src/rp2_common/pico_stdio_uart/stdio_uart.c.obj
 .ARM.attributes
                0x000000000000061c       0x2c CMakeFiles/msa.dir/home/pacmat/pico/pico-sdk/src/rp2_common/pico_stdio_usb/reset_interface.c.obj
 .ARM.attributes
                0x0000000000000648       0x2c CMakeFiles/msa.dir/home/pacmat/pico/pico-sdk/src/rp2_common/pico_stdio_usb/stdio_usb.c.obj
 .ARM.attributes
                0x0000000000000674       0x2c CMakeFiles/msa.dir/home/pacmat/pico/pico-sdk/src/rp2_common/pico_stdio_usb/stdio_usb_descriptors.c.obj
 .ARM.attributes
                0x00000000000006a0       0x2c CMakeFiles/msa.dir/home/pacmat/pico/pico-sdk/src/rp2_common/pico_unique_id/unique_id.c.obj
 .ARM.attributes
                0x00000000000006cc       0x2c CMakeFiles/msa.dir/home/pacmat/pico/pico-sdk/src/rp2_common/hardware_flash/flash.c.obj
 .ARM.attributes
                0x00000000000006f8       0x2c CMakeFiles/msa.dir/home/pacmat/pico/pico-sdk/lib/tinyusb/src/portable/raspberrypi/rp2040/dcd_rp2040.c.obj
 .ARM.attributes
                0x0000000000000724       0x2c CMakeFiles/msa.dir/home/pacmat/pico/pico-sdk/lib/tinyusb/src/portable/raspberrypi/rp2040/rp2040_usb.c.obj
 .ARM.attributes
                0x0000000000000750       0x2c CMakeFiles/msa.dir/home/pacmat/pico/pico-sdk/lib/tinyusb/src/device/usbd.c.obj
 .ARM.attributes
                0x000000000000077c       0x2c CMakeFiles/msa.dir/home/pacmat/pico/pico-sdk/lib/tinyusb/src/device/usbd_control.c.obj
 .ARM.attributes
                0x00000000000007a8       0x2c CMakeFiles/msa.dir/home/pacmat/pico/pico-sdk/lib/tinyusb/src/class/cdc/cdc_device.c.obj
 .ARM.attributes
                0x00000000000007d4       0x2c CMakeFiles/msa.dir/home/pacmat/pico/pico-sdk/lib/tinyusb/src/tusb.c.obj
 .ARM.attributes
                0x0000000000000800       0x2c CMakeFiles/msa.dir/home/pacmat/pico/pico-sdk/lib/tinyusb/src/common/tusb_fifo.c.obj
 .ARM.attributes
                0x000000000000082c       0x2c CMakeFiles/msa.dir/home/pacmat/pico/pico-sdk/src/rp2_common/hardware_i2c/i2c.c.obj
 .ARM.attributes
                0x0000000000000858       0x2c ssd1306_display/libssd1306_display.a(ssd1306_display.c.obj)
 .ARM.attributes
                0x0000000000000884       0x22 /tmp/cc1GD8Ig.o
 .ARM.attributes
                0x00000000000008a6       0x1e /usr/lib/gcc/arm-none-eabi/10.3.1/thumb/v6-m/nofp/libgcc.a(_dvmd_tls.o)
 .ARM.attributes
                0x00000000000008c4       0x2c /usr/lib/gcc/arm-none-eabi/10.3.1/../../../arm-none-eabi/lib/thumb/v6-m/nofp/libc.a(lib_a-ctype_.o)
 .ARM.attributes
                0x00000000000008f0       0x2c /usr/lib/gcc/arm-none-eabi/10.3.1/../../../arm-none-eabi/lib/thumb/v6-m/nofp/libc.a(lib_a-impure.o)
 .ARM.attributes
                0x000000000000091c       0x2c /usr/lib/gcc/arm-none-eabi/10.3.1/../../../arm-none-eabi/lib/thumb/v6-m/nofp/libc.a(lib_a-malloc.o)
 .ARM.attributes